 windowsapi

 Timestamp is 5a4bc8ae (Wed Jan 03 02:00:14 2018)

 Preferred load address is 10000000

 Start         Length     Name                   Class
 0001:00000000 00000000H .text$di                CODE
 0001:00000000 0000d7dbH .text$mn                CODE
 0001:0000d7db 00000000H .text$x                 CODE
 0001:0000d7e0 00000000H .text$yd                CODE
 0002:00000000 0000018cH .idata$5                DATA
 0002:0000018c 00000004H .CRT$XCA                DATA
 0002:00000190 00000004H .CRT$XCU                DATA
 0002:00000194 00000004H .CRT$XCZ                DATA
 0002:00000198 00000004H .CRT$XIA                DATA
 0002:0000019c 00000010H .CRT$XIC                DATA
 0002:000001ac 00000004H .CRT$XIZ                DATA
 0002:000001b0 00000004H .CRT$XPA                DATA
 0002:000001b4 00000008H .CRT$XPX                DATA
 0002:000001bc 00000004H .CRT$XPXA               DATA
 0002:000001c0 00000004H .CRT$XPZ                DATA
 0002:000001c4 00000004H .CRT$XTA                DATA
 0002:000001c8 00000004H .CRT$XTZ                DATA
 0002:000001d0 00005490H .rdata                  DATA
 0002:00005660 00000060H .rdata$debug            DATA
 0002:000056c0 00000000H .rdata$r                DATA
 0002:000056c0 0000000cH .rdata$sxdata           DATA
 0002:000056cc 00000004H .rtc$IAA                DATA
 0002:000056d0 00000004H .rtc$IZZ                DATA
 0002:000056d4 00000004H .rtc$TAA                DATA
 0002:000056d8 00000004H .rtc$TZZ                DATA
 0002:000056e0 00000354H .xdata$x                DATA
 0002:00005a40 00000058H .edata                  DATA
 0002:00005a98 0000003cH .idata$2                DATA
 0002:00005ad4 00000014H .idata$3                DATA
 0002:00005ae8 0000018cH .idata$4                DATA
 0002:00005c74 00000a36H .idata$6                DATA
 0003:00000000 000011f0H .data                   DATA
 0003:000011f0 00000000H .data$r                 DATA
 0003:00001200 00001ee0H .bss                    DATA
 0004:00000000 00000058H .rsrc$01                DATA
 0004:00000060 00000180H .rsrc$02                DATA

  Address         Publics by Value              Rva+Base       Lib:Object

 0000:00000000       __except_list              00000000     <absolute>
 0000:00000000       ___guard_fids_count        00000000     <absolute>
 0000:00000000       ___guard_fids_table        00000000     <absolute>
 0000:00000000       ___guard_flags             00000000     <absolute>
 0000:00000003       ___safe_se_handler_count   00000003     <absolute>
 0000:00000000       ___ImageBase               10000000     <linker-defined>
 0001:00000000       ?NODE_SET_METHOD@node@@YAXV?$Local@VObject@v8@@@v8@@PBDP6AXABV?$FunctionCallbackInfo@VValue@v8@@@3@@Z@Z 10001000 f i api.obj
 0001:000000a0       ?Method@demo@@YAXABV?$FunctionCallbackInfo@VValue@v8@@@v8@@@Z 100010a0 f   api.obj
 0001:00000130       ?Method1@demo@@YAXABV?$FunctionCallbackInfo@VValue@v8@@@v8@@@Z 10001130 f   api.obj
 0001:00000240       ?GetWndHwnd@demo@@YAXABV?$FunctionCallbackInfo@VValue@v8@@@v8@@@Z 10001240 f   api.obj
 0001:00000300       ?MySetWindowTextA@demo@@YAXABV?$FunctionCallbackInfo@VValue@v8@@@v8@@@Z 10001300 f   api.obj
 0001:000003f0       ?MyGetWindowTextA@demo@@YAXABV?$FunctionCallbackInfo@VValue@v8@@@v8@@@Z 100013f0 f   api.obj
 0001:000004b0       ?MyGetWindowRect@demo@@YAXABV?$FunctionCallbackInfo@VValue@v8@@@v8@@@Z 100014b0 f   api.obj
 0001:000006a0       ?GetRealWndHwnd@demo@@YAXABV?$FunctionCallbackInfo@VValue@v8@@@v8@@@Z 100016a0 f   api.obj
 0001:00000780       ?getWndPid@demo@@YAXABV?$FunctionCallbackInfo@VValue@v8@@@v8@@@Z 10001780 f   api.obj
 0001:00000850       ?SearchInt@demo@@YAXABV?$FunctionCallbackInfo@VValue@v8@@@v8@@@Z 10001850 f   api.obj
 0001:00000a60       ?MyReadProcessMemory@demo@@YAXABV?$FunctionCallbackInfo@VValue@v8@@@v8@@@Z 10001a60 f   api.obj
 0001:00000ba0       ?GetModelHandle@demo@@YAXABV?$FunctionCallbackInfo@VValue@v8@@@v8@@@Z 10001ba0 f   api.obj
 0001:00000c60       ?RunCallback@demo@@YAXABV?$FunctionCallbackInfo@VValue@v8@@@v8@@@Z 10001c60 f   api.obj
 0001:00000cf0       ?MySetCursorPos@demo@@YAXABV?$FunctionCallbackInfo@VValue@v8@@@v8@@@Z 10001cf0 f   api.obj
 0001:00000db0       ?MouseRClick@demo@@YAXABV?$FunctionCallbackInfo@VValue@v8@@@v8@@@Z 10001db0 f   api.obj
 0001:00000df0       ?init@demo@@YAXV?$Local@VObject@v8@@@v8@@@Z 10001df0 f   api.obj
 0001:00000f30       ?GetModulesBasePoint@windows@@YAPAUHINSTANCE__@@KPAD@Z 10001f30 f   windowsapi.obj
 0001:00001020       ?MyEnumProc@windows@@YGHPAUHWND__@@J@Z 10002020 f   windowsapi.obj
 0001:00001060       ?GetWndHwnd@windows@@YAPAUHWND__@@PBD@Z 10002060 f   windowsapi.obj
 0001:00001162       @__security_check_cookie@4 10002162 f   LIBCMT:secchk.obj
 0001:00001180       _memmove                   10002180 f   LIBCMT:memmove.obj
 0001:000017c4       _free                      100027c4 f   LIBCMT:free.obj
 0001:000017fc       _malloc                    100027fc f   LIBCMT:malloc.obj
 0001:0000188e       ___onexitinit              1000288e f   LIBCMT:onexit.obj
 0001:000018bd       __onexit                   100028bd f   LIBCMT:onexit.obj
 0001:000019b9       _atexit                    100029b9 f   LIBCMT:onexit.obj
 0001:000019ce       __get_printf_count_output  100029ce f   LIBCMT:printf.obj
 0001:000019e3       _printf                    100029e3 f   LIBCMT:printf.obj
 0001:00001a92       ??3@YAXPAX@Z               10002a92 f   LIBCMT:delete.obj
 0001:00001a97       ??0_LocaleUpdate@@QAE@PAUlocaleinfo_struct@@@Z 10002a97 f i LIBCMT:stricmp.obj
 0001:00001b1f       __CRT_INIT@12              10002b1f f   LIBCMT:dllcrt0.obj
 0001:00001c91       __DllMainCRTStartup@12     10002c91 f   LIBCMT:dllcrt0.obj
 0001:00001dc2       ___DllXcptFilter           10002dc2 f   LIBCMT:dllcrt0.obj
 0001:00001df0       _memcpy                    10002df0 f   LIBCMT:memcpy.obj
 0001:00002440       _strlen                    10003440 f   LIBCMT:strlen.obj
 0001:000024cb       ?_CallMemberFunction0@@YGXPAX0@Z 100034cb f   LIBCMT:_trnsctrl_.obj
 0001:000024d2       __fpmath                   100034d2 f   LIBCMT:fpinit.obj
 0001:000024e9       __cfltcvt_init             100034e9 f   LIBCMT:fpinit.obj
 0001:00002549       ___raise_securityfailure   10003549 f   LIBCMT:gs_report.obj
 0001:00002586       ___report_gsfailure        10003586 f   LIBCMT:gs_report.obj
 0001:00002681       ___isa_available_init      10003681 f   LIBCMT:cpu_disp.obj
 0001:000027fa       ___doserrno                100037fa f   LIBCMT:dosmap.obj
 0001:0000280d       __dosmaperr                1000380d f   LIBCMT:dosmap.obj
 0001:0000282e       __errno                    1000382e f   LIBCMT:dosmap.obj
 0001:00002841       __get_errno_from_oserr     10003841 f   LIBCMT:dosmap.obj
 0001:00002882       __heap_init                10003882 f   LIBCMT:heapinit.obj
 0001:00002897       __heap_term                10003897 f   LIBCMT:heapinit.obj
 0001:0000289f       __callnewh                 1000389f f   LIBCMT:handler.obj
 0001:000028c5       __initp_heap_handler       100038c5 f   LIBCMT:handler.obj
 0001:000028d2       ___crtCorExitProcess       100038d2 f   LIBCMT:crt0dat.obj
 0001:00002906       ___crtExitProcess          10003906 f   LIBCMT:crt0dat.obj
 0001:0000291c       ___freeCrtMemory           1000391c f   LIBCMT:crt0dat.obj
 0001:00002a29       __amsg_exit                10003a29 f   LIBCMT:crt0dat.obj
 0001:00002a45       __cexit                    10003a45 f   LIBCMT:crt0dat.obj
 0001:00002a54       __cinit                    10003a54 f   LIBCMT:crt0dat.obj
 0001:00002ad8       __exit                     10003ad8 f   LIBCMT:crt0dat.obj
 0001:00002aec       __init_pointers            10003aec f   LIBCMT:crt0dat.obj
 0001:00002b5a       __initterm_e               10003b5a f   LIBCMT:crt0dat.obj
 0001:00002b7c       __lockexit                 10003b7c f   LIBCMT:crt0dat.obj
 0001:00002b85       __unlockexit               10003b85 f   LIBCMT:crt0dat.obj
 0001:00002cbd       __FF_MSGBANNER             10003cbd f   LIBCMT:crt0msg.obj
 0001:00002cf6       __GET_RTERRMSG             10003cf6 f   LIBCMT:crt0msg.obj
 0001:00002d1a       __NMSG_WRITE               10003d1a f   LIBCMT:crt0msg.obj
 0001:00002ed7       __msize                    10003ed7 f   LIBCMT:msize.obj
 0001:00002f08       __calloc_crt               10003f08 f   LIBCMT:crtheap.obj
 0001:00002f50       __malloc_crt               10003f50 f   LIBCMT:crtheap.obj
 0001:00002f97       __realloc_crt              10003f97 f   LIBCMT:crtheap.obj
 0001:00002ff0       __SEH_prolog4              10003ff0 f   LIBCMT:sehprolg4.obj
 0001:00003035       __SEH_epilog4              10004035 f   LIBCMT:sehprolg4.obj
 0001:00003050       __except_handler4          10004050 f   LIBCMT:chandler4.obj
 0001:000031e4       __call_reportfault         100041e4 f   LIBCMT:invarg.obj
 0001:00003309       __initp_misc_invarg        10004309 f   LIBCMT:invarg.obj
 0001:00003316       __invalid_parameter        10004316 f   LIBCMT:invarg.obj
 0001:00003341       __invalid_parameter_noinfo 10004341 f   LIBCMT:invarg.obj
 0001:00003351       __invoke_watson            10004351 f   LIBCMT:invarg.obj
 0001:0000337c       ___initstdio               1000437c f   LIBCMT:_file.obj
 0001:000033ef       ___endstdio                100043ef f   LIBCMT:_file.obj
 0001:00003416       ___iob_func                10004416 f   LIBCMT:_file.obj
 0001:0000341c       __lock_file                1000441c f   LIBCMT:_file.obj
 0001:0000345b       __lock_file2               1000445b f   LIBCMT:_file.obj
 0001:0000348b       __unlock_file              1000448b f   LIBCMT:_file.obj
 0001:000034c5       __unlock_file2             100044c5 f   LIBCMT:_file.obj
 0001:000034f2       __ftbuf                    100044f2 f   LIBCMT:_sftbuf.obj
 0001:00003523       __stbuf                    10004523 f   LIBCMT:_sftbuf.obj
 0001:000035c9       __output_l                 100045c9 f   LIBCMT:output.obj
 0001:00004235       _abort                     10005235 f   LIBCMT:abort.obj
 0001:00004278       __initp_misc_purevirt      10005278 f   LIBCMT:inithelp.obj
 0001:00004290       __CIsqrt                   10005290 f   LIBCMT:sqrt.obj
 0001:000042a4       _sqrt                      100052a4     LIBCMT:sqrt.obj
 0001:0000434a       __decomp                   1000534a f   LIBCMT:util.obj
 0001:0000441c       __set_exp                  1000541c f   LIBCMT:util.obj
 0001:0000444b       __errcode                  1000544b f   LIBCMT:fpexcept.obj
 0001:0000447d       __except1                  1000547d f   LIBCMT:fpexcept.obj
 0001:00004545       __handle_exc               10005545 f   LIBCMT:fpexcept.obj
 0001:00004723       __raise_exc                10005723 f   LIBCMT:fpexcept.obj
 0001:00004744       __raise_exc_ex             10005744 f   LIBCMT:fpexcept.obj
 0001:00004a29       __set_errno_from_matherr   10005a29 f   LIBCMT:fpexcept.obj
 0001:00004a56       __umatherr                 10005a56 f   LIBCMT:fpexcept.obj
 0001:00004af6       ___set_fpsr_sse2           10005af6 f   LIBCMT:fpctrl.obj
 0001:00004b6c       __clrfp                    10005b6c f   LIBCMT:fpctrl.obj
 0001:00004b7d       __ctrlfp                   10005b7d f   LIBCMT:fpctrl.obj
 0001:00004ba8       __set_statfp               10005ba8 f   LIBCMT:fpctrl.obj
 0001:00004c00       __statfp                   10005c00 f   LIBCMT:fpctrl.obj
 0001:00004c10       ___addlocaleref            10005c10 f   LIBCMT:localref.obj
 0001:00004ca5       ___freetlocinfo            10005ca5 f   LIBCMT:localref.obj
 0001:00004dff       ___removelocaleref         10005dff f   LIBCMT:localref.obj
 0001:00004e9f       ___updatetlocinfo          10005e9f f   LIBCMT:localref.obj
 0001:00004f1f       __updatetlocinfoEx_nolock  10005f1f f   LIBCMT:localref.obj
 0001:00004f6a       ___initmbctable            10005f6a f   LIBCMT:mbctype.obj
 0001:00005221       ___updatetmbcinfo          10006221 f   LIBCMT:mbctype.obj
 0001:000052c7       __setmbcp                  100062c7 f   LIBCMT:mbctype.obj
 0001:0000546f       __setmbcp_nolock           1000646f f   LIBCMT:mbctype.obj
 0001:0000565a       __tolower_l                1000665a f   LIBCMT:tolower.obj
 0001:0000579d       _tolower                   1000679d f   LIBCMT:tolower.obj
 0001:000057c9       __freefls@4                100067c9 f   LIBCMT:tidtable.obj
 0001:000058fe       __freeptd                  100068fe f   LIBCMT:tidtable.obj
 0001:00005934       __getptd                   10006934 f   LIBCMT:tidtable.obj
 0001:0000594c       __getptd_noexit            1000694c f   LIBCMT:tidtable.obj
 0001:000059bb       __initptd                  100069bb f   LIBCMT:tidtable.obj
 0001:00005a6e       __mtinit                   10006a6e f   LIBCMT:tidtable.obj
 0001:00005ae4       __mtterm                   10006ae4 f   LIBCMT:tidtable.obj
 0001:00005b01       __locterm                  10006b01 f   LIBCMT:wsetloca.obj
 0001:00005b53       __XcptFilter               10006b53 f   LIBCMT:winxfltr.obj
 0001:00005cae       ___CppXcptFilter           10006cae f   LIBCMT:winxfltr.obj
 0001:00005ccc       __ioinit                   10006ccc f   LIBCMT:ioinit.obj
 0001:00005f80       __ioterm                   10006f80 f   LIBCMT:ioinit.obj
 0001:00005fd4       __setargv                  10006fd4 f   LIBCMT:stdargv.obj
 0001:00006203       __setenvp                  10007203 f   LIBCMT:stdenvp.obj
 0001:000062e4       ___security_init_cookie    100072e4 f   LIBCMT:gs_support.obj
 0001:00006380       _DllMain@12                10007380 f   LIBCMT:dllmain.obj
 0001:00006386       ___crtGetEnvironmentStringsA 10007386 f   LIBCMT:a_env.obj
 0001:00006413       ___crtFlsAlloc             10007413 f   LIBCMT:winapisupp.obj
 0001:00006431       ___crtFlsFree              10007431 f   LIBCMT:winapisupp.obj
 0001:00006450       ___crtFlsGetValue          10007450 f   LIBCMT:winapisupp.obj
 0001:0000646f       ___crtFlsSetValue          1000746f f   LIBCMT:winapisupp.obj
 0001:00006491       ___crtInitializeCriticalSectionEx 10007491 f   LIBCMT:winapisupp.obj
 0001:000064bf       ___crtIsPackagedApp        100074bf f   LIBCMT:winapisupp.obj
 0001:000064ff       ___crtLoadWinApiPointers   100074ff f   LIBCMT:winapisupp.obj
 0001:0000678a       ___crtSleep                1000778a f   LIBCMT:winapisupp.obj
 0001:00006798       ___crtTerminateProcess     10007798 f   LIBCMT:winapisupp.obj
 0001:000067ad       ___crtUnhandledException   100077ad f   LIBCMT:winapisupp.obj
 0001:000067c3       __RTC_Initialize           100077c3 f   LIBCMT:initsect.obj
 0001:000067e3       __RTC_Terminate            100077e3 f   LIBCMT:initsect.obj
 0001:00006810       __CallSettingFrame@12      10007810 f   LIBCMT:lowhelpr.obj
 0001:00006837       __NLG_Return               10007837     LIBCMT:lowhelpr.obj
 0001:0000685c       ?terminate@@YAXXZ          1000785c f   LIBCMT:hooks.obj
 0001:00006890       __initp_eh_hooks           10007890 f   LIBCMT:hooks.obj
 0001:000068a1       ___DestructExceptionObject 100078a1 f   LIBCMT:frame.obj
 0001:00006930       _strcmp                    10007930 f   LIBCMT:strcmp.obj
 0001:000069bc       __cfltcvt                  100079bc f   LIBCMT:cvt.obj
 0001:000069dd       __cfltcvt_l                100079dd f   LIBCMT:cvt.obj
 0001:00006a63       __cftoa_l                  10007a63 f   LIBCMT:cvt.obj
 0001:00006dbf       __cftoe                    10007dbf f   LIBCMT:cvt.obj
 0001:00006f2e       __cftoe_l                  10007f2e f   LIBCMT:cvt.obj
 0001:000070e8       __cftof_l                  100080e8 f   LIBCMT:cvt.obj
 0001:000071a9       __cftog_l                  100081a9 f   LIBCMT:cvt.obj
 0001:000072a8       __cropzeros                100082a8 f   LIBCMT:cvt.obj
 0001:000072b9       __cropzeros_l              100082b9 f   LIBCMT:cvt.obj
 0001:00007339       __fassign                  10008339 f   LIBCMT:cvt.obj
 0001:00007351       __fassign_l                10008351 f   LIBCMT:cvt.obj
 0001:00007393       __forcdecpt                10008393 f   LIBCMT:cvt.obj
 0001:000073a4       __forcdecpt_l              100083a4 f   LIBCMT:cvt.obj
 0001:00007418       __positive                 10008418 f   LIBCMT:cvt.obj
 0001:0000745a       __setdefaultprecision      1000845a f   LIBCMT:fp8.obj
 0001:00007481       __initp_misc_cfltcvt_tab   10008481 f   LIBCMT:cmiscdat.obj
 0001:000074a0       _strcpy_s                  100084a0 f   LIBCMT:strcpy_s.obj
 0001:000074f5       __crt_debugger_hook        100084f5 f   LIBCMT:dbghook.obj
 0001:000074fd       __lock                     100084fd f   LIBCMT:mlock.obj
 0001:00007531       __mtdeletelocks            10008531 f   LIBCMT:mlock.obj
 0001:00007585       __mtinitlocknum            10008585 f   LIBCMT:mlock.obj
 0001:0000762e       __mtinitlocks              1000862e f   LIBCMT:mlock.obj
 0001:00007667       __unlock                   10008667 f   LIBCMT:mlock.obj
 0001:00007680       __FindPESection            10008680 f   LIBCMT:pesect.obj
 0001:000076d0       __IsNonwritableInCurrentImage 100086d0 f   LIBCMT:pesect.obj
 0001:00007790       __ValidateImageBase        10008790 f   LIBCMT:pesect.obj
 0001:000077c1       ___get_sigabrt             100087c1 f   LIBCMT:winsig.obj
 0001:000077ce       __initp_misc_winsig        100087ce f   LIBCMT:winsig.obj
 0001:000077ea       _raise                     100087ea f   LIBCMT:winsig.obj
 0001:000079df       __initp_misc_rand_s        100089df f   LIBCMT:rand_s.obj
 0001:000079ec       _wcscat_s                  100089ec f   LIBCMT:wcscat_s.obj
 0001:00007a58       _wcscpy_s                  10008a58 f   LIBCMT:wcscpy_s.obj
 0001:00007ab4       _wcslen                    10008ab4 f   LIBCMT:wcslen.obj
 0001:00007acd       _wcsncpy_s                 10008acd f   LIBCMT:wcsncpy_s.obj
 0001:00007b8b       __set_error_mode           10008b8b f   LIBCMT:errmode.obj
 0001:00007bcb       ___crtMessageBoxW          10008bcb f   LIBCMT:crtmboxw.obj
 0001:00007db1       _realloc                   10008db1 f   LIBCMT:realloc.obj
 0001:00007e5c       __calloc_impl              10008e5c f   LIBCMT:calloc_impl.obj
 0001:00007ee0       __local_unwind4            10008ee0 f   LIBCMT:exsup4.obj
 0001:00007fb6       __seh_longjmp_unwind4@4    10008fb6 f   LIBCMT:exsup4.obj
 0001:00007fd2       @_EH4_CallFilterFunc@8     10008fd2 f   LIBCMT:exsup4.obj
 0001:00007fe9       @_EH4_TransferToHandler@8  10008fe9 f   LIBCMT:exsup4.obj
 0001:00008002       @_EH4_GlobalUnwind2@8      10009002 f   LIBCMT:exsup4.obj
 0001:0000801b       @_EH4_LocalUnwind@16       1000901b f   LIBCMT:exsup4.obj
 0001:00008040       _memset                    10009040 f   LIBCMT:memset.obj
 0001:000080d0       __fcloseall                100090d0 f   LIBCMT:closeall.obj
 0001:0000816d       __fflush_nolock            1000916d f   LIBCMT:fflush.obj
 0001:000081b3       __flush                    100091b3 f   LIBCMT:fflush.obj
 0001:00008217       __flushall                 10009217 f   LIBCMT:fflush.obj
 0001:00008304       __fileno                   10009304 f   LIBCMT:fileno.obj
 0001:00008328       __isatty                   10009328 f   LIBCMT:isatty.obj
 0001:0000837c       __isleadbyte_l             1000937c f i LIBCMT:_wctype.obj
 0001:000083b6       _isleadbyte                100093b6 f i LIBCMT:_wctype.obj
 0001:000083c7       __flsbuf                   100093c7 f   LIBCMT:_flsbuf.obj
 0001:00008516       __wctomb_s_l               10009516 f   LIBCMT:wctomb.obj
 0001:0000863a       _wctomb_s                  1000963a f   LIBCMT:wctomb.obj
 0001:00008660       __aulldvrm                 10009660 f   LIBCMT:ulldvrm.obj
 0001:000086f5       __freea                    100096f5 f i LIBCMT:a_loc.obj
 0001:00008713       _GetTableIndexFromLocaleName 10009713 f   LIBCMT:winapinls.obj
 0001:00008761       ___crtDownlevelLocaleNameToLCID 10009761 f   LIBCMT:winapinls.obj
 0001:0000878b       ___crtLCMapStringEx        1000978b f   LIBCMT:winapinls.obj
 0001:000087d7       ___wcsnicmp_ascii          100097d7 f   LIBCMT:winapinls.obj
 0001:00008850       __trandisp1                10009850 f   LIBCMT:87disp.obj
 0001:000088b7       __trandisp2                100098b7 f   LIBCMT:87disp.obj
 0001:00008943       __rttospopde               10009943     LIBCMT:87disp.obj
 0001:00008948       __rttospop                 10009948     LIBCMT:87disp.obj
 0001:0000894a       __rtnospop                 1000994a     LIBCMT:87disp.obj
 0001:0000894c       __rttosnpop                1000994c     LIBCMT:87disp.obj
 0001:0000894d       __rtnospopde               1000994d     LIBCMT:87disp.obj
 0001:00008954       __rtzeropop                10009954     LIBCMT:87disp.obj
 0001:00008956       __rtzeronpop               10009956     LIBCMT:87disp.obj
 0001:0000895b       __rtonepop                 1000995b     LIBCMT:87disp.obj
 0001:0000895d       __rtonenpop                1000995d     LIBCMT:87disp.obj
 0001:00008962       __tosnan1                  10009962     LIBCMT:87disp.obj
 0001:0000898d       __nosnan2                  1000998d     LIBCMT:87disp.obj
 0001:0000898f       __tosnan2                  1000998f     LIBCMT:87disp.obj
 0001:000089b7       __nan2                     100099b7     LIBCMT:87disp.obj
 0001:000089f6       __rtindfpop                100099f6     LIBCMT:87disp.obj
 0001:000089f8       __rtindfnpop               100099f8     LIBCMT:87disp.obj
 0001:00008a09       __rttosnpopde              10009a09     LIBCMT:87disp.obj
 0001:00008a13       __rtchsifneg               10009a13     LIBCMT:87disp.obj
 0001:00008a20       __startTwoArgErrorHandling 10009a20 f   LIBCMT:genexcep.obj
 0001:00008a37       __startOneArgErrorHandling 10009a37 f   LIBCMT:genexcep.obj
 0001:00008a80       __twoToTOS                 10009a80 f   LIBCMT:common.obj
 0001:00008a95       __load_CW                  10009a95 f   LIBCMT:common.obj
 0001:00008aac       __convertTOStoQNaN         10009aac f   LIBCMT:common.obj
 0001:00008ac5       __fload_withFB             10009ac5 f   LIBCMT:common.obj
 0001:00008b08       __checkTOS_withFB          10009b08 f   LIBCMT:common.obj
 0001:00008b1e       __fast_exit                10009b1e f   LIBCMT:common.obj
 0001:00008b2b       __math_exit                10009b2b f   LIBCMT:common.obj
 0001:00008b55       __check_overflow_exit      10009b55 f   LIBCMT:common.obj
 0001:00008b69       __check_range_exit         10009b69 f   LIBCMT:common.obj
 0001:00008c0c       __matherr                  10009c0c f   LIBCMT:matherr.obj
 0001:00008c0f       ___free_lconv_mon          10009c0f f   LIBCMT:initmon.obj
 0001:00008d0b       ___free_lconv_num          10009d0b f   LIBCMT:initnum.obj
 0001:00008d72       ___free_lc_time            10009d72 f   LIBCMT:inittime.obj
 0001:000092f6       ___crtLCMapStringA         1000a2f6 f   LIBCMT:a_map.obj
 0001:00009434       ___crtGetStringTypeA       1000a434 f   LIBCMT:a_str.obj
 0001:00009474       __isctype_l                1000a474 f   LIBCMT:isctype.obj
 0001:0000957f       __ismbblead                1000a57f f   LIBCMT:ismbbyte.obj
 0001:000095a0       __global_unwind2           1000a5a0 f   LIBCMT:exsup.obj
 0001:00009605       __local_unwind2            1000a605 f   LIBCMT:exsup.obj
 0001:00009689       __abnormal_termination     1000a689 f   LIBCMT:exsup.obj
 0001:000096ac       __NLG_Notify1              1000a6ac f   LIBCMT:exsup.obj
 0001:000096b5       __NLG_Notify               1000a6b5 f   LIBCMT:exsup.obj
 0001:000096cc       __NLG_Dispatch             1000a6cc     LIBCMT:exsup.obj
 0001:000096cc       __NLG_Dispatch2            1000a6cc     LIBCMT:exsup.obj
 0001:000096d4       __NLG_Call                 1000a6d4 f   LIBCMT:exsup.obj
 0001:000096d6       __NLG_Return2              1000a6d6     LIBCMT:exsup.obj
 0001:000096d7       __isdigit_l                1000a6d7 f i LIBCMT:_ctype.obj
 0001:00009729       _isdigit                   1000a729 f i LIBCMT:_ctype.obj
 0001:00009760       _strrchr                   1000a760 f   LIBCMT:strrchr.obj
 0001:00009897       __fptostr                  1000a897 f   LIBCMT:_fptostr.obj
 0001:00009947       ___crt_atoflt_l            1000a947 f   LIBCMT:atodbl.obj
 0001:000099eb       __atodbl_l                 1000a9eb f   LIBCMT:atodbl.obj
 0001:00009a79       __atoflt_l                 1000aa79 f   LIBCMT:atodbl.obj
 0001:00009a91       ___dtold                   1000aa91 f   LIBCMT:cfout.obj
 0001:00009b59       __fltout2                  1000ab59 f   LIBCMT:cfout.obj
 0001:00009bf0       __alldvrm                  1000abf0 f   LIBCMT:lldvrm.obj
 0001:00009cd0       __aullshr                  1000acd0 f   LIBCMT:ullshr.obj
 0001:00009cef       __controlfp_s              1000acef f   LIBCMT:contrlfp.obj
 0001:00009d4c       __fptrap                   1000ad4c f   LIBCMT:crt0fp.obj
 0001:00009d55       __VEC_memset               1000ad55 f   LIBCMT:p4_memset.obj
 0001:00009e1d       __fclose_nolock            1000ae1d f   LIBCMT:fclose.obj
 0001:00009e89       _fclose                    1000ae89 f   LIBCMT:fclose.obj
 0001:00009f00       __commit                   1000af00 f   LIBCMT:commit.obj
 0001:00009fe9       __write                    1000afe9 f   LIBCMT:write.obj
 0001:0000a0d8       __write_nolock             1000b0d8 f   LIBCMT:write.obj
 0001:0000a93d       __lseeki64                 1000b93d f   LIBCMT:lseeki64.obj
 0001:0000aa39       __lseeki64_nolock          1000ba39 f   LIBCMT:lseeki64.obj
 0001:0000aaac       __getbuf                   1000baac f   LIBCMT:_getbuf.obj
 0001:0000ab00       __alloca_probe_16          1000bb00 f   LIBCMT:alloca16.obj
 0001:0000ab16       __alloca_probe_8           1000bb16     LIBCMT:alloca16.obj
 0001:0000ab2c       __87except                 1000bb2c f   LIBCMT:87except.obj
 0001:0000ac35       __ld12tod                  1000bc35 f   LIBCMT:intrncvt.obj
 0001:0000b1a7       __ld12tof                  1000c1a7 f   LIBCMT:intrncvt.obj
 0001:0000b719       ___strgtold12_l            1000c719 f   LIBCMT:strgtold.obj
 0001:0000bec1       _$I10_OUTPUT               1000cec1 f   LIBCMT:x10fout.obj
 0001:0000c93e       __control87                1000d93e f i LIBCMT:ieee87.obj
 0001:0000ccd7       __close                    1000dcd7 f   LIBCMT:close.obj
 0001:0000cdb2       __close_nolock             1000ddb2 f   LIBCMT:close.obj
 0001:0000ce4c       __freebuf                  1000de4c f   LIBCMT:_freebuf.obj
 0001:0000ce7c       ___lock_fhandle            1000de7c f   LIBCMT:osfinfo.obj
 0001:0000cf0a       __free_osfhnd              1000df0a f   LIBCMT:osfinfo.obj
 0001:0000cf90       __get_osfhandle            1000df90 f   LIBCMT:osfinfo.obj
 0001:0000cff7       __unlock_fhandle           1000dff7 f   LIBCMT:osfinfo.obj
 0001:0000d01d       __mbtowc_l                 1000e01d f   LIBCMT:mbtowc.obj
 0001:0000d112       _mbtowc                    1000e112 f   LIBCMT:mbtowc.obj
 0001:0000d12a       __putwch_nolock            1000e12a f   LIBCMT:putwch.obj
 0001:0000d170       __chkstk                   1000e170 f   LIBCMT:chkstk.obj
 0001:0000d170       __alloca_probe             1000e170 f   LIBCMT:chkstk.obj
 0001:0000d19b       ___mtold12                 1000e19b f   LIBCMT:mantold.obj
 0001:0000d37b       ___termconout              1000e37b f   LIBCMT:initcon.obj
 0001:0000d392       ___initconout              1000e392 f   LIBCMT:initcon.obj
 0001:0000d3c0       __allmul                   1000e3c0 f   LIBCMT:llmul.obj
 0001:0000d400       _RtlUnwind@16              1000e400 f   kernel32:KERNEL32.dll
 0001:0000d406       _IsProcessorFeaturePresent@4 1000e406 f   kernel32:KERNEL32.dll
 0001:0000d410       __ftoui3                   1000e410 f   LIBCMT:ftol3.obj
 0001:0000d41f       __ftoul3                   1000e41f f   LIBCMT:ftol3.obj
 0001:0000d42e       __ftol3                    1000e42e f   LIBCMT:ftol3.obj
 0001:0000d43b       __ftol3_NaN                1000e43b f   LIBCMT:ftol3.obj
 0001:0000d453       __ftol3_work               1000e453 f   LIBCMT:ftol3.obj
 0001:0000d4d9       __ftol3_common             1000e4d9 f   LIBCMT:ftol3.obj
 0001:0000d59b       __ftol3_arg_error          1000e59b f   LIBCMT:ftol3.obj
 0001:0000d5ad       __ftol3_except             1000e5ad f   LIBCMT:ftol3.obj
 0001:0000d5ef       __dtoui3                   1000e5ef f   LIBCMT:ftol3.obj
 0001:0000d5fe       __dtoul3                   1000e5fe f   LIBCMT:ftol3.obj
 0001:0000d60d       __dtol3                    1000e60d f   LIBCMT:ftol3.obj
 0001:0000d61a       __dtol3_NaN                1000e61a f   LIBCMT:ftol3.obj
 0001:0000d637       __dtol3_work               1000e637 f   LIBCMT:ftol3.obj
 0001:0000d71c       __ultod3                   1000e71c f   LIBCMT:ftol3.obj
 0001:0000d7ad       __ltod3                    1000e7ad f   LIBCMT:ftol3.obj
 0002:00000000       __imp__VirtualQueryEx@16   1000f000     kernel32:KERNEL32.dll
 0002:00000004       __imp__OpenProcess@12      1000f004     kernel32:KERNEL32.dll
 0002:00000008       __imp__Sleep@4             1000f008     kernel32:KERNEL32.dll
 0002:0000000c       __imp__ReadProcessMemory@20 1000f00c     kernel32:KERNEL32.dll
 0002:00000010       __imp__Process32First@8    1000f010     kernel32:KERNEL32.dll
 0002:00000014       __imp__K32EnumProcessModules@16 1000f014     kernel32:KERNEL32.dll
 0002:00000018       __imp__Process32Next@8     1000f018     kernel32:KERNEL32.dll
 0002:0000001c       __imp__K32GetModuleBaseNameA@16 1000f01c     kernel32:KERNEL32.dll
 0002:00000020       __imp__CreateToolhelp32Snapshot@8 1000f020     kernel32:KERNEL32.dll
 0002:00000024       __imp__CloseHandle@4       1000f024     kernel32:KERNEL32.dll
 0002:00000028       __imp__WriteConsoleW@20    1000f028     kernel32:KERNEL32.dll
 0002:0000002c       __imp__SetStdHandle@8      1000f02c     kernel32:KERNEL32.dll
 0002:00000030       __imp__SetFilePointerEx@20 1000f030     kernel32:KERNEL32.dll
 0002:00000034       __imp__GetConsoleMode@8    1000f034     kernel32:KERNEL32.dll
 0002:00000038       __imp__GetConsoleCP@0      1000f038     kernel32:KERNEL32.dll
 0002:0000003c       __imp__FlushFileBuffers@4  1000f03c     kernel32:KERNEL32.dll
 0002:00000040       __imp__GetStringTypeW@16   1000f040     kernel32:KERNEL32.dll
 0002:00000044       __imp__LCMapStringW@24     1000f044     kernel32:KERNEL32.dll
 0002:00000048       __imp__HeapReAlloc@16      1000f048     kernel32:KERNEL32.dll
 0002:0000004c       __imp__OutputDebugStringW@4 1000f04c     kernel32:KERNEL32.dll
 0002:00000050       __imp__LoadLibraryExW@12   1000f050     kernel32:KERNEL32.dll
 0002:00000054       __imp__GetModuleHandleW@4  1000f054     kernel32:KERNEL32.dll
 0002:00000058       __imp__TlsFree@4           1000f058     kernel32:KERNEL32.dll
 0002:0000005c       __imp__TlsSetValue@8       1000f05c     kernel32:KERNEL32.dll
 0002:00000060       __imp__TlsGetValue@4       1000f060     kernel32:KERNEL32.dll
 0002:00000064       __imp__TlsAlloc@0          1000f064     kernel32:KERNEL32.dll
 0002:00000068       __imp__TerminateProcess@8  1000f068     kernel32:KERNEL32.dll
 0002:0000006c       __imp__GetCurrentProcess@0 1000f06c     kernel32:KERNEL32.dll
 0002:00000070       __imp__GetLastError@0      1000f070     kernel32:KERNEL32.dll
 0002:00000074       __imp__HeapFree@12         1000f074     kernel32:KERNEL32.dll
 0002:00000078       __imp__HeapAlloc@12        1000f078     kernel32:KERNEL32.dll
 0002:0000007c       __imp__EncodePointer@4     1000f07c     kernel32:KERNEL32.dll
 0002:00000080       __imp__DecodePointer@4     1000f080     kernel32:KERNEL32.dll
 0002:00000084       __imp__GetCommandLineA@0   1000f084     kernel32:KERNEL32.dll
 0002:00000088       __imp__GetCurrentThreadId@0 1000f088     kernel32:KERNEL32.dll
 0002:0000008c       __imp__RaiseException@16   1000f08c     kernel32:KERNEL32.dll
 0002:00000090       __imp__RtlUnwind@16        1000f090     kernel32:KERNEL32.dll
 0002:00000094       __imp__IsDebuggerPresent@0 1000f094     kernel32:KERNEL32.dll
 0002:00000098       __imp__IsProcessorFeaturePresent@4 1000f098     kernel32:KERNEL32.dll
 0002:0000009c       __imp__GetProcessHeap@0    1000f09c     kernel32:KERNEL32.dll
 0002:000000a0       __imp__ExitProcess@4       1000f0a0     kernel32:KERNEL32.dll
 0002:000000a4       __imp__GetModuleHandleExW@12 1000f0a4     kernel32:KERNEL32.dll
 0002:000000a8       __imp__GetProcAddress@8    1000f0a8     kernel32:KERNEL32.dll
 0002:000000ac       __imp__MultiByteToWideChar@24 1000f0ac     kernel32:KERNEL32.dll
 0002:000000b0       __imp__WideCharToMultiByte@32 1000f0b0     kernel32:KERNEL32.dll
 0002:000000b4       __imp__GetStdHandle@4      1000f0b4     kernel32:KERNEL32.dll
 0002:000000b8       __imp__WriteFile@20        1000f0b8     kernel32:KERNEL32.dll
 0002:000000bc       __imp__GetModuleFileNameW@12 1000f0bc     kernel32:KERNEL32.dll
 0002:000000c0       __imp__HeapSize@12         1000f0c0     kernel32:KERNEL32.dll
 0002:000000c4       __imp__EnterCriticalSection@4 1000f0c4     kernel32:KERNEL32.dll
 0002:000000c8       __imp__LeaveCriticalSection@4 1000f0c8     kernel32:KERNEL32.dll
 0002:000000cc       __imp__IsValidCodePage@4   1000f0cc     kernel32:KERNEL32.dll
 0002:000000d0       __imp__GetACP@0            1000f0d0     kernel32:KERNEL32.dll
 0002:000000d4       __imp__GetOEMCP@0          1000f0d4     kernel32:KERNEL32.dll
 0002:000000d8       __imp__GetCPInfo@8         1000f0d8     kernel32:KERNEL32.dll
 0002:000000dc       __imp__SetLastError@4      1000f0dc     kernel32:KERNEL32.dll
 0002:000000e0       __imp__GetFileType@4       1000f0e0     kernel32:KERNEL32.dll
 0002:000000e4       __imp__DeleteCriticalSection@4 1000f0e4     kernel32:KERNEL32.dll
 0002:000000e8       __imp__GetStartupInfoW@4   1000f0e8     kernel32:KERNEL32.dll
 0002:000000ec       __imp__GetModuleFileNameA@12 1000f0ec     kernel32:KERNEL32.dll
 0002:000000f0       __imp__QueryPerformanceCounter@4 1000f0f0     kernel32:KERNEL32.dll
 0002:000000f4       __imp__GetCurrentProcessId@0 1000f0f4     kernel32:KERNEL32.dll
 0002:000000f8       __imp__GetSystemTimeAsFileTime@4 1000f0f8     kernel32:KERNEL32.dll
 0002:000000fc       __imp__GetEnvironmentStringsW@0 1000f0fc     kernel32:KERNEL32.dll
 0002:00000100       __imp__FreeEnvironmentStringsW@4 1000f100     kernel32:KERNEL32.dll
 0002:00000104       __imp__UnhandledExceptionFilter@4 1000f104     kernel32:KERNEL32.dll
 0002:00000108       __imp__SetUnhandledExceptionFilter@4 1000f108     kernel32:KERNEL32.dll
 0002:0000010c       __imp__InitializeCriticalSectionAndSpinCount@8 1000f10c     kernel32:KERNEL32.dll
 0002:00000110       __imp__CreateFileW@28      1000f110     kernel32:KERNEL32.dll
 0002:00000114       \177KERNEL32_NULL_THUNK_DATA 1000f114     kernel32:KERNEL32.dll
 0002:00000118       __imp__mouse_event@20      1000f118     user32:USER32.dll
 0002:0000011c       __imp__SetWindowTextA@8    1000f11c     user32:USER32.dll
 0002:00000120       __imp__SetCursorPos@8      1000f120     user32:USER32.dll
 0002:00000124       __imp__GetWindowTextA@12   1000f124     user32:USER32.dll
 0002:00000128       __imp__FindWindowExA@16    1000f128     user32:USER32.dll
 0002:0000012c       __imp__GetWindowRect@8     1000f12c     user32:USER32.dll
 0002:00000130       __imp__EnumWindows@8       1000f130     user32:USER32.dll
 0002:00000134       __imp__GetWindowThreadProcessId@8 1000f134     user32:USER32.dll
 0002:00000138       \177USER32_NULL_THUNK_DATA 1000f138     user32:USER32.dll
 0002:0000013c       __imp_?New@Object@v8@@SA?AV?$Local@VObject@v8@@@2@PAVIsolate@2@@Z 1000f13c     iojs:node.dll
 0002:00000140       __imp_?Value@Number@v8@@QBENXZ 1000f140     iojs:node.dll
 0002:00000144       __imp_?New@Number@v8@@SA?AV?$Local@VNumber@v8@@@2@PAVIsolate@2@N@Z 1000f144     iojs:node.dll
 0002:00000148       __imp_??0HandleScope@v8@@QAE@PAVIsolate@1@@Z 1000f148     iojs:node.dll
 0002:0000014c       __imp_??1HandleScope@v8@@QAE@XZ 1000f14c     iojs:node.dll
 0002:00000150       __imp_?Set@Object@v8@@QAE_NV?$Local@VValue@v8@@@2@0@Z 1000f150     iojs:node.dll
 0002:00000154       __imp_?NewFromUtf8@String@v8@@SA?AV?$Local@VString@v8@@@2@PAVIsolate@2@PBDW4NewStringType@12@H@Z 1000f154     iojs:node.dll
 0002:00000158       __imp_??0Utf8Value@String@v8@@QAE@V?$Local@VValue@v8@@@2@@Z 1000f158     iojs:node.dll
 0002:0000015c       __imp_??1Utf8Value@String@v8@@QAE@XZ 1000f15c     iojs:node.dll
 0002:00000160       __imp_?New@FunctionTemplate@v8@@SA?AV?$Local@VFunctionTemplate@v8@@@2@PAVIsolate@2@P6AXABV?$FunctionCallbackInfo@VValue@v8@@@2@@ZV?$Local@VValue@v8@@@2@V?$Local@VSignature@v8@@@2@HW4ConstructorBehavior@2@@Z 1000f160     iojs:node.dll
 0002:00000164       __imp_?GetFunction@FunctionTemplate@v8@@QAE?AV?$Local@VFunction@v8@@@2@XZ 1000f164     iojs:node.dll
 0002:00000168       __imp__node_module_register 1000f168     iojs:node.dll
 0002:0000016c       __imp_?New@Integer@v8@@SA?AV?$Local@VInteger@v8@@@2@PAVIsolate@2@H@Z 1000f16c     iojs:node.dll
 0002:00000170       __imp_?SetName@Function@v8@@QAEXV?$Local@VString@v8@@@2@@Z 1000f170     iojs:node.dll
 0002:00000174       __imp_?Call@Function@v8@@QAE?AV?$Local@VValue@v8@@@2@V32@HQAV32@@Z 1000f174     iojs:node.dll
 0002:00000178       __imp_?GetCurrent@Isolate@v8@@SAPAV12@XZ 1000f178     iojs:node.dll
 0002:0000017c       __imp_?ToString@Value@v8@@QBE?AV?$Local@VString@v8@@@2@XZ 1000f17c     iojs:node.dll
 0002:00000180       __imp_?ToNumber@Value@v8@@QBE?AV?$Local@VNumber@v8@@@2@XZ 1000f180     iojs:node.dll
 0002:00000184       __imp_?New@Array@v8@@SA?AV?$Local@VArray@v8@@@2@PAVIsolate@2@H@Z 1000f184     iojs:node.dll
 0002:00000188       \177node_NULL_THUNK_DATA   1000f188     iojs:node.dll
 0002:0000018c       ___xc_a                    1000f18c     LIBCMT:crt0init.obj
 0002:00000190       __register_windowsapi_     1000f190     api.obj
 0002:00000194       ___xc_z                    1000f194     LIBCMT:crt0init.obj
 0002:00000198       ___xi_a                    1000f198     LIBCMT:crt0init.obj
 0002:000001ac       ___xi_z                    1000f1ac     LIBCMT:crt0init.obj
 0002:000001b0       ___xp_a                    1000f1b0     LIBCMT:crt0init.obj
 0002:000001c0       ___xp_z                    1000f1c0     LIBCMT:crt0init.obj
 0002:000001c4       ___xt_a                    1000f1c4     LIBCMT:crt0init.obj
 0002:000001c8       ___xt_z                    1000f1c8     LIBCMT:crt0init.obj
 0002:00000208       ??_C@_0BG@DHPCNBJB@address?5not?5available?$AA@ 1000f208     libcpmt:syserror.obj
 0002:00000220       ??_C@_0BC@DFIBIBIL@already?5connected?$AA@ 1000f220     libcpmt:syserror.obj
 0002:00000234       ??_C@_0BH@CAKOHOMI@argument?5list?5too?5long?$AA@ 1000f234     libcpmt:syserror.obj
 0002:0000024c       ??_C@_0BH@CGIMPKIM@argument?5out?5of?5domain?$AA@ 1000f24c     libcpmt:syserror.obj
 0002:00000264       ??_C@_0M@KGHGGJGL@bad?5address?$AA@ 1000f264     libcpmt:syserror.obj
 0002:00000270       ??_C@_0BE@MPJPGCEO@bad?5file?5descriptor?$AA@ 1000f270     libcpmt:syserror.obj
 0002:00000284       ??_C@_0M@PMMIEFCP@bad?5message?$AA@ 1000f284     libcpmt:syserror.obj
 0002:00000290       ??_C@_0M@KPHOFDBE@broken?5pipe?$AA@ 1000f290     libcpmt:syserror.obj
 0002:0000029c       ??_C@_0BD@MGNDDEGM@connection?5aborted?$AA@ 1000f29c     libcpmt:syserror.obj
 0002:000002b0       ??_C@_0BP@KAIHPOGN@connection?5already?5in?5progress?$AA@ 1000f2b0     libcpmt:syserror.obj
 0002:000002d0       ??_C@_0BD@PJLIIJEL@connection?5refused?$AA@ 1000f2d0     libcpmt:syserror.obj
 0002:000002e4       ??_C@_0BB@IECNJNOI@connection?5reset?$AA@ 1000f2e4     libcpmt:syserror.obj
 0002:000002f8       ??_C@_0BN@KDMIFEIP@destination?5address?5required?$AA@ 1000f2f8     libcpmt:syserror.obj
 0002:00000318       ??_C@_0BI@BNCLIGPB@executable?5format?5error?$AA@ 1000f318     libcpmt:syserror.obj
 0002:00000330       ??_C@_0P@DNAJLBJK@file?5too?5large?$AA@ 1000f330     libcpmt:syserror.obj
 0002:00000340       ??_C@_0BB@DHFDFGDM@host?5unreachable?$AA@ 1000f340     libcpmt:syserror.obj
 0002:00000354       ??_C@_0BD@JPHBMONG@identifier?5removed?$AA@ 1000f354     libcpmt:syserror.obj
 0002:00000368       ??_C@_0BG@CDNPAGJK@illegal?5byte?5sequence?$AA@ 1000f368     libcpmt:syserror.obj
 0002:00000380       ??_C@_0CD@BNPLBMNA@inappropriate?5io?5control?5operati@ 1000f380     libcpmt:syserror.obj
 0002:000003a4       ??_C@_0N@OHAFKDEK@invalid?5seek?$AA@ 1000f3a4     libcpmt:syserror.obj
 0002:000003b4       ??_C@_0P@FLLDBIDK@is?5a?5directory?$AA@ 1000f3b4     libcpmt:syserror.obj
 0002:000003c4       ??_C@_0N@IFLPBIOP@message?5size?$AA@ 1000f3c4     libcpmt:syserror.obj
 0002:000003d4       ??_C@_0N@KIIEAAIO@network?5down?$AA@ 1000f3d4     libcpmt:syserror.obj
 0002:000003e4       ??_C@_0O@FNPDBHEE@network?5reset?$AA@ 1000f3e4     libcpmt:syserror.obj
 0002:000003f4       ??_C@_0BE@IFNCKGE@network?5unreachable?$AA@ 1000f3f4     libcpmt:syserror.obj
 0002:00000408       ??_C@_0BA@PFFCAOFK@no?5buffer?5space?$AA@ 1000f408     libcpmt:syserror.obj
 0002:00000418       ??_C@_0BB@IEPBLJHK@no?5child?5process?$AA@ 1000f418     libcpmt:syserror.obj
 0002:0000042c       ??_C@_07PLECNNKG@no?5link?$AA@ 1000f42c     libcpmt:syserror.obj
 0002:00000434       ??_C@_0BF@PBGGPKKE@no?5message?5available?$AA@ 1000f434     libcpmt:syserror.obj
 0002:0000044c       ??_C@_0L@EDOLMPAK@no?5message?$AA@ 1000f44c     libcpmt:syserror.obj
 0002:00000458       ??_C@_0BD@EAMBFIDF@no?5protocol?5option?$AA@ 1000f458     libcpmt:syserror.obj
 0002:0000046c       ??_C@_0BE@MKFDAFMP@no?5stream?5resources?$AA@ 1000f46c     libcpmt:syserror.obj
 0002:00000480       ??_C@_0BK@IMCPHCBI@no?5such?5device?5or?5address?$AA@ 1000f480     libcpmt:syserror.obj
 0002:0000049c       ??_C@_0BA@ENLPPKBN@no?5such?5process?$AA@ 1000f49c     libcpmt:syserror.obj
 0002:000004ac       ??_C@_0BA@DOCPFFJG@not?5a?5directory?$AA@ 1000f4ac     libcpmt:syserror.obj
 0002:000004bc       ??_C@_0N@POEIPGGF@not?5a?5socket?$AA@ 1000f4bc     libcpmt:syserror.obj
 0002:000004cc       ??_C@_0N@LGAPMMPI@not?5a?5stream?$AA@ 1000f4cc     libcpmt:syserror.obj
 0002:000004dc       ??_C@_0O@GLMIBBEG@not?5connected?$AA@ 1000f4dc     libcpmt:syserror.obj
 0002:000004ec       ??_C@_0O@NHEDABJP@not?5supported?$AA@ 1000f4ec     libcpmt:syserror.obj
 0002:000004fc       ??_C@_0BG@KDKHOPCO@operation?5in?5progress?$AA@ 1000f4fc     libcpmt:syserror.obj
 0002:00000514       ??_C@_0BI@OHIEJAAB@operation?5not?5permitted?$AA@ 1000f514     libcpmt:syserror.obj
 0002:0000052c       ??_C@_0BI@LNEGIFLN@operation?5not?5supported?$AA@ 1000f52c     libcpmt:syserror.obj
 0002:00000544       ??_C@_0BG@OEMDKMEE@operation?5would?5block?$AA@ 1000f544     libcpmt:syserror.obj
 0002:0000055c       ??_C@_0L@BLPOFLNJ@owner?5dead?$AA@ 1000f55c     libcpmt:syserror.obj
 0002:00000568       ??_C@_0P@FNPOCJBE@protocol?5error?$AA@ 1000f568     libcpmt:syserror.obj
 0002:00000578       ??_C@_0BH@JPPPLHJB@protocol?5not?5supported?$AA@ 1000f578     libcpmt:syserror.obj
 0002:00000590       ??_C@_0BG@EICBIHDP@read?5only?5file?5system?$AA@ 1000f590     libcpmt:syserror.obj
 0002:000005a8       ??_C@_0BO@BJBOMOEJ@resource?5deadlock?5would?5occur?$AA@ 1000f5a8     libcpmt:syserror.obj
 0002:000005c8       ??_C@_0BE@GOIPJJHG@result?5out?5of?5range?$AA@ 1000f5c8     libcpmt:syserror.obj
 0002:000005dc       ??_C@_0BG@MPLKFPAE@state?5not?5recoverable?$AA@ 1000f5dc     libcpmt:syserror.obj
 0002:000005f4       ??_C@_0P@DIIFGFCG@stream?5timeout?$AA@ 1000f5f4     libcpmt:syserror.obj
 0002:00000604       ??_C@_0P@IPFDMIFL@text?5file?5busy?$AA@ 1000f604     libcpmt:syserror.obj
 0002:00000614       ??_C@_09KJPPMAOI@timed?5out?$AA@ 1000f614     libcpmt:syserror.obj
 0002:00000620       ??_C@_0BO@HACHBEKI@too?5many?5files?5open?5in?5system?$AA@ 1000f620     libcpmt:syserror.obj
 0002:00000640       ??_C@_0P@HCOMKFCC@too?5many?5links?$AA@ 1000f640     libcpmt:syserror.obj
 0002:00000650       ??_C@_0BO@EFGOJEF@too?5many?5symbolic?5link?5levels?$AA@ 1000f650     libcpmt:syserror.obj
 0002:00000670       ??_C@_0BA@KGKGOOJA@value?5too?5large?$AA@ 1000f670     libcpmt:syserror.obj
 0002:00000680       ??_C@_0BE@MIEJDDNH@wrong?5protocol?5type?$AA@ 1000f680     libcpmt:syserror.obj
 0002:00000b68       ??_C@_0BC@CIJDGCDI@permission?5denied?$AA@ 1000fb68     libcpmt:syserror.obj
 0002:00000b7c       ??_C@_0M@MIDIAGJP@file?5exists?$AA@ 1000fb7c     libcpmt:syserror.obj
 0002:00000b88       ??_C@_0P@FDINDDOK@no?5such?5device?$AA@ 1000fb88     libcpmt:syserror.obj
 0002:00000b98       ??_C@_0BC@EJHOMAAK@filename?5too?5long?$AA@ 1000fb98     libcpmt:syserror.obj
 0002:00000bac       ??_C@_0BI@NGCEHDD@device?5or?5resource?5busy?$AA@ 1000fbac     libcpmt:syserror.obj
 0002:00000bc4       ??_C@_08GLNPIFBN@io?5error?$AA@ 1000fbc4     libcpmt:syserror.obj
 0002:00000bd0       ??_C@_0BE@JIDOCPHM@directory?5not?5empty?$AA@ 1000fbd0     libcpmt:syserror.obj
 0002:00000be4       ??_C@_0BB@FCMFBGOM@invalid?5argument?$AA@ 1000fbe4     libcpmt:syserror.obj
 0002:00000bf8       ??_C@_0BD@IJDJKDEA@no?5space?5on?5device?$AA@ 1000fbf8     libcpmt:syserror.obj
 0002:00000c0c       ??_C@_0BK@NDOCBPGE@no?5such?5file?5or?5directory?$AA@ 1000fc0c     libcpmt:syserror.obj
 0002:00000c28       ??_C@_0BH@KEFGLDAF@function?5not?5supported?$AA@ 1000fc28     libcpmt:syserror.obj
 0002:00000c40       ??_C@_0BC@NJECKMKE@no?5lock?5available?$AA@ 1000fc40     libcpmt:syserror.obj
 0002:00000c54       ??_C@_0BC@ENOOLCNF@not?5enough?5memory?$AA@ 1000fc54     libcpmt:syserror.obj
 0002:00000c68       ??_C@_0BP@LKNGHENJ@resource?5unavailable?5try?5again?$AA@ 1000fc68     libcpmt:syserror.obj
 0002:00000c88       ??_C@_0BC@PPHBOELF@cross?5device?5link?$AA@ 1000fc88     libcpmt:syserror.obj
 0002:00000c9c       ??_C@_0BD@MOLBPMEA@operation?5canceled?$AA@ 1000fc9c     libcpmt:syserror.obj
 0002:00000cb0       ??_C@_0BE@GHAFMPAH@too?5many?5files?5open?$AA@ 1000fcb0     libcpmt:syserror.obj
 0002:00000cc4       ??_C@_0BC@FNODOBAE@permission_denied?$AA@ 1000fcc4     libcpmt:syserror.obj
 0002:00000cd8       ??_C@_0P@LNDJPBFK@address_in_use?$AA@ 1000fcd8     libcpmt:syserror.obj
 0002:00000ce8       ??_C@_0BG@IPMGOJF@address_not_available?$AA@ 1000fce8     libcpmt:syserror.obj
 0002:00000d00       ??_C@_0BN@LCBDHODA@address_family_not_supported?$AA@ 1000fd00     libcpmt:syserror.obj
 0002:00000d20       ??_C@_0BP@FOJJHMCC@connection_already_in_progress?$AA@ 1000fd20     libcpmt:syserror.obj
 0002:00000d40       ??_C@_0BE@DLHHIBGN@bad_file_descriptor?$AA@ 1000fd40     libcpmt:syserror.obj
 0002:00000d54       ??_C@_0BD@OJMJDIGI@connection_aborted?$AA@ 1000fd54     libcpmt:syserror.obj
 0002:00000d68       ??_C@_0BD@NGKCIFEP@connection_refused?$AA@ 1000fd68     libcpmt:syserror.obj
 0002:00000d7c       ??_C@_0BB@JOANDNCK@connection_reset?$AA@ 1000fd7c     libcpmt:syserror.obj
 0002:00000d90       ??_C@_0BN@JLJNLKLK@destination_address_required?$AA@ 1000fd90     libcpmt:syserror.obj
 0002:00000db0       ??_C@_0M@IJGMGFGP@bad_address?$AA@ 1000fdb0     libcpmt:syserror.obj
 0002:00000dbc       ??_C@_0BB@KKNHPPIN@host_unreachable?$AA@ 1000fdbc     libcpmt:syserror.obj
 0002:00000dd0       ??_C@_0BG@DJGBJIIK@operation_in_progress?$AA@ 1000fdd0     libcpmt:syserror.obj
 0002:00000de8       ??_C@_0M@EGEKIIMP@interrupted?$AA@ 1000fde8     libcpmt:syserror.obj
 0002:00000df4       ??_C@_0BB@FFIHMIPJ@invalid_argument?$AA@ 1000fdf4     libcpmt:syserror.obj
 0002:00000e08       ??_C@_0BC@FIFLCHLO@already_connected?$AA@ 1000fe08     libcpmt:syserror.obj
 0002:00000e1c       ??_C@_0BE@GJJJJDDA@too_many_files_open?$AA@ 1000fe1c     libcpmt:syserror.obj
 0002:00000e30       ??_C@_0N@HPMLKHPL@message_size?$AA@ 1000fe30     libcpmt:syserror.obj
 0002:00000e40       ??_C@_0BC@LEEIKBAL@filename_too_long?$AA@ 1000fe40     libcpmt:syserror.obj
 0002:00000e54       ??_C@_0N@FCPALPJK@network_down?$AA@ 1000fe54     libcpmt:syserror.obj
 0002:00000e64       ??_C@_0O@EHNDLHIG@network_reset?$AA@ 1000fe64     libcpmt:syserror.obj
 0002:00000e74       ??_C@_0BE@JFNJIDNF@network_unreachable?$AA@ 1000fe74     libcpmt:syserror.obj
 0002:00000e88       ??_C@_0BA@FDIJKJCL@no_buffer_space?$AA@ 1000fe88     libcpmt:syserror.obj
 0002:00000e98       ??_C@_0BD@JHIHCGKP@no_protocol_option?$AA@ 1000fe98     libcpmt:syserror.obj
 0002:00000eac       ??_C@_0O@GBCLHHD@not_connected?$AA@ 1000feac     libcpmt:syserror.obj
 0002:00000ebc       ??_C@_0N@IMHKKLEM@not_a_socket?$AA@ 1000febc     libcpmt:syserror.obj
 0002:00000ecc       ??_C@_0BI@ICEIDKLJ@operation_not_supported?$AA@ 1000fecc     libcpmt:syserror.obj
 0002:00000ee4       ??_C@_0BH@KAPBAIJF@protocol_not_supported?$AA@ 1000fee4     libcpmt:syserror.obj
 0002:00000efc       ??_C@_0BE@GAOJJFPC@wrong_protocol_type?$AA@ 1000fefc     libcpmt:syserror.obj
 0002:00000f10       ??_C@_09NCHNLHPG@timed_out?$AA@ 1000ff10     libcpmt:syserror.obj
 0002:00000f1c       ??_C@_0BG@GDGHKFDH@operation_would_block?$AA@ 1000ff1c     libcpmt:syserror.obj
 0002:00000f34       ??_C@_0BN@LKKBCCDB@address?5family?5not?5supported?$AA@ 1000ff34     libcpmt:syserror.obj
 0002:00000f54       ??_C@_0P@LDMLAFHI@address?5in?5use?$AA@ 1000ff54     libcpmt:syserror.obj
 0002:00000f64       __pDefaultRawDllMain       1000ff64     LIBCMT:dllcrt0.obj
 0002:00000f64       __pRawDllMain              1000ff64     LIBCMT:dllcrt0.obj
 0002:00000f68       __FPinit                   1000ff68     LIBCMT:fpinit.obj
 0002:00000f74       ??_C@_1BI@BGOHAHKC@?$AAm?$AAs?$AAc?$AAo?$AAr?$AAe?$AAe?$AA?4?$AAd?$AAl?$AAl?$AA?$AA@ 1000ff74     LIBCMT:crt0dat.obj
 0002:00000f8c       ??_C@_0P@MIGLKIOC@CorExitProcess?$AA@ 1000ff8c     LIBCMT:crt0dat.obj
 0002:00001058       ??_C@_1FK@PGACCAFB@?$AAR?$AA6?$AA0?$AA0?$AA2?$AA?$AN?$AA?6?$AA?9?$AA?5?$AAf?$AAl?$AAo?$AAa?$AAt?$AAi?$AAn?$AAg?$AA?5?$AAp?$AAo?$AAi?$AAn?$AAt?$AA?5?$AAs?$AAu?$AAp?$AAp?$AAo?$AAr?$AAt?$AA?5@ 10010058     LIBCMT:crt0msg.obj
 0002:000010b8       ??_C@_1FE@LLNEDJMD@?$AAR?$AA6?$AA0?$AA0?$AA8?$AA?$AN?$AA?6?$AA?9?$AA?5?$AAn?$AAo?$AAt?$AA?5?$AAe?$AAn?$AAo?$AAu?$AAg?$AAh?$AA?5?$AAs?$AAp?$AAa?$AAc?$AAe?$AA?5?$AAf?$AAo?$AAr?$AA?5?$AAa?$AAr@ 100100b8     LIBCMT:crt0msg.obj
 0002:00001110       ??_C@_1FI@HONFMGBI@?$AAR?$AA6?$AA0?$AA0?$AA9?$AA?$AN?$AA?6?$AA?9?$AA?5?$AAn?$AAo?$AAt?$AA?5?$AAe?$AAn?$AAo?$AAu?$AAg?$AAh?$AA?5?$AAs?$AAp?$AAa?$AAc?$AAe?$AA?5?$AAf?$AAo?$AAr?$AA?5?$AAe?$AAn@ 10010110     LIBCMT:crt0msg.obj
 0002:00001168       ??_C@_1EG@BEHAGFJD@?$AAR?$AA6?$AA0?$AA1?$AA0?$AA?$AN?$AA?6?$AA?9?$AA?5?$AAa?$AAb?$AAo?$AAr?$AAt?$AA?$CI?$AA?$CJ?$AA?5?$AAh?$AAa?$AAs?$AA?5?$AAb?$AAe?$AAe?$AAn?$AA?5?$AAc?$AAa?$AAl?$AAl?$AAe?$AAd@ 10010168     LIBCMT:crt0msg.obj
 0002:000011b0       ??_C@_1FI@LOGNIKDM@?$AAR?$AA6?$AA0?$AA1?$AA6?$AA?$AN?$AA?6?$AA?9?$AA?5?$AAn?$AAo?$AAt?$AA?5?$AAe?$AAn?$AAo?$AAu?$AAg?$AAh?$AA?5?$AAs?$AAp?$AAa?$AAc?$AAe?$AA?5?$AAf?$AAo?$AAr?$AA?5?$AAt?$AAh@ 100101b0     LIBCMT:crt0msg.obj
 0002:00001208       ??_C@_1FK@BEOGODMC@?$AAR?$AA6?$AA0?$AA1?$AA7?$AA?$AN?$AA?6?$AA?9?$AA?5?$AAu?$AAn?$AAe?$AAx?$AAp?$AAe?$AAc?$AAt?$AAe?$AAd?$AA?5?$AAm?$AAu?$AAl?$AAt?$AAi?$AAt?$AAh?$AAr?$AAe?$AAa?$AAd?$AA?5@ 10010208     LIBCMT:crt0msg.obj
 0002:00001268       ??_C@_1EC@JIBHAOPH@?$AAR?$AA6?$AA0?$AA1?$AA8?$AA?$AN?$AA?6?$AA?9?$AA?5?$AAu?$AAn?$AAe?$AAx?$AAp?$AAe?$AAc?$AAt?$AAe?$AAd?$AA?5?$AAh?$AAe?$AAa?$AAp?$AA?5?$AAe?$AAr?$AAr?$AAo?$AAr?$AA?$AN?$AA?6@ 10010268     LIBCMT:crt0msg.obj
 0002:000012b0       ??_C@_1FC@ECHBIFBC@?$AAR?$AA6?$AA0?$AA1?$AA9?$AA?$AN?$AA?6?$AA?9?$AA?5?$AAu?$AAn?$AAa?$AAb?$AAl?$AAe?$AA?5?$AAt?$AAo?$AA?5?$AAo?$AAp?$AAe?$AAn?$AA?5?$AAc?$AAo?$AAn?$AAs?$AAo?$AAl?$AAe?$AA?5@ 100102b0     LIBCMT:crt0msg.obj
 0002:00001308       ??_C@_1GK@FHCKBEFA@?$AAR?$AA6?$AA0?$AA2?$AA4?$AA?$AN?$AA?6?$AA?9?$AA?5?$AAn?$AAo?$AAt?$AA?5?$AAe?$AAn?$AAo?$AAu?$AAg?$AAh?$AA?5?$AAs?$AAp?$AAa?$AAc?$AAe?$AA?5?$AAf?$AAo?$AAr?$AA?5?$AA_?$AAo@ 10010308     LIBCMT:crt0msg.obj
 0002:00001378       ??_C@_1EM@MAADIHMB@?$AAR?$AA6?$AA0?$AA2?$AA5?$AA?$AN?$AA?6?$AA?9?$AA?5?$AAp?$AAu?$AAr?$AAe?$AA?5?$AAv?$AAi?$AAr?$AAt?$AAu?$AAa?$AAl?$AA?5?$AAf?$AAu?$AAn?$AAc?$AAt?$AAi?$AAo?$AAn?$AA?5?$AAc@ 10010378     LIBCMT:crt0msg.obj
 0002:000013c8       ??_C@_1GK@MCAAGJMO@?$AAR?$AA6?$AA0?$AA2?$AA6?$AA?$AN?$AA?6?$AA?9?$AA?5?$AAn?$AAo?$AAt?$AA?5?$AAe?$AAn?$AAo?$AAu?$AAg?$AAh?$AA?5?$AAs?$AAp?$AAa?$AAc?$AAe?$AA?5?$AAf?$AAo?$AAr?$AA?5?$AAs?$AAt@ 100103c8     LIBCMT:crt0msg.obj
 0002:00001438       ??_C@_1GK@MFGOKLAG@?$AAR?$AA6?$AA0?$AA2?$AA7?$AA?$AN?$AA?6?$AA?9?$AA?5?$AAn?$AAo?$AAt?$AA?5?$AAe?$AAn?$AAo?$AAu?$AAg?$AAh?$AA?5?$AAs?$AAp?$AAa?$AAc?$AAe?$AA?5?$AAf?$AAo?$AAr?$AA?5?$AAl?$AAo@ 10010438     LIBCMT:crt0msg.obj
 0002:000014a8       ??_C@_1EK@HHFLMAOL@?$AAR?$AA6?$AA0?$AA2?$AA8?$AA?$AN?$AA?6?$AA?9?$AA?5?$AAu?$AAn?$AAa?$AAb?$AAl?$AAe?$AA?5?$AAt?$AAo?$AA?5?$AAi?$AAn?$AAi?$AAt?$AAi?$AAa?$AAl?$AAi?$AAz?$AAe?$AA?5?$AAh?$AAe@ 100104a8     LIBCMT:crt0msg.obj
 0002:000014f4       ??_C@_1DO@BMFCDCD@?$AAR?$AA6?$AA0?$AA3?$AA0?$AA?$AN?$AA?6?$AA?9?$AA?5?$AAC?$AAR?$AAT?$AA?5?$AAn?$AAo?$AAt?$AA?5?$AAi?$AAn?$AAi?$AAt?$AAi?$AAa?$AAl?$AAi?$AAz?$AAe?$AAd?$AA?$AN?$AA?6?$AA?$AA@ 100104f4     LIBCMT:crt0msg.obj
 0002:00001538       ??_C@_1MG@ENCOOIDF@?$AAR?$AA6?$AA0?$AA3?$AA1?$AA?$AN?$AA?6?$AA?9?$AA?5?$AAA?$AAt?$AAt?$AAe?$AAm?$AAp?$AAt?$AA?5?$AAt?$AAo?$AA?5?$AAi?$AAn?$AAi?$AAt?$AAi?$AAa?$AAl?$AAi?$AAz?$AAe?$AA?5?$AAt@ 10010538     LIBCMT:crt0msg.obj
 0002:00001600       ??_C@_1GG@GOPILAJP@?$AAR?$AA6?$AA0?$AA3?$AA2?$AA?$AN?$AA?6?$AA?9?$AA?5?$AAn?$AAo?$AAt?$AA?5?$AAe?$AAn?$AAo?$AAu?$AAg?$AAh?$AA?5?$AAs?$AAp?$AAa?$AAc?$AAe?$AA?5?$AAf?$AAo?$AAr?$AA?5?$AAl?$AAo@ 10010600     LIBCMT:crt0msg.obj
 0002:00001668       ??_C@_1BOO@KGEDBGAJ@?$AAR?$AA6?$AA0?$AA3?$AA3?$AA?$AN?$AA?6?$AA?9?$AA?5?$AAA?$AAt?$AAt?$AAe?$AAm?$AAp?$AAt?$AA?5?$AAt?$AAo?$AA?5?$AAu?$AAs?$AAe?$AA?5?$AAM?$AAS?$AAI?$AAL?$AA?5?$AAc?$AAo?$AAd@ 10010668     LIBCMT:crt0msg.obj
 0002:00001858       ??_C@_1GG@MKFPEKFO@?$AAR?$AA6?$AA0?$AA3?$AA4?$AA?$AN?$AA?6?$AA?9?$AA?5?$AAi?$AAn?$AAc?$AAo?$AAn?$AAs?$AAi?$AAs?$AAt?$AAe?$AAn?$AAt?$AA?5?$AAo?$AAn?$AAe?$AAx?$AAi?$AAt?$AA?5?$AAb?$AAe?$AAg@ 10010858     LIBCMT:crt0msg.obj
 0002:000018c0       ??_C@_1BO@BFCDCGC@?$AAD?$AAO?$AAM?$AAA?$AAI?$AAN?$AA?5?$AAe?$AAr?$AAr?$AAo?$AAr?$AA?$AN?$AA?6?$AA?$AA@ 100108c0     LIBCMT:crt0msg.obj
 0002:000018e0       ??_C@_1BK@KMOMNAAI@?$AAS?$AAI?$AAN?$AAG?$AA?5?$AAe?$AAr?$AAr?$AAo?$AAr?$AA?$AN?$AA?6?$AA?$AA@ 100108e0     LIBCMT:crt0msg.obj
 0002:000018fc       ??_C@_1BM@JBBEPPHI@?$AAT?$AAL?$AAO?$AAS?$AAS?$AA?5?$AAe?$AAr?$AAr?$AAo?$AAr?$AA?$AN?$AA?6?$AA?$AA@ 100108fc     LIBCMT:crt0msg.obj
 0002:00001918       ??_C@_15JNBOKNOG@?$AA?$AN?$AA?6?$AA?$AA@ 10010918     LIBCMT:crt0msg.obj
 0002:00001920       ??_C@_1BO@BKOMIGKJ@?$AAr?$AAu?$AAn?$AAt?$AAi?$AAm?$AAe?$AA?5?$AAe?$AAr?$AAr?$AAo?$AAr?$AA?5?$AA?$AA@ 10010920     LIBCMT:crt0msg.obj
 0002:00001940       ??_C@_1DE@JNGNBFGO@?$AAR?$AAu?$AAn?$AAt?$AAi?$AAm?$AAe?$AA?5?$AAE?$AAr?$AAr?$AAo?$AAr?$AA?$CB?$AA?6?$AA?6?$AAP?$AAr?$AAo?$AAg?$AAr?$AAa?$AAm?$AA?3?$AA?5?$AA?$AA@ 10010940     LIBCMT:crt0msg.obj
 0002:00001974       ??_C@_1CO@EAEJAADC@?$AA?$DM?$AAp?$AAr?$AAo?$AAg?$AAr?$AAa?$AAm?$AA?5?$AAn?$AAa?$AAm?$AAe?$AA?5?$AAu?$AAn?$AAk?$AAn?$AAo?$AAw?$AAn?$AA?$DO?$AA?$AA@ 10010974     LIBCMT:crt0msg.obj
 0002:000019a4       ??_C@_17LGKOMLJ@?$AA?4?$AA?4?$AA?4?$AA?$AA@ 100109a4     LIBCMT:crt0msg.obj
 0002:000019ac       ??_C@_15IABLJNFO@?$AA?6?$AA?6?$AA?$AA@ 100109ac     LIBCMT:crt0msg.obj
 0002:000019b8       ??_C@_1EK@MBDPDCGA@?$AAM?$AAi?$AAc?$AAr?$AAo?$AAs?$AAo?$AAf?$AAt?$AA?5?$AAV?$AAi?$AAs?$AAu?$AAa?$AAl?$AA?5?$AAC?$AA?$CL?$AA?$CL?$AA?5?$AAR?$AAu?$AAn?$AAt?$AAi?$AAm?$AAe?$AA?5?$AAL?$AAi?$AAb@ 100109b8     LIBCMT:crt0msg.obj
 0002:00001a04       ??_C@_06OJHGLDPL@?$CInull?$CJ?$AA@ 10010a04     LIBCMT:output.obj
 0002:00001a0c       ??_C@_1O@CEDCILHN@?$AA?$CI?$AAn?$AAu?$AAl?$AAl?$AA?$CJ?$AA?$AA@ 10010a0c     LIBCMT:output.obj
 0002:00001a20       ___lookuptable             10010a20     LIBCMT:output.obj
 0002:00001a7c       ??_C@_04FJHINJAO@tanh?$AA@ 10010a7c     LIBCMT:fpexcept.obj
 0002:00001a84       ??_C@_04FIHNOPOL@asin?$AA@ 10010a84     LIBCMT:fpexcept.obj
 0002:00001a8c       ??_C@_04PDIFKINK@acos?$AA@ 10010a8c     LIBCMT:fpexcept.obj
 0002:00001a94       ??_C@_04MLLJIGOK@atan?$AA@ 10010a94     LIBCMT:fpexcept.obj
 0002:00001a9c       ??_C@_05KNGEOGJB@atan2?$AA@ 10010a9c     LIBCMT:fpexcept.obj
 0002:00001aa4       ??_C@_04EIAKFFMI@sqrt?$AA@ 10010aa4     LIBCMT:fpexcept.obj
 0002:00001aac       ??_C@_03BLEJJJBH@sin?$AA@  10010aac     LIBCMT:fpexcept.obj
 0002:00001ab0       ??_C@_03LALBNOCG@cos?$AA@  10010ab0     LIBCMT:fpexcept.obj
 0002:00001ab4       ??_C@_03IIINPABG@tan?$AA@  10010ab4     LIBCMT:fpexcept.obj
 0002:00001ab8       ??_C@_04GFPJNGEK@ceil?$AA@ 10010ab8     LIBCMT:fpexcept.obj
 0002:00001ac0       ??_C@_05PBJFFIGL@floor?$AA@ 10010ac0     LIBCMT:fpexcept.obj
 0002:00001ac8       ??_C@_04ODHECPBC@fabs?$AA@ 10010ac8     LIBCMT:fpexcept.obj
 0002:00001ad0       ??_C@_04EHEDPDJG@modf?$AA@ 10010ad0     LIBCMT:fpexcept.obj
 0002:00001ad8       ??_C@_05CEJMAHNP@ldexp?$AA@ 10010ad8     LIBCMT:fpexcept.obj
 0002:00001ae0       ??_C@_05KBKMEMPO@_cabs?$AA@ 10010ae0     LIBCMT:fpexcept.obj
 0002:00001ae8       ??_C@_06MEIMCGCF@_hypot?$AA@ 10010ae8     LIBCMT:fpexcept.obj
 0002:00001af0       ??_C@_04KEPJIHGP@fmod?$AA@ 10010af0     LIBCMT:fpexcept.obj
 0002:00001af8       ??_C@_05GKKHEGJL@frexp?$AA@ 10010af8     LIBCMT:fpexcept.obj
 0002:00001b00       ??_C@_03MJLDFKDL@_y0?$AA@  10010b00     LIBCMT:fpexcept.obj
 0002:00001b04       ??_C@_03NAKIGLHK@_y1?$AA@  10010b04     LIBCMT:fpexcept.obj
 0002:00001b08       ??_C@_03ONILCKOB@_yn?$AA@  10010b08     LIBCMT:fpexcept.obj
 0002:00001b0c       ??_C@_05JGDBENOH@_logb?$AA@ 10010b0c     LIBCMT:fpexcept.obj
 0002:00001b14       ??_C@_0L@KDOEJCKC@_nextafter?$AA@ 10010b14     LIBCMT:fpexcept.obj
 0002:00001b20       ??_C@_03KHJOGHMM@exp?$AA@  10010b20     LIBCMT:fpexcept.obj
 0002:00001b24       ??_C@_03JGHBODFD@pow?$AA@  10010b24     LIBCMT:fpexcept.obj
 0002:00001b28       ??_C@_03MGHMBJCF@log?$AA@  10010b28     LIBCMT:fpexcept.obj
 0002:00001b2c       ??_C@_05HGHHAHAP@log10?$AA@ 10010b2c     LIBCMT:fpexcept.obj
 0002:00001b34       ??_C@_04COOMCNPB@sinh?$AA@ 10010b34     LIBCMT:fpexcept.obj
 0002:00001b3c       ??_C@_04HPJJNFIM@cosh?$AA@ 10010b3c     LIBCMT:fpexcept.obj
 0002:00001b54       ??_C@_1M@HPNHIDJI@?$AAj?$AAa?$AA?9?$AAJ?$AAP?$AA?$AA@ 10010b54     LIBCMT:mbctype.obj
 0002:00001b60       ??_C@_1M@BIBDDEMK@?$AAz?$AAh?$AA?9?$AAC?$AAN?$AA?$AA@ 10010b60     LIBCMT:mbctype.obj
 0002:00001b6c       ??_C@_1M@JLOOOEGK@?$AAk?$AAo?$AA?9?$AAK?$AAR?$AA?$AA@ 10010b6c     LIBCMT:mbctype.obj
 0002:00001b78       ??_C@_1M@CLNBBOPM@?$AAz?$AAh?$AA?9?$AAT?$AAW?$AA?$AA@ 10010b78     LIBCMT:mbctype.obj
 0002:00001b84       ??_C@_03KOEHGMDN@Sun?$AA@  10010b84     LIBCMT:nlsdata.obj
 0002:00001b88       ??_C@_03PDAGKDH@Mon?$AA@   10010b88     LIBCMT:nlsdata.obj
 0002:00001b8c       ??_C@_03NAGEINEP@Tue?$AA@  10010b8c     LIBCMT:nlsdata.obj
 0002:00001b90       ??_C@_03MHOMLAJA@Wed?$AA@  10010b90     LIBCMT:nlsdata.obj
 0002:00001b94       ??_C@_03IOFIKPDN@Thu?$AA@  10010b94     LIBCMT:nlsdata.obj
 0002:00001b98       ??_C@_03IDIOELNC@Fri?$AA@  10010b98     LIBCMT:nlsdata.obj
 0002:00001b9c       ??_C@_03FEFJNEK@Sat?$AA@   10010b9c     LIBCMT:nlsdata.obj
 0002:00001ba0       ??_C@_06OOPIFAJ@Sunday?$AA@ 10010ba0     LIBCMT:nlsdata.obj
 0002:00001ba8       ??_C@_06JLEDEDGH@Monday?$AA@ 10010ba8     LIBCMT:nlsdata.obj
 0002:00001bb0       ??_C@_07BAAGCFCM@Tuesday?$AA@ 10010bb0     LIBCMT:nlsdata.obj
 0002:00001bb8       ??_C@_09DLIGFAKA@Wednesday?$AA@ 10010bb8     LIBCMT:nlsdata.obj
 0002:00001bc4       ??_C@_08HACCIKIA@Thursday?$AA@ 10010bc4     LIBCMT:nlsdata.obj
 0002:00001bd0       ??_C@_06JECMNKMI@Friday?$AA@ 10010bd0     LIBCMT:nlsdata.obj
 0002:00001bd8       ??_C@_08INBOOONO@Saturday?$AA@ 10010bd8     LIBCMT:nlsdata.obj
 0002:00001be4       ??_C@_03JIHJHPIE@Jan?$AA@  10010be4     LIBCMT:nlsdata.obj
 0002:00001be8       ??_C@_03HJBDCHOM@Feb?$AA@  10010be8     LIBCMT:nlsdata.obj
 0002:00001bec       ??_C@_03ODNJBKGA@Mar?$AA@  10010bec     LIBCMT:nlsdata.obj
 0002:00001bf0       ??_C@_03LEOLGMJP@Apr?$AA@  10010bf0     LIBCMT:nlsdata.obj
 0002:00001bf4       ??_C@_03CNMDKL@May?$AA@    10010bf4     LIBCMT:nlsdata.obj
 0002:00001bf8       ??_C@_03IDFGHECI@Jun?$AA@  10010bf8     LIBCMT:nlsdata.obj
 0002:00001bfc       ??_C@_03LBGABGKK@Jul?$AA@  10010bfc     LIBCMT:nlsdata.obj
 0002:00001c00       ??_C@_03IFJFEIGA@Aug?$AA@  10010c00     LIBCMT:nlsdata.obj
 0002:00001c04       ??_C@_03GGCAPAJC@Sep?$AA@  10010c04     LIBCMT:nlsdata.obj
 0002:00001c08       ??_C@_03BMAOKBAD@Oct?$AA@  10010c08     LIBCMT:nlsdata.obj
 0002:00001c0c       ??_C@_03JPJOFNIA@Nov?$AA@  10010c0c     LIBCMT:nlsdata.obj
 0002:00001c10       ??_C@_03MKABNOCG@Dec?$AA@  10010c10     LIBCMT:nlsdata.obj
 0002:00001c14       ??_C@_07CGJPFGJA@January?$AA@ 10010c14     LIBCMT:nlsdata.obj
 0002:00001c1c       ??_C@_08GNJGEPFN@February?$AA@ 10010c1c     LIBCMT:nlsdata.obj
 0002:00001c28       ??_C@_05HPCKOFNC@March?$AA@ 10010c28     LIBCMT:nlsdata.obj
 0002:00001c30       ??_C@_05DMJDNLEJ@April?$AA@ 10010c30     LIBCMT:nlsdata.obj
 0002:00001c38       ??_C@_04CNLMGBGM@June?$AA@ 10010c38     LIBCMT:nlsdata.obj
 0002:00001c40       ??_C@_04MIEPOIFP@July?$AA@ 10010c40     LIBCMT:nlsdata.obj
 0002:00001c48       ??_C@_06LBBHFDDG@August?$AA@ 10010c48     LIBCMT:nlsdata.obj
 0002:00001c50       ??_C@_09BHHEALKD@September?$AA@ 10010c50     LIBCMT:nlsdata.obj
 0002:00001c5c       ??_C@_07JJNFCEND@October?$AA@ 10010c5c     LIBCMT:nlsdata.obj
 0002:00001c64       ??_C@_08HCHEGEOA@November?$AA@ 10010c64     LIBCMT:nlsdata.obj
 0002:00001c70       ??_C@_08EDHMEBNP@December?$AA@ 10010c70     LIBCMT:nlsdata.obj
 0002:00001c7c       ??_C@_02DEDBPAFC@AM?$AA@   10010c7c     LIBCMT:nlsdata.obj
 0002:00001c80       ??_C@_02CJNFDJBF@PM?$AA@   10010c80     LIBCMT:nlsdata.obj
 0002:00001c84       ??_C@_08BPBNCDIB@MM?1dd?1yy?$AA@ 10010c84     LIBCMT:nlsdata.obj
 0002:00001c90       ??_C@_0BE@CKGJFCPC@dddd?0?5MMMM?5dd?0?5yyyy?$AA@ 10010c90     LIBCMT:nlsdata.obj
 0002:00001ca4       ??_C@_08JCCMCCIL@HH?3mm?3ss?$AA@ 10010ca4     LIBCMT:nlsdata.obj
 0002:00001cb0       ??_C@_17MBGCMIPB@?$AAS?$AAu?$AAn?$AA?$AA@ 10010cb0     LIBCMT:nlsdata.obj
 0002:00001cb8       ??_C@_17KBOMKBF@?$AAM?$AAo?$AAn?$AA?$AA@ 10010cb8     LIBCMT:nlsdata.obj
 0002:00001cc0       ??_C@_17BMKGEGOJ@?$AAT?$AAu?$AAe?$AA?$AA@ 10010cc0     LIBCMT:nlsdata.obj
 0002:00001cc8       ??_C@_17CJEDCEPE@?$AAW?$AAe?$AAd?$AA?$AA@ 10010cc8     LIBCMT:nlsdata.obj
 0002:00001cd0       ??_C@_17PDPHAADD@?$AAT?$AAh?$AAu?$AA?$AA@ 10010cd0     LIBCMT:nlsdata.obj
 0002:00001cd8       ??_C@_17HFOLPPLP@?$AAF?$AAr?$AAi?$AA?$AA@ 10010cd8     LIBCMT:nlsdata.obj
 0002:00001ce0       ??_C@_17GGIBDPIH@?$AAS?$AAa?$AAt?$AA?$AA@ 10010ce0     LIBCMT:nlsdata.obj
 0002:00001ce8       ??_C@_1O@IHNHDHPB@?$AAS?$AAu?$AAn?$AAd?$AAa?$AAy?$AA?$AA@ 10010ce8     LIBCMT:nlsdata.obj
 0002:00001cf8       ??_C@_1O@MMNBFLIA@?$AAM?$AAo?$AAn?$AAd?$AAa?$AAy?$AA?$AA@ 10010cf8     LIBCMT:nlsdata.obj
 0002:00001d08       ??_C@_1BA@ENFBFFEK@?$AAT?$AAu?$AAe?$AAs?$AAd?$AAa?$AAy?$AA?$AA@ 10010d08     LIBCMT:nlsdata.obj
 0002:00001d18       ??_C@_1BE@EBOGMDOH@?$AAW?$AAe?$AAd?$AAn?$AAe?$AAs?$AAd?$AAa?$AAy?$AA?$AA@ 10010d18     LIBCMT:nlsdata.obj
 0002:00001d2c       ??_C@_1BC@HHMNLIHE@?$AAT?$AAh?$AAu?$AAr?$AAs?$AAd?$AAa?$AAy?$AA?$AA@ 10010d2c     LIBCMT:nlsdata.obj
 0002:00001d40       ??_C@_1O@PDICJHAG@?$AAF?$AAr?$AAi?$AAd?$AAa?$AAy?$AA?$AA@ 10010d40     LIBCMT:nlsdata.obj
 0002:00001d50       ??_C@_1BC@ENMNNPAJ@?$AAS?$AAa?$AAt?$AAu?$AAr?$AAd?$AAa?$AAy?$AA?$AA@ 10010d50     LIBCMT:nlsdata.obj
 0002:00001d64       ??_C@_17DKNBKCHM@?$AAJ?$AAa?$AAn?$AA?$AA@ 10010d64     LIBCMT:nlsdata.obj
 0002:00001d6c       ??_C@_17LMDJEKJN@?$AAF?$AAe?$AAb?$AA?$AA@ 10010d6c     LIBCMT:nlsdata.obj
 0002:00001d74       ??_C@_17CKNLEDEC@?$AAM?$AAa?$AAr?$AA?$AA@ 10010d74     LIBCMT:nlsdata.obj
 0002:00001d7c       ??_C@_17LFPOIHDD@?$AAA?$AAp?$AAr?$AA?$AA@ 10010d7c     LIBCMT:nlsdata.obj
 0002:00001d84       ??_C@_17PNNKMEED@?$AAM?$AAa?$AAy?$AA?$AA@ 10010d84     LIBCMT:nlsdata.obj
 0002:00001d8c       ??_C@_17KCJGOCPB@?$AAJ?$AAu?$AAn?$AA?$AA@ 10010d8c     LIBCMT:nlsdata.obj
 0002:00001d94       ??_C@_17IJPCKHK@?$AAJ?$AAu?$AAl?$AA?$AA@ 10010d94     LIBCMT:nlsdata.obj
 0002:00001d9c       ??_C@_17ICPELBCN@?$AAA?$AAu?$AAg?$AA?$AA@ 10010d9c     LIBCMT:nlsdata.obj
 0002:00001da4       ??_C@_17HCHCOKMG@?$AAS?$AAe?$AAp?$AA?$AA@ 10010da4     LIBCMT:nlsdata.obj
 0002:00001dac       ??_C@_17FNLKOI@?$AAO?$AAc?$AAt?$AA?$AA@ 10010dac     LIBCMT:nlsdata.obj
 0002:00001db4       ??_C@_17BBDMLCIG@?$AAN?$AAo?$AAv?$AA?$AA@ 10010db4     LIBCMT:nlsdata.obj
 0002:00001dbc       ??_C@_17EGKACKIF@?$AAD?$AAe?$AAc?$AA?$AA@ 10010dbc     LIBCMT:nlsdata.obj
 0002:00001dc4       ??_C@_1BA@EFMEIEBA@?$AAJ?$AAa?$AAn?$AAu?$AAa?$AAr?$AAy?$AA?$AA@ 10010dc4     LIBCMT:nlsdata.obj
 0002:00001dd4       ??_C@_1BC@JGDDFFAM@?$AAF?$AAe?$AAb?$AAr?$AAu?$AAa?$AAr?$AAy?$AA?$AA@ 10010dd4     LIBCMT:nlsdata.obj
 0002:00001de8       ??_C@_1M@IKEENEDF@?$AAM?$AAa?$AAr?$AAc?$AAh?$AA?$AA@ 10010de8     LIBCMT:nlsdata.obj
 0002:00001df4       ??_C@_1M@GJNLMHFD@?$AAA?$AAp?$AAr?$AAi?$AAl?$AA?$AA@ 10010df4     LIBCMT:nlsdata.obj
 0002:00001e00       ??_C@_19EPFLPGAP@?$AAJ?$AAu?$AAn?$AAe?$AA?$AA@ 10010e00     LIBCMT:nlsdata.obj
 0002:00001e0c       ??_C@_19BIFMLPCD@?$AAJ?$AAu?$AAl?$AAy?$AA?$AA@ 10010e0c     LIBCMT:nlsdata.obj
 0002:00001e18       ??_C@_1O@PAHLKOAC@?$AAA?$AAu?$AAg?$AAu?$AAs?$AAt?$AA?$AA@ 10010e18     LIBCMT:nlsdata.obj
 0002:00001e28       ??_C@_1BE@DKAAMBJL@?$AAS?$AAe?$AAp?$AAt?$AAe?$AAm?$AAb?$AAe?$AAr?$AA?$AA@ 10010e28     LIBCMT:nlsdata.obj
 0002:00001e3c       ??_C@_1BA@EPANDLNG@?$AAO?$AAc?$AAt?$AAo?$AAb?$AAe?$AAr?$AA?$AA@ 10010e3c     LIBCMT:nlsdata.obj
 0002:00001e4c       ??_C@_1BC@BGLIFPF@?$AAN?$AAo?$AAv?$AAe?$AAm?$AAb?$AAe?$AAr?$AA?$AA@ 10010e4c     LIBCMT:nlsdata.obj
 0002:00001e60       ??_C@_1BC@FEMKIFH@?$AAD?$AAe?$AAc?$AAe?$AAm?$AAb?$AAe?$AAr?$AA?$AA@ 10010e60     LIBCMT:nlsdata.obj
 0002:00001e74       ??_C@_15ODEHAHHF@?$AAA?$AAM?$AA?$AA@ 10010e74     LIBCMT:nlsdata.obj
 0002:00001e7c       ??_C@_15CLMNNGEL@?$AAP?$AAM?$AA?$AA@ 10010e7c     LIBCMT:nlsdata.obj
 0002:00001e84       ??_C@_1BC@IEBCMHCM@?$AAM?$AAM?$AA?1?$AAd?$AAd?$AA?1?$AAy?$AAy?$AA?$AA@ 10010e84     LIBCMT:nlsdata.obj
 0002:00001e98       ??_C@_1CI@KNAKOEBC@?$AAd?$AAd?$AAd?$AAd?$AA?0?$AA?5?$AAM?$AAM?$AAM?$AAM?$AA?5?$AAd?$AAd?$AA?0?$AA?5?$AAy?$AAy?$AAy?$AAy?$AA?$AA@ 10010e98     LIBCMT:nlsdata.obj
 0002:00001ec0       ??_C@_1BC@GDGBMEMK@?$AAH?$AAH?$AA?3?$AAm?$AAm?$AA?3?$AAs?$AAs?$AA?$AA@ 10010ec0     LIBCMT:nlsdata.obj
 0002:00001ed4       ??_C@_1M@BMHNFIME@?$AAe?$AAn?$AA?9?$AAU?$AAS?$AA?$AA@ 10010ed4     LIBCMT:nlsdata.obj
 0002:00001f60       __XcptActTab               10010f60     LIBCMT:winxfltr.obj
 0002:00001ff0       __XcptActTabCount          10010ff0     LIBCMT:winxfltr.obj
 0002:00001ff4       __XcptActTabSize           10010ff4     LIBCMT:winxfltr.obj
 0002:00001ff8       __First_FPE_Indx           10010ff8     LIBCMT:winxfltr.obj
 0002:00001ffc       __Num_FPE                  10010ffc     LIBCMT:winxfltr.obj
 0002:00002000       ??_C@_1BK@MGMFAEKH@?$AAk?$AAe?$AAr?$AAn?$AAe?$AAl?$AA3?$AA2?$AA?4?$AAd?$AAl?$AAl?$AA?$AA@ 10011000     LIBCMT:winapisupp.obj
 0002:0000201c       ??_C@_08KNHFBNJ@FlsAlloc?$AA@ 1001101c     LIBCMT:winapisupp.obj
 0002:00002028       ??_C@_07PEJMOBNF@FlsFree?$AA@ 10011028     LIBCMT:winapisupp.obj
 0002:00002030       ??_C@_0M@GDNOONDI@FlsGetValue?$AA@ 10011030     LIBCMT:winapisupp.obj
 0002:0000203c       ??_C@_0M@JCPCPOEF@FlsSetValue?$AA@ 1001103c     LIBCMT:winapisupp.obj
 0002:00002048       ??_C@_0BM@HCFOFFN@InitializeCriticalSectionEx?$AA@ 10011048     LIBCMT:winapisupp.obj
 0002:00002064       ??_C@_0P@DLHPPCNH@CreateEventExW?$AA@ 10011064     LIBCMT:winapisupp.obj
 0002:00002074       ??_C@_0BD@KIEEOEEH@CreateSemaphoreExW?$AA@ 10011074     LIBCMT:winapisupp.obj
 0002:00002088       ??_C@_0BI@BKLFFAPO@SetThreadStackGuarantee?$AA@ 10011088     LIBCMT:winapisupp.obj
 0002:000020a0       ??_C@_0BG@OGFAJCKC@CreateThreadpoolTimer?$AA@ 100110a0     LIBCMT:winapisupp.obj
 0002:000020b8       ??_C@_0BD@LPLEMMDI@SetThreadpoolTimer?$AA@ 100110b8     LIBCMT:winapisupp.obj
 0002:000020cc       ??_C@_0CA@FMNJENH@WaitForThreadpoolTimerCallbacks?$AA@ 100110cc     LIBCMT:winapisupp.obj
 0002:000020ec       ??_C@_0BF@DCFCCNOC@CloseThreadpoolTimer?$AA@ 100110ec     LIBCMT:winapisupp.obj
 0002:00002104       ??_C@_0BF@FLABGKKM@CreateThreadpoolWait?$AA@ 10011104     LIBCMT:winapisupp.obj
 0002:0000211c       ??_C@_0BC@MGCOHNA@SetThreadpoolWait?$AA@ 1001111c     LIBCMT:winapisupp.obj
 0002:00002130       ??_C@_0BE@OCIOMIMP@CloseThreadpoolWait?$AA@ 10011130     LIBCMT:winapisupp.obj
 0002:00002144       ??_C@_0BJ@LKGHFHBO@FlushProcessWriteBuffers?$AA@ 10011144     LIBCMT:winapisupp.obj
 0002:00002160       ??_C@_0BP@KALKKPMO@FreeLibraryWhenCallbackReturns?$AA@ 10011160     LIBCMT:winapisupp.obj
 0002:00002180       ??_C@_0BK@DFNBACLA@GetCurrentProcessorNumber?$AA@ 10011180     LIBCMT:winapisupp.obj
 0002:0000219c       ??_C@_0BP@KHGALBC@GetLogicalProcessorInformation?$AA@ 1001119c     LIBCMT:winapisupp.obj
 0002:000021bc       ??_C@_0BE@FKKLLFLM@CreateSymbolicLinkW?$AA@ 100111bc     LIBCMT:winapisupp.obj
 0002:000021d0       ??_C@_0BJ@OHNKDLIJ@SetDefaultDllDirectories?$AA@ 100111d0     LIBCMT:winapisupp.obj
 0002:000021ec       ??_C@_0BE@LJANKFHF@EnumSystemLocalesEx?$AA@ 100111ec     LIBCMT:winapisupp.obj
 0002:00002200       ??_C@_0BA@IHGNDAEB@CompareStringEx?$AA@ 10011200     LIBCMT:winapisupp.obj
 0002:00002210       ??_C@_0BA@EPCJIIPD@GetDateFormatEx?$AA@ 10011210     LIBCMT:winapisupp.obj
 0002:00002220       ??_C@_0BA@ONOKGCMP@GetLocaleInfoEx?$AA@ 10011220     LIBCMT:winapisupp.obj
 0002:00002230       ??_C@_0BA@CIJJKCJJ@GetTimeFormatEx?$AA@ 10011230     LIBCMT:winapisupp.obj
 0002:00002240       ??_C@_0BJ@PBCCBIPI@GetUserDefaultLocaleName?$AA@ 10011240     LIBCMT:winapisupp.obj
 0002:0000225c       ??_C@_0BC@CELBKLLA@IsValidLocaleName?$AA@ 1001125c     LIBCMT:winapisupp.obj
 0002:00002270       ??_C@_0O@KKBNKAPF@LCMapStringEx?$AA@ 10011270     LIBCMT:winapisupp.obj
 0002:00002280       ??_C@_0BE@JOGNEJCI@GetCurrentPackageId?$AA@ 10011280     LIBCMT:winapisupp.obj
 0002:00002294       ??_C@_0P@CDHHOHKP@GetTickCount64?$AA@ 10011294     LIBCMT:winapisupp.obj
 0002:000022a4       ??_C@_0BO@KPCLFDJJ@GetFileInformationByHandleExW?$AA@ 100112a4     LIBCMT:winapisupp.obj
 0002:000022c4       ??_C@_0BM@MHIDLABK@SetFileInformationByHandleW?$AA@ 100112c4     LIBCMT:winapisupp.obj
 0002:000022e0       __pDestructExceptionObject 100112e0     LIBCMT:frame.obj
 0002:000022e4       ??_C@_05KLBDPFGC@e?$CL000?$AA@ 100112e4     LIBCMT:cvt.obj
 0002:000022ec       ??_C@_1BG@GOEBHBDC@?$AAU?$AAS?$AAE?$AAR?$AA3?$AA2?$AA?4?$AAD?$AAL?$AAL?$AA?$AA@ 100112ec     LIBCMT:crtmboxw.obj
 0002:00002304       ??_C@_0M@DLDCCGNP@MessageBoxW?$AA@ 10011304     LIBCMT:crtmboxw.obj
 0002:00002310       ??_C@_0BA@HNOPNCHB@GetActiveWindow?$AA@ 10011310     LIBCMT:crtmboxw.obj
 0002:00002320       ??_C@_0BD@HHGDFDBJ@GetLastActivePopup?$AA@ 10011320     LIBCMT:crtmboxw.obj
 0002:00002334       ??_C@_0BK@DEKFELLI@GetUserObjectInformationW?$AA@ 10011334     LIBCMT:crtmboxw.obj
 0002:00002350       ??_C@_0BI@DFKBFLJE@GetProcessWindowStation?$AA@ 10011350     LIBCMT:crtmboxw.obj
 0002:00002368       ___lookuptable_s           10011368     LIBCMT:outputs.obj
 0002:000023c8       _LcidToLocaleNameTable     100113c8     LIBCMT:winapinls.obj
 0002:00002ae8       _LocaleNameToIndexTable    10011ae8     LIBCMT:winapinls.obj
 0002:00003208       ??_C@_15EMKDOKLE@?$AAa?$AAr?$AA?$AA@ 10012208     LIBCMT:winapinls.obj
 0002:00003210       ??_C@_15KNPADPLH@?$AAb?$AAg?$AA?$AA@ 10012210     LIBCMT:winapinls.obj
 0002:00003218       ??_C@_15EDMHLDMO@?$AAc?$AAa?$AA?$AA@ 10012218     LIBCMT:winapinls.obj
 0002:00003220       ??_C@_1O@BPEAJADD@?$AAz?$AAh?$AA?9?$AAC?$AAH?$AAS?$AA?$AA@ 10012220     LIBCMT:winapinls.obj
 0002:00003230       ??_C@_15LJNHCMNK@?$AAc?$AAs?$AA?$AA@ 10012230     LIBCMT:winapinls.obj
 0002:00003238       ??_C@_15FOMCIDHG@?$AAd?$AAa?$AA?$AA@ 10012238     LIBCMT:winapinls.obj
 0002:00003240       ??_C@_15NBKABECB@?$AAd?$AAe?$AA?$AA@ 10012240     LIBCMT:winapinls.obj
 0002:00003248       ??_C@_15GHPEIIAO@?$AAe?$AAl?$AA?$AA@ 10012248     LIBCMT:winapinls.obj
 0002:00003250       ??_C@_15MNPNEAIF@?$AAe?$AAn?$AA?$AA@ 10012250     LIBCMT:winapinls.obj
 0002:00003258       ??_C@_15GPIOMPMH@?$AAe?$AAs?$AA?$AA@ 10012258     LIBCMT:winapinls.obj
 0002:00003260       ??_C@_15NGLOAKJC@?$AAf?$AAi?$AA?$AA@ 10012260     LIBCMT:winapinls.obj
 0002:00003268       ??_C@_15FBKGNKAM@?$AAf?$AAr?$AA?$AA@ 10012268     LIBCMT:winapinls.obj
 0002:00003270       ??_C@_15KGGCNEFK@?$AAh?$AAe?$AA?$AA@ 10012270     LIBCMT:winapinls.obj
 0002:00003278       ??_C@_15PGHLIDMF@?$AAh?$AAu?$AA?$AA@ 10012278     LIBCMT:winapinls.obj
 0002:00003280       ??_C@_15BIEMAPLM@?$AAi?$AAs?$AA?$AA@ 10012280     LIBCMT:winapinls.obj
 0002:00003288       ??_C@_15IFJLDHAF@?$AAi?$AAt?$AA?$AA@ 10012288     LIBCMT:winapinls.obj
 0002:00003290       ??_C@_15GEMIOCAG@?$AAj?$AAa?$AA?$AA@ 10012290     LIBCMT:winapinls.obj
 0002:00003298       ??_C@_15EPELEGJA@?$AAk?$AAo?$AA?$AA@ 10012298     LIBCMT:winapinls.obj
 0002:000032a0       ??_C@_15NDDHIMN@?$AAn?$AAl?$AA?$AA@ 100122a0     LIBCMT:winapinls.obj
 0002:000032a8       ??_C@_15BPIGNHCD@?$AAn?$AAo?$AA?$AA@ 100122a8     LIBCMT:winapinls.obj
 0002:000032b0       ??_C@_15DEOPBLCG@?$AAp?$AAl?$AA?$AA@ 100122b0     LIBCMT:winapinls.obj
 0002:000032b8       ??_C@_15KBECGEFG@?$AAp?$AAt?$AA?$AA@ 100122b8     LIBCMT:winapinls.obj
 0002:000032c0       ??_C@_15GLJCBFMD@?$AAr?$AAo?$AA?$AA@ 100122c0     LIBCMT:winapinls.obj
 0002:000032c8       ??_C@_15FEDGKCDI@?$AAr?$AAu?$AA?$AA@ 100122c8     LIBCMT:winapinls.obj
 0002:000032d0       ??_C@_15GLKMLLHM@?$AAh?$AAr?$AA?$AA@ 100122d0     LIBCMT:winapinls.obj
 0002:000032d8       ??_C@_15CPKMFBDB@?$AAs?$AAk?$AA?$AA@ 100122d8     LIBCMT:winapinls.obj
 0002:000032e0       ??_C@_15BAAIOGMK@?$AAs?$AAq?$AA?$AA@ 100122e0     LIBCMT:winapinls.obj
 0002:000032e8       ??_C@_15INNPNOHD@?$AAs?$AAv?$AA?$AA@ 100122e8     LIBCMT:winapinls.obj
 0002:000032f0       ??_C@_15CABMMOGH@?$AAt?$AAh?$AA?$AA@ 100122f0     LIBCMT:winapinls.obj
 0002:000032f8       ??_C@_15BPLIHJJM@?$AAt?$AAr?$AA?$AA@ 100122f8     LIBCMT:winapinls.obj
 0002:00003300       ??_C@_15NEOEKKDJ@?$AAu?$AAr?$AA?$AA@ 10012300     LIBCMT:winapinls.obj
 0002:00003308       ??_C@_15NFICGAJK@?$AAi?$AAd?$AA?$AA@ 10012308     LIBCMT:winapinls.obj
 0002:00003310       ??_C@_15PJPFLCCM@?$AAu?$AAk?$AA?$AA@ 10012310     LIBCMT:winapinls.obj
 0002:00003318       ??_C@_15HPJPHDM@?$AAb?$AAe?$AA?$AA@ 10012318     LIBCMT:winapinls.obj
 0002:00003320       ??_C@_15LCHLGJII@?$AAs?$AAl?$AA?$AA@ 10012320     LIBCMT:winapinls.obj
 0002:00003328       ??_C@_15PCFJPHHO@?$AAe?$AAt?$AA?$AA@ 10012328     LIBCMT:winapinls.obj
 0002:00003330       ??_C@_15HPFPGODN@?$AAl?$AAv?$AA?$AA@ 10012330     LIBCMT:winapinls.obj
 0002:00003338       ??_C@_15NFFGKGLG@?$AAl?$AAt?$AA?$AA@ 10012338     LIBCMT:winapinls.obj
 0002:00003340       ??_C@_15BDAKCCHN@?$AAf?$AAa?$AA?$AA@ 10012340     LIBCMT:winapinls.obj
 0002:00003348       ??_C@_15NFGIAIAJ@?$AAv?$AAi?$AA?$AA@ 10012348     LIBCMT:winapinls.obj
 0002:00003350       ??_C@_15LMKNDMHN@?$AAh?$AAy?$AA?$AA@ 10012350     LIBCMT:winapinls.obj
 0002:00003358       ??_C@_15IJBHMCFL@?$AAa?$AAz?$AA?$AA@ 10012358     LIBCMT:winapinls.obj
 0002:00003360       ??_C@_15EKOFJABL@?$AAe?$AAu?$AA?$AA@ 10012360     LIBCMT:winapinls.obj
 0002:00003368       ??_C@_15BGHADCNK@?$AAm?$AAk?$AA?$AA@ 10012368     LIBCMT:winapinls.obj
 0002:00003370       ??_C@_15JDNICKHM@?$AAa?$AAf?$AA?$AA@ 10012370     LIBCMT:winapinls.obj
 0002:00003378       ??_C@_15KPJEDBKD@?$AAk?$AAa?$AA?$AA@ 10012378     LIBCMT:winapinls.obj
 0002:00003380       ??_C@_15PDNFFFEO@?$AAf?$AAo?$AA?$AA@ 10012380     LIBCMT:winapinls.obj
 0002:00003388       ??_C@_15OMLEGLOC@?$AAh?$AAi?$AA?$AA@ 10012388     LIBCMT:winapinls.obj
 0002:00003390       ??_C@_15IDNNENKK@?$AAm?$AAs?$AA?$AA@ 10012390     LIBCMT:winapinls.obj
 0002:00003398       ??_C@_15MACJNBMH@?$AAk?$AAk?$AA?$AA@ 10012398     LIBCMT:winapinls.obj
 0002:000033a0       ??_C@_15DKDJEOND@?$AAk?$AAy?$AA?$AA@ 100123a0     LIBCMT:winapinls.obj
 0002:000033a8       ??_C@_15DFGDLJBG@?$AAs?$AAw?$AA?$AA@ 100123a8     LIBCMT:winapinls.obj
 0002:000033b0       ??_C@_15BBFAICNG@?$AAu?$AAz?$AA?$AA@ 100123b0     LIBCMT:winapinls.obj
 0002:000033b8       ??_C@_15DKNDCGEA@?$AAt?$AAt?$AA?$AA@ 100123b8     LIBCMT:winapinls.obj
 0002:000033c0       ??_C@_15MGIFMDPL@?$AAp?$AAa?$AA?$AA@ 100123c0     LIBCMT:winapinls.obj
 0002:000033c8       ??_C@_15HCNDBBA@?$AAg?$AAu?$AA?$AA@ 100123c8     LIBCMT:winapinls.obj
 0002:000033d0       ??_C@_15FNBEIBON@?$AAt?$AAa?$AA?$AA@ 100123d0     LIBCMT:winapinls.obj
 0002:000033d8       ??_C@_15NCHGBGLK@?$AAt?$AAe?$AA?$AA@ 100123d8     LIBCMT:winapinls.obj
 0002:000033e0       ??_C@_15PHPHCBPF@?$AAk?$AAn?$AA?$AA@ 100123e0     LIBCMT:winapinls.obj
 0002:000033e8       ??_C@_15DLGBCKMP@?$AAm?$AAr?$AA?$AA@ 100123e8     LIBCMT:winapinls.obj
 0002:000033f0       ??_C@_15EABBLBFF@?$AAs?$AAa?$AA?$AA@ 100123f0     LIBCMT:winapinls.obj
 0002:000033f8       ??_C@_15CBKOMCOI@?$AAm?$AAn?$AA?$AA@ 100123f8     LIBCMT:winapinls.obj
 0002:00003400       ??_C@_15CKDMCJAF@?$AAg?$AAl?$AA?$AA@ 10012400     LIBCMT:winapinls.obj
 0002:00003408       ??_C@_17CNJFBPG@?$AAk?$AAo?$AAk?$AA?$AA@ 10012408     LIBCMT:winapinls.obj
 0002:00003410       ??_C@_17FFBJICPL@?$AAs?$AAy?$AAr?$AA?$AA@ 10012410     LIBCMT:winapinls.obj
 0002:00003418       ??_C@_17KPNDCPAF@?$AAd?$AAi?$AAv?$AA?$AA@ 10012418     LIBCMT:winapinls.obj
 0002:00003420       ??_C@_11LOCGONAA@?$AA?$AA@ 10012420     LIBCMT:winapinls.obj
 0002:00003424       ??_C@_1M@OKAHONE@?$AAa?$AAr?$AA?9?$AAS?$AAA?$AA?$AA@ 10012424     LIBCMT:winapinls.obj
 0002:00003430       ??_C@_1M@FFFIGIGK@?$AAb?$AAg?$AA?9?$AAB?$AAG?$AA?$AA@ 10012430     LIBCMT:winapinls.obj
 0002:0000343c       ??_C@_1M@BJNKEDC@?$AAc?$AAa?$AA?9?$AAE?$AAS?$AA?$AA@ 1001243c     LIBCMT:winapinls.obj
 0002:00003448       ??_C@_1M@IJJHFJHA@?$AAc?$AAs?$AA?9?$AAC?$AAZ?$AA?$AA@ 10012448     LIBCMT:winapinls.obj
 0002:00003454       ??_C@_1M@CLPEOBGI@?$AAd?$AAa?$AA?9?$AAD?$AAK?$AA?$AA@ 10012454     LIBCMT:winapinls.obj
 0002:00003460       ??_C@_1M@MCMADGCB@?$AAd?$AAe?$AA?9?$AAD?$AAE?$AA?$AA@ 10012460     LIBCMT:winapinls.obj
 0002:0000346c       ??_C@_1M@OOCKEMAM@?$AAe?$AAl?$AA?9?$AAG?$AAR?$AA?$AA@ 1001246c     LIBCMT:winapinls.obj
 0002:00003478       ??_C@_1M@DDNJFGID@?$AAf?$AAi?$AA?9?$AAF?$AAI?$AA?$AA@ 10012478     LIBCMT:winapinls.obj
 0002:00003484       ??_C@_1M@GLIPPMAC@?$AAf?$AAr?$AA?9?$AAF?$AAR?$AA?$AA@ 10012484     LIBCMT:winapinls.obj
 0002:00003490       ??_C@_1M@GFMCHPE@?$AAh?$AAe?$AA?9?$AAI?$AAL?$AA?$AA@ 10012490     LIBCMT:winapinls.obj
 0002:0000349c       ??_C@_1M@MHLPGNKM@?$AAh?$AAu?$AA?9?$AAH?$AAU?$AA?$AA@ 1001249c     LIBCMT:winapinls.obj
 0002:000034a8       ??_C@_1M@LPDDNNPN@?$AAi?$AAs?$AA?9?$AAI?$AAS?$AA?$AA@ 100124a8     LIBCMT:winapinls.obj
 0002:000034b4       ??_C@_1M@MADIPODN@?$AAi?$AAt?$AA?9?$AAI?$AAT?$AA?$AA@ 100124b4     LIBCMT:winapinls.obj
 0002:000034c0       ??_C@_1M@IHBJJGG@?$AAn?$AAl?$AA?9?$AAN?$AAL?$AA?$AA@ 100124c0     LIBCMT:winapinls.obj
 0002:000034cc       ??_C@_1M@EANAGDL@?$AAn?$AAb?$AA?9?$AAN?$AAO?$AA?$AA@ 100124cc     LIBCMT:winapinls.obj
 0002:000034d8       ??_C@_1M@NEIEMEGP@?$AAp?$AAl?$AA?9?$AAP?$AAL?$AA?$AA@ 100124d8     LIBCMT:winapinls.obj
 0002:000034e4       ??_C@_1M@BOCFIGEP@?$AAp?$AAt?$AA?9?$AAB?$AAR?$AA?$AA@ 100124e4     LIBCMT:winapinls.obj
 0002:000034f0       ??_C@_1M@IMPFOPBG@?$AAr?$AAo?$AA?9?$AAR?$AAO?$AA?$AA@ 100124f0     LIBCMT:winapinls.obj
 0002:000034fc       ??_C@_1M@IDNNEJMM@?$AAr?$AAu?$AA?9?$AAR?$AAU?$AA?$AA@ 100124fc     LIBCMT:winapinls.obj
 0002:00003508       ??_C@_1M@LILEEOGM@?$AAh?$AAr?$AA?9?$AAH?$AAR?$AA?$AA@ 10012508     LIBCMT:winapinls.obj
 0002:00003514       ??_C@_1M@FKIFEHPB@?$AAs?$AAk?$AA?9?$AAS?$AAK?$AA?$AA@ 10012514     LIBCMT:winapinls.obj
 0002:00003520       ??_C@_1M@LJMAMNPJ@?$AAs?$AAq?$AA?9?$AAA?$AAL?$AA?$AA@ 10012520     LIBCMT:winapinls.obj
[...]
 0000:fffe3000       .debug$S                   10000000     kernel32:KERNEL32.dll
 0000:fffe3000       .debug$S                   10000000     kernel32:KERNEL32.dll
 0000:fffe3000       .debug$S                   10000000     kernel32:KERNEL32.dll
 0000:fffe3000       .debug$S                   10000000     kernel32:KERNEL32.dll
 0000:fffe3000       .debug$S                   10000000     kernel32:KERNEL32.dll
 0000:fffe3000       .debug$S                   10000000     kernel32:KERNEL32.dll
 0000:fffe3000       .debug$S                   10000000     kernel32:KERNEL32.dll
 0000:fffe3000       .debug$S                   10000000     kernel32:KERNEL32.dll
 0000:fffe3000       .debug$S                   10000000     kernel32:KERNEL32.dll
 0000:fffe3000       .debug$S                   10000000     kernel32:KERNEL32.dll
 0000:fffe3000       .debug$S                   10000000     kernel32:KERNEL32.dll
 0000:fffe3000       .debug$S                   10000000     kernel32:KERNEL32.dll
 0000:fffe3000       .debug$S                   10000000     kernel32:KERNEL32.dll
 0000:fffe3000       .debug$S                   10000000     kernel32:KERNEL32.dll
 0000:fffe3000       .debug$S                   10000000     kernel32:KERNEL32.dll
 0000:fffe3000       .debug$S                   10000000     kernel32:KERNEL32.dll
 0000:fffe3000       .debug$S                   10000000     kernel32:KERNEL32.dll
 0000:fffe3000       .debug$S                   10000000     kernel32:KERNEL32.dll
 0000:fffe3000       .debug$S                   10000000     kernel32:KERNEL32.dll
 0000:fffe3000       .debug$S                   10000000     kernel32:KERNEL32.dll
 0000:fffe3000       .debug$S                   10000000     kernel32:KERNEL32.dll
 0000:fffe3000       .debug$S                   10000000     kernel32:KERNEL32.dll
 0000:fffe3000       .debug$S                   10000000     kernel32:KERNEL32.dll
 0000:fffe3000       .debug$S                   10000000     kernel32:KERNEL32.dll
 0000:fffe3000       .debug$S                   10000000     kernel32:KERNEL32.dll
 0000:fffe3000       .debug$S                   10000000     kernel32:KERNEL32.dll
 0000:fffe3000       .debug$S                   10000000     kernel32:KERNEL32.dll
 0000:fffe3000       .debug$S                   10000000     kernel32:KERNEL32.dll
 0000:fffe3000       .debug$S                   10000000     kernel32:KERNEL32.dll
 0000:fffe3000       .debug$S                   10000000     kernel32:KERNEL32.dll
 0000:fffe3000       .debug$S                   10000000     kernel32:KERNEL32.dll
 0000:fffe3000       .debug$S                   10000000     kernel32:KERNEL32.dll
 0000:fffe3000       .debug$S                   10000000     kernel32:KERNEL32.dll
 0000:fffe3000       .debug$S                   10000000     kernel32:KERNEL32.dll
 0000:fffe3000       .debug$S                   10000000     kernel32:KERNEL32.dll
 0000:fffe3000       .debug$S                   10000000     kernel32:KERNEL32.dll
 0000:fffe3000       .debug$S                   10000000     kernel32:KERNEL32.dll
 0000:fffe3000       .debug$S                   10000000     kernel32:KERNEL32.dll
 0000:fffe3000       .debug$S                   10000000     kernel32:KERNEL32.dll
 0000:fffe3000       .debug$S                   10000000     kernel32:KERNEL32.dll
 0000:fffe3000       .debug$S                   10000000     kernel32:KERNEL32.dll
 0000:fffe3000       .debug$S                   10000000     iojs:node.dll
 0000:fffe3000       .debug$S                   10000000     user32:USER32.dll
 0000:fffe3000       .debug$S                   10000000     user32:USER32.dll
 0000:fffe3000       .debug$S                   10000000     user32:USER32.dll
 0000:fffe3000       .debug$S                   10000000     user32:USER32.dll
 0000:fffe3000       .debug$S                   10000000     user32:USER32.dll
 0000:fffe3000       .debug$S                   10000000     user32:USER32.dll
 0000:fffe3000       .debug$S                   10000000     user32:USER32.dll
 0000:fffe3000       .debug$S                   10000000     user32:USER32.dll
 0000:fffe3000       .debug$S                   10000000     iojs:node.dll
 0000:fffe3000       .debug$S                   10000000     iojs:node.dll
 0000:fffe3000       .debug$S                   10000000     iojs:node.dll
 0000:fffe3000       .debug$S                   10000000     iojs:node.dll
 0000:fffe3000       .debug$S                   10000000     iojs:node.dll
 0000:fffe3000       .debug$S                   10000000     iojs:node.dll
 0000:fffe3000       .debug$S                   10000000     iojs:node.dll
 0001:00000f20       __register_windowsapi      10001f20 f   * CIL library *:* CIL module *
 0001:00001180       $$000000                   10002180     LIBCMT:memmove.obj
 0001:000013d0       LeadUpVec                  100023d0     LIBCMT:memmove.obj
 0001:0000144c       UnwindUpVec                1000244c     LIBCMT:memmove.obj
 0001:000014b8       TrailUpVec                 100024b8     LIBCMT:memmove.obj
 0001:0000155c       LeadDownVec                1000255c     LIBCMT:memmove.obj
 0001:000015e8       UnwindDownVec              100025e8     LIBCMT:memmove.obj
 0001:00001654       TrailDownVec               10002654     LIBCMT:memmove.obj
 0001:00001901       __onexit_nolock            10002901 f   LIBCMT:onexit.obj
 0001:00001cb4       ___DllMainCRTStartup       10002cb4 f   LIBCMT:dllcrt0.obj
 0001:00001df0       $$000000                   10002df0     LIBCMT:memcpy.obj
 0001:00002040       LeadUpVec                  10003040     LIBCMT:memcpy.obj
 0001:000020bc       UnwindUpVec                100030bc     LIBCMT:memcpy.obj
 0001:00002128       TrailUpVec                 10003128     LIBCMT:memcpy.obj
 0001:000021cc       LeadDownVec                100031cc     LIBCMT:memcpy.obj
 0001:00002258       UnwindDownVec              10003258     LIBCMT:memcpy.obj
 0001:000022c4       TrailDownVec               100032c4     LIBCMT:memcpy.obj
 0001:00002440       $$000000                   10003440     LIBCMT:strlen.obj
 0001:00002b24       __initterm                 10003b24 f   LIBCMT:crt0dat.obj
 0001:00002b8e       _doexit                    10003b8e f   LIBCMT:crt0dat.obj
 0001:00002ff0       $$000000                   10003ff0     LIBCMT:sehprolg4.obj
 0001:00004129       $LN277                     10005129     LIBCMT:output.obj
 0001:00004149       _write_char                10005149 f   LIBCMT:output.obj
 0001:00004191       _write_multi_char          10005191 f   LIBCMT:output.obj
 0001:000041bd       _write_string              100051bd f   LIBCMT:output.obj
 0001:00004290       $$000000                   10005290     LIBCMT:sqrt.obj
 0001:00004f88       ?CPtoLocaleName@@YAPB_WH@Z 10005f88 f   LIBCMT:mbctype.obj
 0001:00004fc2       ?getSystemCP@@YAHH@Z       10005fc2 f   LIBCMT:mbctype.obj
 0001:00005030       ?setSBCS@@YAXPAUthreadmbcinfostruct@@@Z 10006030 f   LIBCMT:mbctype.obj
 0001:0000508f       ?setSBUpLow@@YAXPAUthreadmbcinfostruct@@@Z 1000608f f   LIBCMT:mbctype.obj
 0001:00006087       _parse_cmdline             10007087 f   LIBCMT:stdargv.obj
 0001:00006810       $$000000                   10007810     LIBCMT:lowhelpr.obj
 0001:00006930       $$000000                   10007930     LIBCMT:strcmp.obj
 0001:00006ddd       __cftoe2_l                 10007ddd f   LIBCMT:cvt.obj
 0001:00006ffc       __cftof2_l                 10007ffc f   LIBCMT:cvt.obj
 0001:00007432       __shift                    10008432 f   LIBCMT:cvt.obj
 0001:000079a5       _siglookup                 100089a5 f   LIBCMT:winsig.obj
 0001:00007ee0       $$000000                   10008ee0     LIBCMT:exsup4.obj
 0001:00007f70       __unwind_handler4          10008f70 f   LIBCMT:exsup4.obj
 0001:00008040       $$000000                   10009040     LIBCMT:memset.obj
 0001:00008220       _flsall                    10009220 f   LIBCMT:fflush.obj
 0001:00008660       $$000000                   10009660     LIBCMT:ulldvrm.obj
 0001:00008850       $$000000                   10009850     LIBCMT:87disp.obj
 0001:00008a20       $$000000                   10009a20     LIBCMT:genexcep.obj
 0001:00008a80       $$000000                   10009a80     LIBCMT:common.obj
 0001:000090f2       ?__crtLCMapStringA_stat@@YAHPAUlocaleinfo_struct@@PB_WKPBDHPADHHH@Z 1000a0f2 f   LIBCMT:a_map.obj
 0001:0000933c       ?__crtGetStringTypeA_stat@@YAHPAUlocaleinfo_struct@@KPBDHPAGHH@Z 1000a33c f   LIBCMT:a_str.obj
 0001:00009525       ?x_ismbbtype_l@@YAHPAUlocaleinfo_struct@@IHH@Z 1000a525 f   LIBCMT:ismbbyte.obj
 0001:000095a0       $$000000                   1000a5a0     LIBCMT:exsup.obj
 0001:000095c0       __unwind_handler           1000a5c0 f   LIBCMT:exsup.obj
 0001:00009760       $$000000                   1000a760     LIBCMT:strrchr.obj
 0001:00009bf0       $$000000                   1000abf0     LIBCMT:lldvrm.obj
 0001:00009cd0       $$000000                   1000acd0     LIBCMT:ullshr.obj
 0001:0000ab00       $$000000                   1000bb00     LIBCMT:alloca16.obj
 0001:0000be91       $LN333                     1000ce91     LIBCMT:strgtold.obj
 0001:0000c895       ___hw_cw_sse2              1000d895 f   LIBCMT:ieee87.obj
 0001:0000cc40       __hw_cw                    1000dc40 f   LIBCMT:ieee87.obj
 0001:0000d170       $$000000                   1000e170     LIBCMT:chkstk.obj
 0001:0000d3c0       $$000000                   1000e3c0     LIBCMT:llmul.obj
 0001:0000d410       $$000000                   1000e410     LIBCMT:ftol3.obj
 0002:0000019c       _pinit                     1000f19c     LIBCMT:onexit.obj
 0002:000001a0       _pinit                     1000f1a0     LIBCMT:cpu_disp.obj
 0002:000001a4       _pinit                     1000f1a4     LIBCMT:_file.obj
 0002:000001a8       _pinit                     1000f1a8     LIBCMT:mbctype.obj
 0002:000001b4       _pterm                     1000f1b4     LIBCMT:wsetloca.obj
 0002:000001b8       _pterm                     1000f1b8     LIBCMT:initcon.obj
 0002:000001bc       _pterm                     1000f1bc     LIBCMT:_file.obj
 0002:00000698       __Win_errtab               1000f698     libcpmt:syserror.obj
 0002:000008f0       __Sys_errtab               1000f8f0     libcpmt:syserror.obj
 0002:00000f6c       _GS_ExceptionPointers      1000ff6c     LIBCMT:gs_report.obj
 0002:00000fa0       _rterrs                    1000ffa0     LIBCMT:crt0msg.obj
 0002:00001b44       __mb_locale_names          10010b44     LIBCMT:mbctype.obj
 0002:00001ee0       __first_127char            10010ee0     LIBCMT:wsetloca.obj
 0002:00004454       One                        10013454     LIBCMT:87disp.obj
 0002:0000445c       XAMtoTagTab                1001345c     LIBCMT:87disp.obj
 0002:00004470       One                        10013470     LIBCMT:common.obj
 0002:00004484       DblMax                     10013484     LIBCMT:common.obj
 0002:0000448c       DblMin                     1001348c     LIBCMT:common.obj
 0002:00004494       IeeeAdjO                   10013494     LIBCMT:common.obj
 0002:0000449c       IeeeAdjU                   1001349c     LIBCMT:common.obj
 0002:000044a4       _infinity                  100134a4     LIBCMT:common.obj
 0002:000044ac       _zero                      100134ac     LIBCMT:common.obj
 0002:00004cc8       _tokenTable                10013cc8     LIBCMT:undname.obj
 0002:00004d00       _nameTable                 10013d00     LIBCMT:undname.obj
 0002:00004e40       _rttiTable                 10013e40     LIBCMT:undname.obj
 0002:00005590       _Int32ToUInt32             10014590     LIBCMT:ftol3.obj
 0002:000055a0       _MantissaMask              100145a0     LIBCMT:ftol3.obj
 0002:000055a8       _IntegerBit                100145a8     LIBCMT:ftol3.obj
 0002:000055b0       _SignBit64                 100145b0     LIBCMT:ftol3.obj
 0002:000055b8       _MinFP64                   100145b8     LIBCMT:ftol3.obj
 0002:000055c0       _MinInt64                  100145c0     LIBCMT:ftol3.obj
 0002:000055c8       _MaxInt64                  100145c8     LIBCMT:ftol3.obj
 0002:000055d0       _MaxUInt64                 100145d0     LIBCMT:ftol3.obj
 0002:000055d8       _MaxFP32                   100145d8     LIBCMT:ftol3.obj
 0002:000055e0       _MinFP32                   100145e0     LIBCMT:ftol3.obj
 0002:000055e8       _MinSubInexact             100145e8     LIBCMT:ftol3.obj
 0002:000055f0       _FpExcptTable              100145f0     LIBCMT:ftol3.obj
 0002:00005600       _i1075                     10014600     LIBCMT:ftol3.obj
 0002:00005604       _i1087                     10014604     LIBCMT:ftol3.obj
 0002:00005608       _x0800                     10014608     LIBCMT:ftol3.obj
 0002:0000560c       _x17FF                     1001460c     LIBCMT:ftol3.obj
 0002:00005610       _CWMask                    10014610     LIBCMT:ftol3.obj
 0002:000056e0       __sehtable$__onexit        100146e0     LIBCMT:onexit.obj
 0002:00005700       __sehtable$_printf         10014700     LIBCMT:printf.obj
 0002:00005720       __sehtable$__CRT_INIT@12   10014720     LIBCMT:dllcrt0.obj
 0002:00005740       __sehtable$___DllMainCRTStartup 10014740     LIBCMT:dllcrt0.obj
 0002:00005760       __sehtable$_doexit         10014760     LIBCMT:crt0dat.obj
 0002:00005780       __sehtable$___set_fpsr_sse2 10014780     LIBCMT:fpctrl.obj
 0002:000057a0       __sehtable$___updatetlocinfo 100147a0     LIBCMT:localref.obj
 0002:000057c0       __sehtable$___updatetmbcinfo 100147c0     LIBCMT:mbctype.obj
 0002:000057e0       __sehtable$__setmbcp       100147e0     LIBCMT:mbctype.obj
 0002:00005800       __sehtable$__freefls@4     10014800     LIBCMT:tidtable.obj
 0002:00005828       __sehtable$__initptd       10014828     LIBCMT:tidtable.obj
 0002:00005850       __sehtable$__locterm       10014850     LIBCMT:wsetloca.obj
 0002:00005870       __sehtable$__ioinit        10014870     LIBCMT:ioinit.obj
 0002:00005890       __sehtable$?terminate@@YAXXZ 10014890     LIBCMT:hooks.obj
 0002:000058b0       __sehtable$___DestructExceptionObject 100148b0     LIBCMT:frame.obj
 0002:000058d0       __sehtable$__mtinitlocknum 100148d0     LIBCMT:mlock.obj
 0002:000058f0       __sehtable$__IsNonwritableInCurrentImage 100148f0     LIBCMT:pesect.obj
 0002:00005910       __sehtable$_raise          10014910     LIBCMT:winsig.obj
 0002:00005930       __sehtable$__fcloseall     10014930     LIBCMT:closeall.obj
 0002:00005950       __sehtable$_flsall         10014950     LIBCMT:fflush.obj
 0002:00005978       __sehtable$_fclose         10014978     LIBCMT:fclose.obj
 0002:00005998       __sehtable$__commit        10014998     LIBCMT:commit.obj
 0002:000059b8       __sehtable$__write         100149b8     LIBCMT:write.obj
 0002:000059d8       __sehtable$__lseeki64      100149d8     LIBCMT:lseeki64.obj
 0002:000059f8       __sehtable$__close         100149f8     LIBCMT:close.obj
 0002:00005a18       __sehtable$___lock_fhandle 10014a18     LIBCMT:osfinfo.obj
 0002:00005a40       .edata                     10014a40     windowsapi.exp
 0002:00005a68       rgpv                       10014a68     windowsapi.exp
 0002:00005a6c       rgszName                   10014a6c     windowsapi.exp
 0002:00005a70       rgwOrd                     10014a70     windowsapi.exp
 0002:00005a72       szName                     10014a72     windowsapi.exp
 0002:00005a82       $N00001                    10014a82     windowsapi.exp
 0002:00005d2c       .idata$6                   10014d2c     kernel32:KERNEL32.dll
 0002:00005dc6       .idata$6                   10014dc6     user32:USER32.dll
 0002:00006250       .idata$6                   10015250     iojs:node.dll
 0003:00000018       _errtable                  10016018     LIBCMT:dosmap.obj
 0003:00000180       _ErrnoNoMem                10016180     LIBCMT:dosmap.obj
 0003:00000184       _DoserrorNoMem             10016184     LIBCMT:dosmap.obj
 0003:00000420       _NAME_                     10016420     LIBCMT:sqrt.obj
 0003:00000450       ?_names@?1??_get_fname@@9@9 10016450     LIBCMT:fpexcept.obj
 0003:00000538       _over                      10016538     LIBCMT:fpctrl.obj
 0003:00000544       _under                     10016544     LIBCMT:fpctrl.obj
 0003:00000550       ?__DAZ_ENABLED@?1??__set_fpsr_sse2@@9@9 10016550     LIBCMT:fpctrl.obj
 0003:00000980       ___rgctypeflag             10016980     LIBCMT:mbctype.obj
 0003:00000988       ___rgcode_page_info        10016988     LIBCMT:mbctype.obj
 0003:00000cac       __ctype_loc_style          10016cac     LIBCMT:wsetloca.obj
 0003:00000cf0       ?isPackaged@?1??__crtIsPackagedApp@@9@9 10016cf0     LIBCMT:winapisupp.obj
 0003:00000d28       __locktable                10016d28     LIBCMT:mlock.obj
 0003:00000ed0       _DoubleFormat              10016ed0     LIBCMT:intrncvt.obj
 0003:00000ee8       _FloatFormat               10016ee8     LIBCMT:intrncvt.obj
 0003:000011c8       __module                   100171c8     * CIL library *:* CIL module *
 0003:00001200       _allocator_arg             10017200     libcpmt:syserror.obj
 0003:00001201       _piecewise_construct       10017201     libcpmt:syserror.obj
 0003:00001202       __Tuple_alloc              10017202     libcpmt:xthrow.obj
 0003:00001203       _ignore                    10017203     libcpmt:xthrow.obj
 0003:00001204       _allocator_arg             10017204     libcpmt:xthrow.obj
 0003:00001205       _piecewise_construct       10017205     libcpmt:xthrow.obj
 0003:00001218       ___enable_percent_n        10017218     LIBCMT:printf.obj
 0003:0000121c       ___proc_attached           1001721c     LIBCMT:dllcrt0.obj
 0003:00001230       _GS_ExceptionRecord        10017230     LIBCMT:gs_report.obj
 0003:00001280       _GS_ContextRecord          10017280     LIBCMT:gs_report.obj
 0003:0000154c       _DebuggerWasPresent        1001754c     LIBCMT:gs_report.obj
 0003:000015a0       ?outmsg@?8??_NMSG_WRITE@@9@9 100175a0     LIBCMT:crt0msg.obj
 0003:00001bfc       _fSystemSet                10017bfc     LIBCMT:mbctype.obj
 0003:00001d08       ?_pgmname@?1??_setargv@@9@9 10017d08     LIBCMT:stdargv.obj
 0003:00001e18       ___type_info_root_node     10017e18     LIBCMT:typname.obj
 0003:00001e20       _lclcritsects              10017e20     LIBCMT:mlock.obj
 0003:00001f70       _ctrlc_action              10017f70     LIBCMT:winsig.obj
 0003:00001f74       _ctrlbreak_action          10017f74     LIBCMT:winsig.obj
 0003:00001f78       _abort_action              10017f78     LIBCMT:winsig.obj
 0003:00001f7c       _term_action               10017f7c     LIBCMT:winsig.obj
 0003:00001f80       _ConsoleCtrlHandler_Installed 10017f80     LIBCMT:winsig.obj
 0003:00001f84       _g_pfnRtlGenRandom         10017f84     LIBCMT:rand_s.obj
 0003:00001f8c       ?pfnMessageBox@?1??__crtMessageBoxW@@9@9 10017f8c     LIBCMT:crtmboxw.obj
 0003:00001f90       ?pfnGetActiveWindow@?1??__crtMessageBoxW@@9@9 10017f90     LIBCMT:crtmboxw.obj
 0003:00001f94       ?pfnGetLastActivePopup@?1??__crtMessageBoxW@@9@9 10017f94     LIBCMT:crtmboxw.obj
 0003:00001f98       ?pfnGetProcessWindowStation@?1??__crtMessageBoxW@@9@9 10017f98     LIBCMT:crtmboxw.obj
 0003:00001f9c       ?pfnGetUserObjectInformation@?1??__crtMessageBoxW@@9@9 10017f9c     LIBCMT:crtmboxw.obj
 0003:00001fa0       ___crtCallProc             10017fa0     LIBCMT:winapinls.obj
 0003:00001fd4       _heap                      10017fd4     LIBCMT:undname.obj
 0003:00001ff8       _allocator_arg             10017ff8     * CIL library *:* CIL module *
 0003:00001ff9       _piecewise_construct       10017ff9     * CIL library *:* CIL module *
 0003:00001ffa       _allocator_arg             10017ffa     * CIL library *:* CIL module *
 0003:00001ffb       _piecewise_construct       10017ffb     * CIL library *:* CIL module *
 0004:00000060       $R000000                   1001a060     * linker generated manifest res *

 Exports

  ordinal    name

        1    __register_windowsapi_
               exported name: _register_windowsapi_
