 windowsapi

 Timestamp is 5a48ce0f (Sun Dec 31 19:46:23 2017)

 Preferred load address is 10000000

 Start         Length     Name                   Class
 0001:00000000 00000000H .text$di                CODE
 0001:00000000 0000cfebH .text$mn                CODE
 0001:0000cfeb 00000000H .text$x                 CODE
 0001:0000cff0 00000000H .text$yd                CODE
 0002:00000000 00000168H .idata$5                DATA
 0002:00000168 00000004H .CRT$XCA                DATA
 0002:0000016c 00000004H .CRT$XCU                DATA
 0002:00000170 00000004H .CRT$XCZ                DATA
 0002:00000174 00000004H .CRT$XIA                DATA
 0002:00000178 00000010H .CRT$XIC                DATA
 0002:00000188 00000004H .CRT$XIZ                DATA
 0002:0000018c 00000004H .CRT$XPA                DATA
 0002:00000190 00000008H .CRT$XPX                DATA
 0002:00000198 00000004H .CRT$XPXA               DATA
 0002:0000019c 00000004H .CRT$XPZ                DATA
 0002:000001a0 00000004H .CRT$XTA                DATA
 0002:000001a4 00000004H .CRT$XTZ                DATA
 0002:000001b0 000053e0H .rdata                  DATA
 0002:00005590 00000060H .rdata$debug            DATA
 0002:000055f0 00000000H .rdata$r                DATA
 0002:000055f0 0000000cH .rdata$sxdata           DATA
 0002:000055fc 00000004H .rtc$IAA                DATA
 0002:00005600 00000004H .rtc$IZZ                DATA
 0002:00005604 00000004H .rtc$TAA                DATA
 0002:00005608 00000004H .rtc$TZZ                DATA
 0002:00005610 00000354H .xdata$x                DATA
 0002:00005970 00000058H .edata                  DATA
 0002:000059c8 0000003cH .idata$2                DATA
 0002:00005a04 00000014H .idata$3                DATA
 0002:00005a18 00000168H .idata$4                DATA
 0002:00005b80 00000966H .idata$6                DATA
 0003:00000000 00001200H .data                   DATA
 0003:00001200 00000000H .data$r                 DATA
 0003:00001200 00001ee0H .bss                    DATA
 0004:00000000 00000058H .rsrc$01                DATA
 0004:00000060 00000180H .rsrc$02                DATA

  Address         Publics by Value              Rva+Base       Lib:Object

 0000:00000000       __except_list              00000000     <absolute>
 0000:00000000       ___guard_fids_count        00000000     <absolute>
 0000:00000000       ___guard_fids_table        00000000     <absolute>
 0000:00000000       ___guard_flags             00000000     <absolute>
 0000:00000003       ___safe_se_handler_count   00000003     <absolute>
 0000:00000000       ___ImageBase               10000000     <linker-defined>
 0001:00000000       ?NODE_SET_METHOD@node@@YAXV?$Local@VObject@v8@@@v8@@PBDP6AXABV?$FunctionCallbackInfo@VValue@v8@@@3@@Z@Z 10001000 f i api.obj
 0001:000000a0       ?Method@demo@@YAXABV?$FunctionCallbackInfo@VValue@v8@@@v8@@@Z 100010a0 f   api.obj
 0001:00000120       ?Method1@demo@@YAXABV?$FunctionCallbackInfo@VValue@v8@@@v8@@@Z 10001120 f   api.obj
 0001:00000230       ?GetWndHwnd@demo@@YAXABV?$FunctionCallbackInfo@VValue@v8@@@v8@@@Z 10001230 f   api.obj
 0001:000002f0       ?getWndPid@demo@@YAXABV?$FunctionCallbackInfo@VValue@v8@@@v8@@@Z 100012f0 f   api.obj
 0001:000003c0       ?SearchInt@demo@@YAXABV?$FunctionCallbackInfo@VValue@v8@@@v8@@@Z 100013c0 f   api.obj
 0001:000005d0       ?MyReadProcessMemory@demo@@YAXABV?$FunctionCallbackInfo@VValue@v8@@@v8@@@Z 100015d0 f   api.obj
 0001:00000710       ?RunCallback@demo@@YAXABV?$FunctionCallbackInfo@VValue@v8@@@v8@@@Z 10001710 f   api.obj
 0001:000007a0       ?init@demo@@YAXV?$Local@VObject@v8@@@v8@@@Z 100017a0 f   api.obj
 0001:00000840       ?MyEnumProc@windows@@YGHPAUHWND__@@J@Z 10001840 f   windowsapi.obj
 0001:00000880       ?GetWndHwnd@windows@@YAPAUHWND__@@PBD@Z 10001880 f   windowsapi.obj
 0001:00000982       @__security_check_cookie@4 10001982 f   LIBCMT:secchk.obj
 0001:000009a0       _memmove                   100019a0 f   LIBCMT:memmove.obj
 0001:00000fe4       _free                      10001fe4 f   LIBCMT:free.obj
 0001:0000101c       _malloc                    1000201c f   LIBCMT:malloc.obj
 0001:000010ae       ___onexitinit              100020ae f   LIBCMT:onexit.obj
 0001:000010dd       __onexit                   100020dd f   LIBCMT:onexit.obj
 0001:000011d9       _atexit                    100021d9 f   LIBCMT:onexit.obj
 0001:000011ee       ??3@YAXPAX@Z               100021ee f   LIBCMT:delete.obj
 0001:000011f3       __get_printf_count_output  100021f3 f   LIBCMT:printf.obj
 0001:00001208       _printf                    10002208 f   LIBCMT:printf.obj
 0001:000012b7       ??0_LocaleUpdate@@QAE@PAUlocaleinfo_struct@@@Z 100022b7 f i LIBCMT:stricmp.obj
 0001:0000133f       __CRT_INIT@12              1000233f f   LIBCMT:dllcrt0.obj
 0001:000014b1       __DllMainCRTStartup@12     100024b1 f   LIBCMT:dllcrt0.obj
 0001:000015e2       ___DllXcptFilter           100025e2 f   LIBCMT:dllcrt0.obj
 0001:00001610       _memcpy                    10002610 f   LIBCMT:memcpy.obj
 0001:00001c60       _strlen                    10002c60 f   LIBCMT:strlen.obj
 0001:00001ceb       ?_CallMemberFunction0@@YGXPAX0@Z 10002ceb f   LIBCMT:_trnsctrl_.obj
 0001:00001cf2       __fpmath                   10002cf2 f   LIBCMT:fpinit.obj
 0001:00001d09       __cfltcvt_init             10002d09 f   LIBCMT:fpinit.obj
 0001:00001d69       ___raise_securityfailure   10002d69 f   LIBCMT:gs_report.obj
 0001:00001da6       ___report_gsfailure        10002da6 f   LIBCMT:gs_report.obj
 0001:00001ea1       ___isa_available_init      10002ea1 f   LIBCMT:cpu_disp.obj
 0001:0000201a       ___doserrno                1000301a f   LIBCMT:dosmap.obj
 0001:0000202d       __dosmaperr                1000302d f   LIBCMT:dosmap.obj
 0001:0000204e       __errno                    1000304e f   LIBCMT:dosmap.obj
 0001:00002061       __get_errno_from_oserr     10003061 f   LIBCMT:dosmap.obj
 0001:000020a2       __heap_init                100030a2 f   LIBCMT:heapinit.obj
 0001:000020b7       __heap_term                100030b7 f   LIBCMT:heapinit.obj
 0001:000020bf       __callnewh                 100030bf f   LIBCMT:handler.obj
 0001:000020e5       __initp_heap_handler       100030e5 f   LIBCMT:handler.obj
 0001:000020f2       ___crtCorExitProcess       100030f2 f   LIBCMT:crt0dat.obj
 0001:00002126       ___crtExitProcess          10003126 f   LIBCMT:crt0dat.obj
 0001:0000213c       ___freeCrtMemory           1000313c f   LIBCMT:crt0dat.obj
 0001:00002249       __amsg_exit                10003249 f   LIBCMT:crt0dat.obj
 0001:00002265       __cexit                    10003265 f   LIBCMT:crt0dat.obj
 0001:00002274       __cinit                    10003274 f   LIBCMT:crt0dat.obj
 0001:000022f8       __exit                     100032f8 f   LIBCMT:crt0dat.obj
 0001:0000230c       __init_pointers            1000330c f   LIBCMT:crt0dat.obj
 0001:0000237a       __initterm_e               1000337a f   LIBCMT:crt0dat.obj
 0001:0000239c       __lockexit                 1000339c f   LIBCMT:crt0dat.obj
 0001:000023a5       __unlockexit               100033a5 f   LIBCMT:crt0dat.obj
 0001:000024dd       __FF_MSGBANNER             100034dd f   LIBCMT:crt0msg.obj
 0001:00002516       __GET_RTERRMSG             10003516 f   LIBCMT:crt0msg.obj
 0001:0000253a       __NMSG_WRITE               1000353a f   LIBCMT:crt0msg.obj
 0001:000026f7       __msize                    100036f7 f   LIBCMT:msize.obj
 0001:00002728       __calloc_crt               10003728 f   LIBCMT:crtheap.obj
 0001:00002770       __malloc_crt               10003770 f   LIBCMT:crtheap.obj
 0001:000027b7       __realloc_crt              100037b7 f   LIBCMT:crtheap.obj
 0001:00002810       __SEH_prolog4              10003810 f   LIBCMT:sehprolg4.obj
 0001:00002855       __SEH_epilog4              10003855 f   LIBCMT:sehprolg4.obj
 0001:00002870       __except_handler4          10003870 f   LIBCMT:chandler4.obj
 0001:00002a04       _abort                     10003a04 f   LIBCMT:abort.obj
 0001:00002a47       __initp_misc_purevirt      10003a47 f   LIBCMT:inithelp.obj
 0001:00002a60       __CIsqrt                   10003a60 f   LIBCMT:sqrt.obj
 0001:00002a74       _sqrt                      10003a74     LIBCMT:sqrt.obj
 0001:00002b1a       __decomp                   10003b1a f   LIBCMT:util.obj
 0001:00002bec       __set_exp                  10003bec f   LIBCMT:util.obj
 0001:00002c1b       __errcode                  10003c1b f   LIBCMT:fpexcept.obj
 0001:00002c4d       __except1                  10003c4d f   LIBCMT:fpexcept.obj
 0001:00002d15       __handle_exc               10003d15 f   LIBCMT:fpexcept.obj
 0001:00002ef3       __raise_exc                10003ef3 f   LIBCMT:fpexcept.obj
 0001:00002f14       __raise_exc_ex             10003f14 f   LIBCMT:fpexcept.obj
 0001:000031f9       __set_errno_from_matherr   100041f9 f   LIBCMT:fpexcept.obj
 0001:00003226       __umatherr                 10004226 f   LIBCMT:fpexcept.obj
 0001:000032c6       ___set_fpsr_sse2           100042c6 f   LIBCMT:fpctrl.obj
 0001:0000333c       __clrfp                    1000433c f   LIBCMT:fpctrl.obj
 0001:0000334d       __ctrlfp                   1000434d f   LIBCMT:fpctrl.obj
 0001:00003378       __set_statfp               10004378 f   LIBCMT:fpctrl.obj
 0001:000033d0       __statfp                   100043d0 f   LIBCMT:fpctrl.obj
 0001:000033e0       __call_reportfault         100043e0 f   LIBCMT:invarg.obj
 0001:00003505       __initp_misc_invarg        10004505 f   LIBCMT:invarg.obj
 0001:00003512       __invalid_parameter        10004512 f   LIBCMT:invarg.obj
 0001:0000353d       __invalid_parameter_noinfo 1000453d f   LIBCMT:invarg.obj
 0001:0000354d       __invoke_watson            1000454d f   LIBCMT:invarg.obj
 0001:00003578       ___initstdio               10004578 f   LIBCMT:_file.obj
 0001:000035eb       ___endstdio                100045eb f   LIBCMT:_file.obj
 0001:00003612       ___iob_func                10004612 f   LIBCMT:_file.obj
 0001:00003618       __lock_file                10004618 f   LIBCMT:_file.obj
 0001:00003657       __lock_file2               10004657 f   LIBCMT:_file.obj
 0001:00003687       __unlock_file              10004687 f   LIBCMT:_file.obj
 0001:000036c1       __unlock_file2             100046c1 f   LIBCMT:_file.obj
 0001:000036ee       __ftbuf                    100046ee f   LIBCMT:_sftbuf.obj
 0001:0000371f       __stbuf                    1000471f f   LIBCMT:_sftbuf.obj
 0001:000037c5       __output_l                 100047c5 f   LIBCMT:output.obj
 0001:00004431       ___addlocaleref            10005431 f   LIBCMT:localref.obj
 0001:000044c6       ___freetlocinfo            100054c6 f   LIBCMT:localref.obj
 0001:00004620       ___removelocaleref         10005620 f   LIBCMT:localref.obj
 0001:000046c0       ___updatetlocinfo          100056c0 f   LIBCMT:localref.obj
 0001:00004740       __updatetlocinfoEx_nolock  10005740 f   LIBCMT:localref.obj
 0001:0000478b       ___initmbctable            1000578b f   LIBCMT:mbctype.obj
 0001:00004a42       ___updatetmbcinfo          10005a42 f   LIBCMT:mbctype.obj
 0001:00004ae8       __setmbcp                  10005ae8 f   LIBCMT:mbctype.obj
 0001:00004c90       __setmbcp_nolock           10005c90 f   LIBCMT:mbctype.obj
 0001:00004e7b       __tolower_l                10005e7b f   LIBCMT:tolower.obj
 0001:00004fbe       _tolower                   10005fbe f   LIBCMT:tolower.obj
 0001:00004fea       __freefls@4                10005fea f   LIBCMT:tidtable.obj
 0001:0000511f       __freeptd                  1000611f f   LIBCMT:tidtable.obj
 0001:00005155       __getptd                   10006155 f   LIBCMT:tidtable.obj
 0001:0000516d       __getptd_noexit            1000616d f   LIBCMT:tidtable.obj
 0001:000051dc       __initptd                  100061dc f   LIBCMT:tidtable.obj
 0001:0000528f       __mtinit                   1000628f f   LIBCMT:tidtable.obj
 0001:00005305       __mtterm                   10006305 f   LIBCMT:tidtable.obj
 0001:00005322       __locterm                  10006322 f   LIBCMT:wsetloca.obj
 0001:00005374       __XcptFilter               10006374 f   LIBCMT:winxfltr.obj
 0001:000054cf       ___CppXcptFilter           100064cf f   LIBCMT:winxfltr.obj
 0001:000054ed       __ioinit                   100064ed f   LIBCMT:ioinit.obj
 0001:000057a1       __ioterm                   100067a1 f   LIBCMT:ioinit.obj
 0001:000057f3       __setargv                  100067f3 f   LIBCMT:stdargv.obj
 0001:00005a22       __setenvp                  10006a22 f   LIBCMT:stdenvp.obj
 0001:00005b03       ___security_init_cookie    10006b03 f   LIBCMT:gs_support.obj
 0001:00005b9f       _DllMain@12                10006b9f f   LIBCMT:dllmain.obj
 0001:00005ba5       ___crtGetEnvironmentStringsA 10006ba5 f   LIBCMT:a_env.obj
 0001:00005c32       ___crtFlsAlloc             10006c32 f   LIBCMT:winapisupp.obj
 0001:00005c50       ___crtFlsFree              10006c50 f   LIBCMT:winapisupp.obj
 0001:00005c6f       ___crtFlsGetValue          10006c6f f   LIBCMT:winapisupp.obj
 0001:00005c8e       ___crtFlsSetValue          10006c8e f   LIBCMT:winapisupp.obj
 0001:00005cb0       ___crtInitializeCriticalSectionEx 10006cb0 f   LIBCMT:winapisupp.obj
 0001:00005cde       ___crtIsPackagedApp        10006cde f   LIBCMT:winapisupp.obj
 0001:00005d1e       ___crtLoadWinApiPointers   10006d1e f   LIBCMT:winapisupp.obj
 0001:00005fa9       ___crtSleep                10006fa9 f   LIBCMT:winapisupp.obj
 0001:00005fb7       ___crtTerminateProcess     10006fb7 f   LIBCMT:winapisupp.obj
 0001:00005fcc       ___crtUnhandledException   10006fcc f   LIBCMT:winapisupp.obj
 0001:00005fe2       __RTC_Initialize           10006fe2 f   LIBCMT:initsect.obj
 0001:00006002       __RTC_Terminate            10007002 f   LIBCMT:initsect.obj
 0001:00006030       __CallSettingFrame@12      10007030 f   LIBCMT:lowhelpr.obj
 0001:00006057       __NLG_Return               10007057     LIBCMT:lowhelpr.obj
 0001:0000607c       ?terminate@@YAXXZ          1000707c f   LIBCMT:hooks.obj
 0001:000060b0       __initp_eh_hooks           100070b0 f   LIBCMT:hooks.obj
 0001:000060c1       ___DestructExceptionObject 100070c1 f   LIBCMT:frame.obj
 0001:00006150       _strcmp                    10007150 f   LIBCMT:strcmp.obj
 0001:000061dc       __cfltcvt                  100071dc f   LIBCMT:cvt.obj
 0001:000061fd       __cfltcvt_l                100071fd f   LIBCMT:cvt.obj
 0001:00006283       __cftoa_l                  10007283 f   LIBCMT:cvt.obj
 0001:000065df       __cftoe                    100075df f   LIBCMT:cvt.obj
 0001:0000674e       __cftoe_l                  1000774e f   LIBCMT:cvt.obj
 0001:00006908       __cftof_l                  10007908 f   LIBCMT:cvt.obj
 0001:000069c9       __cftog_l                  100079c9 f   LIBCMT:cvt.obj
 0001:00006ac8       __cropzeros                10007ac8 f   LIBCMT:cvt.obj
 0001:00006ad9       __cropzeros_l              10007ad9 f   LIBCMT:cvt.obj
 0001:00006b59       __fassign                  10007b59 f   LIBCMT:cvt.obj
 0001:00006b71       __fassign_l                10007b71 f   LIBCMT:cvt.obj
 0001:00006bb3       __forcdecpt                10007bb3 f   LIBCMT:cvt.obj
 0001:00006bc4       __forcdecpt_l              10007bc4 f   LIBCMT:cvt.obj
 0001:00006c38       __positive                 10007c38 f   LIBCMT:cvt.obj
 0001:00006c7a       __setdefaultprecision      10007c7a f   LIBCMT:fp8.obj
 0001:00006ca1       __initp_misc_cfltcvt_tab   10007ca1 f   LIBCMT:cmiscdat.obj
 0001:00006cc0       _strcpy_s                  10007cc0 f   LIBCMT:strcpy_s.obj
 0001:00006d15       __crt_debugger_hook        10007d15 f   LIBCMT:dbghook.obj
 0001:00006d1d       __lock                     10007d1d f   LIBCMT:mlock.obj
 0001:00006d51       __mtdeletelocks            10007d51 f   LIBCMT:mlock.obj
 0001:00006da5       __mtinitlocknum            10007da5 f   LIBCMT:mlock.obj
 0001:00006e4e       __mtinitlocks              10007e4e f   LIBCMT:mlock.obj
 0001:00006e87       __unlock                   10007e87 f   LIBCMT:mlock.obj
 0001:00006ea0       __FindPESection            10007ea0 f   LIBCMT:pesect.obj
 0001:00006ef0       __IsNonwritableInCurrentImage 10007ef0 f   LIBCMT:pesect.obj
 0001:00006fb0       __ValidateImageBase        10007fb0 f   LIBCMT:pesect.obj
 0001:00006fe1       ___get_sigabrt             10007fe1 f   LIBCMT:winsig.obj
 0001:00006fef       __initp_misc_winsig        10007fef f   LIBCMT:winsig.obj
 0001:0000700b       _raise                     1000800b f   LIBCMT:winsig.obj
 0001:00007200       __initp_misc_rand_s        10008200 f   LIBCMT:rand_s.obj
 0001:0000720d       _wcscat_s                  1000820d f   LIBCMT:wcscat_s.obj
 0001:00007279       _wcscpy_s                  10008279 f   LIBCMT:wcscpy_s.obj
 0001:000072d5       _wcslen                    100082d5 f   LIBCMT:wcslen.obj
 0001:000072ee       _wcsncpy_s                 100082ee f   LIBCMT:wcsncpy_s.obj
 0001:000073ac       __set_error_mode           100083ac f   LIBCMT:errmode.obj
 0001:000073ec       ___crtMessageBoxW          100083ec f   LIBCMT:crtmboxw.obj
 0001:000075d2       _realloc                   100085d2 f   LIBCMT:realloc.obj
 0001:0000767d       __calloc_impl              1000867d f   LIBCMT:calloc_impl.obj
 0001:00007700       __local_unwind4            10008700 f   LIBCMT:exsup4.obj
 0001:000077d6       __seh_longjmp_unwind4@4    100087d6 f   LIBCMT:exsup4.obj
 0001:000077f2       @_EH4_CallFilterFunc@8     100087f2 f   LIBCMT:exsup4.obj
 0001:00007809       @_EH4_TransferToHandler@8  10008809 f   LIBCMT:exsup4.obj
 0001:00007822       @_EH4_GlobalUnwind2@8      10008822 f   LIBCMT:exsup4.obj
 0001:0000783b       @_EH4_LocalUnwind@16       1000883b f   LIBCMT:exsup4.obj
 0001:00007852       __freea                    10008852 f i LIBCMT:a_loc.obj
 0001:00007870       _GetTableIndexFromLocaleName 10008870 f   LIBCMT:winapinls.obj
 0001:000078be       ___crtDownlevelLocaleNameToLCID 100088be f   LIBCMT:winapinls.obj
 0001:000078e8       ___crtLCMapStringEx        100088e8 f   LIBCMT:winapinls.obj
 0001:00007934       ___wcsnicmp_ascii          10008934 f   LIBCMT:winapinls.obj
 0001:000079b0       __trandisp1                100089b0 f   LIBCMT:87disp.obj
 0001:00007a17       __trandisp2                10008a17 f   LIBCMT:87disp.obj
 0001:00007aa3       __rttospopde               10008aa3     LIBCMT:87disp.obj
 0001:00007aa8       __rttospop                 10008aa8     LIBCMT:87disp.obj
 0001:00007aaa       __rtnospop                 10008aaa     LIBCMT:87disp.obj
 0001:00007aac       __rttosnpop                10008aac     LIBCMT:87disp.obj
 0001:00007aad       __rtnospopde               10008aad     LIBCMT:87disp.obj
 0001:00007ab4       __rtzeropop                10008ab4     LIBCMT:87disp.obj
 0001:00007ab6       __rtzeronpop               10008ab6     LIBCMT:87disp.obj
 0001:00007abb       __rtonepop                 10008abb     LIBCMT:87disp.obj
 0001:00007abd       __rtonenpop                10008abd     LIBCMT:87disp.obj
 0001:00007ac2       __tosnan1                  10008ac2     LIBCMT:87disp.obj
 0001:00007aed       __nosnan2                  10008aed     LIBCMT:87disp.obj
 0001:00007aef       __tosnan2                  10008aef     LIBCMT:87disp.obj
 0001:00007b17       __nan2                     10008b17     LIBCMT:87disp.obj
 0001:00007b56       __rtindfpop                10008b56     LIBCMT:87disp.obj
 0001:00007b58       __rtindfnpop               10008b58     LIBCMT:87disp.obj
 0001:00007b69       __rttosnpopde              10008b69     LIBCMT:87disp.obj
 0001:00007b73       __rtchsifneg               10008b73     LIBCMT:87disp.obj
 0001:00007b80       __startTwoArgErrorHandling 10008b80 f   LIBCMT:genexcep.obj
 0001:00007b97       __startOneArgErrorHandling 10008b97 f   LIBCMT:genexcep.obj
 0001:00007be0       __twoToTOS                 10008be0 f   LIBCMT:common.obj
 0001:00007bf5       __load_CW                  10008bf5 f   LIBCMT:common.obj
 0001:00007c0c       __convertTOStoQNaN         10008c0c f   LIBCMT:common.obj
 0001:00007c25       __fload_withFB             10008c25 f   LIBCMT:common.obj
 0001:00007c68       __checkTOS_withFB          10008c68 f   LIBCMT:common.obj
 0001:00007c7e       __fast_exit                10008c7e f   LIBCMT:common.obj
 0001:00007c8b       __math_exit                10008c8b f   LIBCMT:common.obj
 0001:00007cb5       __check_overflow_exit      10008cb5 f   LIBCMT:common.obj
 0001:00007cc9       __check_range_exit         10008cc9 f   LIBCMT:common.obj
 0001:00007d6c       __matherr                  10008d6c f   LIBCMT:matherr.obj
 0001:00007d70       _memset                    10008d70 f   LIBCMT:memset.obj
 0001:00007e00       __fcloseall                10008e00 f   LIBCMT:closeall.obj
 0001:00007e9d       __fflush_nolock            10008e9d f   LIBCMT:fflush.obj
 0001:00007ee3       __flush                    10008ee3 f   LIBCMT:fflush.obj
 0001:00007f47       __flushall                 10008f47 f   LIBCMT:fflush.obj
 0001:00008034       __fileno                   10009034 f   LIBCMT:fileno.obj
 0001:00008058       __isatty                   10009058 f   LIBCMT:isatty.obj
 0001:000080ac       __isleadbyte_l             100090ac f i LIBCMT:_wctype.obj
 0001:000080e6       _isleadbyte                100090e6 f i LIBCMT:_wctype.obj
 0001:000080f7       __flsbuf                   100090f7 f   LIBCMT:_flsbuf.obj
 0001:00008246       __wctomb_s_l               10009246 f   LIBCMT:wctomb.obj
 0001:0000836a       _wctomb_s                  1000936a f   LIBCMT:wctomb.obj
 0001:00008390       __aulldvrm                 10009390 f   LIBCMT:ulldvrm.obj
 0001:00008425       ___free_lconv_mon          10009425 f   LIBCMT:initmon.obj
 0001:00008521       ___free_lconv_num          10009521 f   LIBCMT:initnum.obj
 0001:00008588       ___free_lc_time            10009588 f   LIBCMT:inittime.obj
 0001:00008b0c       ___crtLCMapStringA         10009b0c f   LIBCMT:a_map.obj
 0001:00008c4a       ___crtGetStringTypeA       10009c4a f   LIBCMT:a_str.obj
 0001:00008c8a       __isctype_l                10009c8a f   LIBCMT:isctype.obj
 0001:00008d95       __ismbblead                10009d95 f   LIBCMT:ismbbyte.obj
 0001:00008db0       __global_unwind2           10009db0 f   LIBCMT:exsup.obj
 0001:00008e15       __local_unwind2            10009e15 f   LIBCMT:exsup.obj
 0001:00008e99       __abnormal_termination     10009e99 f   LIBCMT:exsup.obj
 0001:00008ebc       __NLG_Notify1              10009ebc f   LIBCMT:exsup.obj
 0001:00008ec5       __NLG_Notify               10009ec5 f   LIBCMT:exsup.obj
 0001:00008edc       __NLG_Dispatch             10009edc     LIBCMT:exsup.obj
 0001:00008edc       __NLG_Dispatch2            10009edc     LIBCMT:exsup.obj
 0001:00008ee4       __NLG_Call                 10009ee4 f   LIBCMT:exsup.obj
 0001:00008ee6       __NLG_Return2              10009ee6     LIBCMT:exsup.obj
 0001:00008ee7       __isdigit_l                10009ee7 f i LIBCMT:_ctype.obj
 0001:00008f39       _isdigit                   10009f39 f i LIBCMT:_ctype.obj
 0001:00008f70       _strrchr                   10009f70 f   LIBCMT:strrchr.obj
 0001:000090a7       __fptostr                  1000a0a7 f   LIBCMT:_fptostr.obj
 0001:00009157       ___crt_atoflt_l            1000a157 f   LIBCMT:atodbl.obj
 0001:000091fb       __atodbl_l                 1000a1fb f   LIBCMT:atodbl.obj
 0001:00009289       __atoflt_l                 1000a289 f   LIBCMT:atodbl.obj
 0001:000092a1       ___dtold                   1000a2a1 f   LIBCMT:cfout.obj
 0001:00009369       __fltout2                  1000a369 f   LIBCMT:cfout.obj
 0001:00009400       __alldvrm                  1000a400 f   LIBCMT:lldvrm.obj
 0001:000094e0       __aullshr                  1000a4e0 f   LIBCMT:ullshr.obj
 0001:000094ff       __controlfp_s              1000a4ff f   LIBCMT:contrlfp.obj
 0001:0000955c       __fptrap                   1000a55c f   LIBCMT:crt0fp.obj
 0001:00009570       __alloca_probe_16          1000a570 f   LIBCMT:alloca16.obj
 0001:00009586       __alloca_probe_8           1000a586     LIBCMT:alloca16.obj
 0001:0000959c       __87except                 1000a59c f   LIBCMT:87except.obj
 0001:000096a5       __VEC_memset               1000a6a5 f   LIBCMT:p4_memset.obj
 0001:0000976d       __fclose_nolock            1000a76d f   LIBCMT:fclose.obj
 0001:000097d9       _fclose                    1000a7d9 f   LIBCMT:fclose.obj
 0001:00009850       __commit                   1000a850 f   LIBCMT:commit.obj
 0001:00009939       __write                    1000a939 f   LIBCMT:write.obj
 0001:00009a28       __write_nolock             1000aa28 f   LIBCMT:write.obj
 0001:0000a28d       __lseeki64                 1000b28d f   LIBCMT:lseeki64.obj
 0001:0000a389       __lseeki64_nolock          1000b389 f   LIBCMT:lseeki64.obj
 0001:0000a3fc       __getbuf                   1000b3fc f   LIBCMT:_getbuf.obj
 0001:0000a442       __ld12tod                  1000b442 f   LIBCMT:intrncvt.obj
 0001:0000a9b4       __ld12tof                  1000b9b4 f   LIBCMT:intrncvt.obj
 0001:0000af26       ___strgtold12_l            1000bf26 f   LIBCMT:strgtold.obj
 0001:0000b6ce       _$I10_OUTPUT               1000c6ce f   LIBCMT:x10fout.obj
 0001:0000c14b       __control87                1000d14b f i LIBCMT:ieee87.obj
 0001:0000c4f0       __alloca_probe             1000d4f0 f   LIBCMT:chkstk.obj
 0001:0000c4f0       __chkstk                   1000d4f0 f   LIBCMT:chkstk.obj
 0001:0000c51b       __close                    1000d51b f   LIBCMT:close.obj
 0001:0000c5f6       __close_nolock             1000d5f6 f   LIBCMT:close.obj
 0001:0000c690       __freebuf                  1000d690 f   LIBCMT:_freebuf.obj
 0001:0000c6c0       ___lock_fhandle            1000d6c0 f   LIBCMT:osfinfo.obj
 0001:0000c74e       __free_osfhnd              1000d74e f   LIBCMT:osfinfo.obj
 0001:0000c7d4       __get_osfhandle            1000d7d4 f   LIBCMT:osfinfo.obj
 0001:0000c83b       __unlock_fhandle           1000d83b f   LIBCMT:osfinfo.obj
 0001:0000c861       __mbtowc_l                 1000d861 f   LIBCMT:mbtowc.obj
 0001:0000c956       _mbtowc                    1000d956 f   LIBCMT:mbtowc.obj
 0001:0000c96e       __putwch_nolock            1000d96e f   LIBCMT:putwch.obj
 0001:0000c9b1       ___mtold12                 1000d9b1 f   LIBCMT:mantold.obj
 0001:0000cb91       ___termconout              1000db91 f   LIBCMT:initcon.obj
 0001:0000cba8       ___initconout              1000dba8 f   LIBCMT:initcon.obj
 0001:0000cbd0       __allmul                   1000dbd0 f   LIBCMT:llmul.obj
 0001:0000cc10       _RtlUnwind@16              1000dc10 f   kernel32:KERNEL32.dll
 0001:0000cc16       _IsProcessorFeaturePresent@4 1000dc16 f   kernel32:KERNEL32.dll
 0001:0000cc20       __ftoui3                   1000dc20 f   LIBCMT:ftol3.obj
 0001:0000cc2f       __ftoul3                   1000dc2f f   LIBCMT:ftol3.obj
 0001:0000cc3e       __ftol3                    1000dc3e f   LIBCMT:ftol3.obj
 0001:0000cc4b       __ftol3_NaN                1000dc4b f   LIBCMT:ftol3.obj
 0001:0000cc63       __ftol3_work               1000dc63 f   LIBCMT:ftol3.obj
 0001:0000cce9       __ftol3_common             1000dce9 f   LIBCMT:ftol3.obj
 0001:0000cdab       __ftol3_arg_error          1000ddab f   LIBCMT:ftol3.obj
 0001:0000cdbd       __ftol3_except             1000ddbd f   LIBCMT:ftol3.obj
 0001:0000cdff       __dtoui3                   1000ddff f   LIBCMT:ftol3.obj
 0001:0000ce0e       __dtoul3                   1000de0e f   LIBCMT:ftol3.obj
 0001:0000ce1d       __dtol3                    1000de1d f   LIBCMT:ftol3.obj
 0001:0000ce2a       __dtol3_NaN                1000de2a f   LIBCMT:ftol3.obj
 0001:0000ce47       __dtol3_work               1000de47 f   LIBCMT:ftol3.obj
 0001:0000cf2c       __ultod3                   1000df2c f   LIBCMT:ftol3.obj
 0001:0000cfbd       __ltod3                    1000dfbd f   LIBCMT:ftol3.obj
 0002:00000000       __imp__VirtualQueryEx@16   1000e000     kernel32:KERNEL32.dll
 0002:00000004       __imp__OpenProcess@12      1000e004     kernel32:KERNEL32.dll
 0002:00000008       __imp__ReadProcessMemory@20 1000e008     kernel32:KERNEL32.dll
 0002:0000000c       __imp__Process32First@8    1000e00c     kernel32:KERNEL32.dll
 0002:00000010       __imp__Process32Next@8     1000e010     kernel32:KERNEL32.dll
 0002:00000014       __imp__CreateToolhelp32Snapshot@8 1000e014     kernel32:KERNEL32.dll
 0002:00000018       __imp__CloseHandle@4       1000e018     kernel32:KERNEL32.dll
 0002:0000001c       __imp__WriteConsoleW@20    1000e01c     kernel32:KERNEL32.dll
 0002:00000020       __imp__SetStdHandle@8      1000e020     kernel32:KERNEL32.dll
 0002:00000024       __imp__SetFilePointerEx@20 1000e024     kernel32:KERNEL32.dll
 0002:00000028       __imp__GetConsoleMode@8    1000e028     kernel32:KERNEL32.dll
 0002:0000002c       __imp__GetConsoleCP@0      1000e02c     kernel32:KERNEL32.dll
 0002:00000030       __imp__FlushFileBuffers@4  1000e030     kernel32:KERNEL32.dll
 0002:00000034       __imp__GetStringTypeW@16   1000e034     kernel32:KERNEL32.dll
 0002:00000038       __imp__LCMapStringW@24     1000e038     kernel32:KERNEL32.dll
 0002:0000003c       __imp__HeapReAlloc@16      1000e03c     kernel32:KERNEL32.dll
 0002:00000040       __imp__OutputDebugStringW@4 1000e040     kernel32:KERNEL32.dll
 0002:00000044       __imp__LoadLibraryExW@12   1000e044     kernel32:KERNEL32.dll
 0002:00000048       __imp__GetModuleHandleW@4  1000e048     kernel32:KERNEL32.dll
 0002:0000004c       __imp__GetLastError@0      1000e04c     kernel32:KERNEL32.dll
 0002:00000050       __imp__HeapFree@12         1000e050     kernel32:KERNEL32.dll
 0002:00000054       __imp__HeapAlloc@12        1000e054     kernel32:KERNEL32.dll
 0002:00000058       __imp__EncodePointer@4     1000e058     kernel32:KERNEL32.dll
 0002:0000005c       __imp__DecodePointer@4     1000e05c     kernel32:KERNEL32.dll
 0002:00000060       __imp__GetCommandLineA@0   1000e060     kernel32:KERNEL32.dll
 0002:00000064       __imp__GetCurrentThreadId@0 1000e064     kernel32:KERNEL32.dll
 0002:00000068       __imp__RaiseException@16   1000e068     kernel32:KERNEL32.dll
 0002:0000006c       __imp__RtlUnwind@16        1000e06c     kernel32:KERNEL32.dll
 0002:00000070       __imp__IsDebuggerPresent@0 1000e070     kernel32:KERNEL32.dll
 0002:00000074       __imp__IsProcessorFeaturePresent@4 1000e074     kernel32:KERNEL32.dll
 0002:00000078       __imp__GetProcessHeap@0    1000e078     kernel32:KERNEL32.dll
 0002:0000007c       __imp__ExitProcess@4       1000e07c     kernel32:KERNEL32.dll
 0002:00000080       __imp__GetModuleHandleExW@12 1000e080     kernel32:KERNEL32.dll
 0002:00000084       __imp__GetProcAddress@8    1000e084     kernel32:KERNEL32.dll
 0002:00000088       __imp__MultiByteToWideChar@24 1000e088     kernel32:KERNEL32.dll
 0002:0000008c       __imp__WideCharToMultiByte@32 1000e08c     kernel32:KERNEL32.dll
 0002:00000090       __imp__GetStdHandle@4      1000e090     kernel32:KERNEL32.dll
 0002:00000094       __imp__WriteFile@20        1000e094     kernel32:KERNEL32.dll
 0002:00000098       __imp__GetModuleFileNameW@12 1000e098     kernel32:KERNEL32.dll
 0002:0000009c       __imp__HeapSize@12         1000e09c     kernel32:KERNEL32.dll
 0002:000000a0       __imp__EnterCriticalSection@4 1000e0a0     kernel32:KERNEL32.dll
 0002:000000a4       __imp__LeaveCriticalSection@4 1000e0a4     kernel32:KERNEL32.dll
 0002:000000a8       __imp__IsValidCodePage@4   1000e0a8     kernel32:KERNEL32.dll
 0002:000000ac       __imp__GetACP@0            1000e0ac     kernel32:KERNEL32.dll
 0002:000000b0       __imp__GetOEMCP@0          1000e0b0     kernel32:KERNEL32.dll
 0002:000000b4       __imp__GetCPInfo@8         1000e0b4     kernel32:KERNEL32.dll
 0002:000000b8       __imp__SetLastError@4      1000e0b8     kernel32:KERNEL32.dll
 0002:000000bc       __imp__GetFileType@4       1000e0bc     kernel32:KERNEL32.dll
 0002:000000c0       __imp__DeleteCriticalSection@4 1000e0c0     kernel32:KERNEL32.dll
 0002:000000c4       __imp__GetStartupInfoW@4   1000e0c4     kernel32:KERNEL32.dll
 0002:000000c8       __imp__GetModuleFileNameA@12 1000e0c8     kernel32:KERNEL32.dll
 0002:000000cc       __imp__QueryPerformanceCounter@4 1000e0cc     kernel32:KERNEL32.dll
 0002:000000d0       __imp__GetCurrentProcessId@0 1000e0d0     kernel32:KERNEL32.dll
 0002:000000d4       __imp__GetSystemTimeAsFileTime@4 1000e0d4     kernel32:KERNEL32.dll
 0002:000000d8       __imp__GetEnvironmentStringsW@0 1000e0d8     kernel32:KERNEL32.dll
 0002:000000dc       __imp__FreeEnvironmentStringsW@4 1000e0dc     kernel32:KERNEL32.dll
 0002:000000e0       __imp__UnhandledExceptionFilter@4 1000e0e0     kernel32:KERNEL32.dll
 0002:000000e4       __imp__SetUnhandledExceptionFilter@4 1000e0e4     kernel32:KERNEL32.dll
 0002:000000e8       __imp__InitializeCriticalSectionAndSpinCount@8 1000e0e8     kernel32:KERNEL32.dll
 0002:000000ec       __imp__Sleep@4             1000e0ec     kernel32:KERNEL32.dll
 0002:000000f0       __imp__GetCurrentProcess@0 1000e0f0     kernel32:KERNEL32.dll
 0002:000000f4       __imp__TerminateProcess@8  1000e0f4     kernel32:KERNEL32.dll
 0002:000000f8       __imp__TlsAlloc@0          1000e0f8     kernel32:KERNEL32.dll
 0002:000000fc       __imp__TlsGetValue@4       1000e0fc     kernel32:KERNEL32.dll
 0002:00000100       __imp__TlsSetValue@8       1000e100     kernel32:KERNEL32.dll
 0002:00000104       __imp__TlsFree@4           1000e104     kernel32:KERNEL32.dll
 0002:00000108       __imp__CreateFileW@28      1000e108     kernel32:KERNEL32.dll
 0002:0000010c       \177KERNEL32_NULL_THUNK_DATA 1000e10c     kernel32:KERNEL32.dll
 0002:00000110       __imp__EnumWindows@8       1000e110     user32:USER32.dll
 0002:00000114       __imp__GetWindowThreadProcessId@8 1000e114     user32:USER32.dll
 0002:00000118       \177USER32_NULL_THUNK_DATA 1000e118     user32:USER32.dll
 0002:0000011c       __imp_?GetCurrent@Isolate@v8@@SAPAV12@XZ 1000e11c     iojs:node.dll
 0002:00000120       __imp_?Call@Function@v8@@QAE?AV?$Local@VValue@v8@@@2@V32@HQAV32@@Z 1000e120     iojs:node.dll
 0002:00000124       __imp_?SetName@Function@v8@@QAEXV?$Local@VString@v8@@@2@@Z 1000e124     iojs:node.dll
 0002:00000128       __imp_?New@Integer@v8@@SA?AV?$Local@VInteger@v8@@@2@PAVIsolate@2@H@Z 1000e128     iojs:node.dll
 0002:0000012c       __imp_?Set@Object@v8@@QAE_NV?$Local@VValue@v8@@@2@0@Z 1000e12c     iojs:node.dll
 0002:00000130       __imp_?Value@Number@v8@@QBENXZ 1000e130     iojs:node.dll
 0002:00000134       __imp_?New@Number@v8@@SA?AV?$Local@VNumber@v8@@@2@PAVIsolate@2@N@Z 1000e134     iojs:node.dll
 0002:00000138       __imp_?ToString@Value@v8@@QBE?AV?$Local@VString@v8@@@2@XZ 1000e138     iojs:node.dll
 0002:0000013c       __imp_??1HandleScope@v8@@QAE@XZ 1000e13c     iojs:node.dll
 0002:00000140       __imp_?New@Array@v8@@SA?AV?$Local@VArray@v8@@@2@PAVIsolate@2@H@Z 1000e140     iojs:node.dll
 0002:00000144       __imp_?NewFromUtf8@String@v8@@SA?AV?$Local@VString@v8@@@2@PAVIsolate@2@PBDW4NewStringType@12@H@Z 1000e144     iojs:node.dll
 0002:00000148       __imp_??0Utf8Value@String@v8@@QAE@V?$Local@VValue@v8@@@2@@Z 1000e148     iojs:node.dll
 0002:0000014c       __imp_??1Utf8Value@String@v8@@QAE@XZ 1000e14c     iojs:node.dll
 0002:00000150       __imp_?New@FunctionTemplate@v8@@SA?AV?$Local@VFunctionTemplate@v8@@@2@PAVIsolate@2@P6AXABV?$FunctionCallbackInfo@VValue@v8@@@2@@ZV?$Local@VValue@v8@@@2@V?$Local@VSignature@v8@@@2@HW4ConstructorBehavior@2@@Z 1000e150     iojs:node.dll
 0002:00000154       __imp_?GetFunction@FunctionTemplate@v8@@QAE?AV?$Local@VFunction@v8@@@2@XZ 1000e154     iojs:node.dll
 0002:00000158       __imp__node_module_register 1000e158     iojs:node.dll
 0002:0000015c       __imp_?ToNumber@Value@v8@@QBE?AV?$Local@VNumber@v8@@@2@XZ 1000e15c     iojs:node.dll
 0002:00000160       __imp_??0HandleScope@v8@@QAE@PAVIsolate@1@@Z 1000e160     iojs:node.dll
 0002:00000164       \177node_NULL_THUNK_DATA   1000e164     iojs:node.dll
 0002:00000168       ___xc_a                    1000e168     LIBCMT:crt0init.obj
 0002:0000016c       __register_windowsapi_     1000e16c     api.obj
 0002:00000170       ___xc_z                    1000e170     LIBCMT:crt0init.obj
 0002:00000174       ___xi_a                    1000e174     LIBCMT:crt0init.obj
 0002:00000188       ___xi_z                    1000e188     LIBCMT:crt0init.obj
 0002:0000018c       ___xp_a                    1000e18c     LIBCMT:crt0init.obj
 0002:0000019c       ___xp_z                    1000e19c     LIBCMT:crt0init.obj
 0002:000001a0       ___xt_a                    1000e1a0     LIBCMT:crt0init.obj
 0002:000001a4       ___xt_z                    1000e1a4     LIBCMT:crt0init.obj
 0002:000001e8       ??_C@_0BG@DHPCNBJB@address?5not?5available?$AA@ 1000e1e8     libcpmt:syserror.obj
 0002:00000200       ??_C@_0BC@DFIBIBIL@already?5connected?$AA@ 1000e200     libcpmt:syserror.obj
 0002:00000214       ??_C@_0BH@CAKOHOMI@argument?5list?5too?5long?$AA@ 1000e214     libcpmt:syserror.obj
 0002:0000022c       ??_C@_0BH@CGIMPKIM@argument?5out?5of?5domain?$AA@ 1000e22c     libcpmt:syserror.obj
 0002:00000244       ??_C@_0M@KGHGGJGL@bad?5address?$AA@ 1000e244     libcpmt:syserror.obj
 0002:00000250       ??_C@_0BE@MPJPGCEO@bad?5file?5descriptor?$AA@ 1000e250     libcpmt:syserror.obj
 0002:00000264       ??_C@_0M@PMMIEFCP@bad?5message?$AA@ 1000e264     libcpmt:syserror.obj
 0002:00000270       ??_C@_0M@KPHOFDBE@broken?5pipe?$AA@ 1000e270     libcpmt:syserror.obj
 0002:0000027c       ??_C@_0BD@MGNDDEGM@connection?5aborted?$AA@ 1000e27c     libcpmt:syserror.obj
 0002:00000290       ??_C@_0BP@KAIHPOGN@connection?5already?5in?5progress?$AA@ 1000e290     libcpmt:syserror.obj
 0002:000002b0       ??_C@_0BD@PJLIIJEL@connection?5refused?$AA@ 1000e2b0     libcpmt:syserror.obj
 0002:000002c4       ??_C@_0BB@IECNJNOI@connection?5reset?$AA@ 1000e2c4     libcpmt:syserror.obj
 0002:000002d8       ??_C@_0BN@KDMIFEIP@destination?5address?5required?$AA@ 1000e2d8     libcpmt:syserror.obj
 0002:000002f8       ??_C@_0BI@BNCLIGPB@executable?5format?5error?$AA@ 1000e2f8     libcpmt:syserror.obj
 0002:00000310       ??_C@_0P@DNAJLBJK@file?5too?5large?$AA@ 1000e310     libcpmt:syserror.obj
 0002:00000320       ??_C@_0BB@DHFDFGDM@host?5unreachable?$AA@ 1000e320     libcpmt:syserror.obj
 0002:00000334       ??_C@_0BD@JPHBMONG@identifier?5removed?$AA@ 1000e334     libcpmt:syserror.obj
 0002:00000348       ??_C@_0BG@CDNPAGJK@illegal?5byte?5sequence?$AA@ 1000e348     libcpmt:syserror.obj
 0002:00000360       ??_C@_0CD@BNPLBMNA@inappropriate?5io?5control?5operati@ 1000e360     libcpmt:syserror.obj
 0002:00000384       ??_C@_0N@OHAFKDEK@invalid?5seek?$AA@ 1000e384     libcpmt:syserror.obj
 0002:00000394       ??_C@_0P@FLLDBIDK@is?5a?5directory?$AA@ 1000e394     libcpmt:syserror.obj
 0002:000003a4       ??_C@_0N@IFLPBIOP@message?5size?$AA@ 1000e3a4     libcpmt:syserror.obj
 0002:000003b4       ??_C@_0N@KIIEAAIO@network?5down?$AA@ 1000e3b4     libcpmt:syserror.obj
 0002:000003c4       ??_C@_0O@FNPDBHEE@network?5reset?$AA@ 1000e3c4     libcpmt:syserror.obj
 0002:000003d4       ??_C@_0BE@IFNCKGE@network?5unreachable?$AA@ 1000e3d4     libcpmt:syserror.obj
 0002:000003e8       ??_C@_0BA@PFFCAOFK@no?5buffer?5space?$AA@ 1000e3e8     libcpmt:syserror.obj
 0002:000003f8       ??_C@_0BB@IEPBLJHK@no?5child?5process?$AA@ 1000e3f8     libcpmt:syserror.obj
 0002:0000040c       ??_C@_07PLECNNKG@no?5link?$AA@ 1000e40c     libcpmt:syserror.obj
 0002:00000414       ??_C@_0BF@PBGGPKKE@no?5message?5available?$AA@ 1000e414     libcpmt:syserror.obj
 0002:0000042c       ??_C@_0L@EDOLMPAK@no?5message?$AA@ 1000e42c     libcpmt:syserror.obj
 0002:00000438       ??_C@_0BD@EAMBFIDF@no?5protocol?5option?$AA@ 1000e438     libcpmt:syserror.obj
 0002:0000044c       ??_C@_0BE@MKFDAFMP@no?5stream?5resources?$AA@ 1000e44c     libcpmt:syserror.obj
 0002:00000460       ??_C@_0BK@IMCPHCBI@no?5such?5device?5or?5address?$AA@ 1000e460     libcpmt:syserror.obj
 0002:0000047c       ??_C@_0BA@ENLPPKBN@no?5such?5process?$AA@ 1000e47c     libcpmt:syserror.obj
 0002:0000048c       ??_C@_0BA@DOCPFFJG@not?5a?5directory?$AA@ 1000e48c     libcpmt:syserror.obj
 0002:0000049c       ??_C@_0N@POEIPGGF@not?5a?5socket?$AA@ 1000e49c     libcpmt:syserror.obj
 0002:000004ac       ??_C@_0N@LGAPMMPI@not?5a?5stream?$AA@ 1000e4ac     libcpmt:syserror.obj
 0002:000004bc       ??_C@_0O@GLMIBBEG@not?5connected?$AA@ 1000e4bc     libcpmt:syserror.obj
 0002:000004cc       ??_C@_0O@NHEDABJP@not?5supported?$AA@ 1000e4cc     libcpmt:syserror.obj
 0002:000004dc       ??_C@_0BG@KDKHOPCO@operation?5in?5progress?$AA@ 1000e4dc     libcpmt:syserror.obj
 0002:000004f4       ??_C@_0BI@OHIEJAAB@operation?5not?5permitted?$AA@ 1000e4f4     libcpmt:syserror.obj
 0002:0000050c       ??_C@_0BI@LNEGIFLN@operation?5not?5supported?$AA@ 1000e50c     libcpmt:syserror.obj
 0002:00000524       ??_C@_0BG@OEMDKMEE@operation?5would?5block?$AA@ 1000e524     libcpmt:syserror.obj
 0002:0000053c       ??_C@_0L@BLPOFLNJ@owner?5dead?$AA@ 1000e53c     libcpmt:syserror.obj
 0002:00000548       ??_C@_0P@FNPOCJBE@protocol?5error?$AA@ 1000e548     libcpmt:syserror.obj
 0002:00000558       ??_C@_0BH@JPPPLHJB@protocol?5not?5supported?$AA@ 1000e558     libcpmt:syserror.obj
 0002:00000570       ??_C@_0BG@EICBIHDP@read?5only?5file?5system?$AA@ 1000e570     libcpmt:syserror.obj
 0002:00000588       ??_C@_0BO@BJBOMOEJ@resource?5deadlock?5would?5occur?$AA@ 1000e588     libcpmt:syserror.obj
 0002:000005a8       ??_C@_0BE@GOIPJJHG@result?5out?5of?5range?$AA@ 1000e5a8     libcpmt:syserror.obj
 0002:000005bc       ??_C@_0BG@MPLKFPAE@state?5not?5recoverable?$AA@ 1000e5bc     libcpmt:syserror.obj
 0002:000005d4       ??_C@_0P@DIIFGFCG@stream?5timeout?$AA@ 1000e5d4     libcpmt:syserror.obj
 0002:000005e4       ??_C@_0P@IPFDMIFL@text?5file?5busy?$AA@ 1000e5e4     libcpmt:syserror.obj
 0002:000005f4       ??_C@_09KJPPMAOI@timed?5out?$AA@ 1000e5f4     libcpmt:syserror.obj
 0002:00000600       ??_C@_0BO@HACHBEKI@too?5many?5files?5open?5in?5system?$AA@ 1000e600     libcpmt:syserror.obj
 0002:00000620       ??_C@_0P@HCOMKFCC@too?5many?5links?$AA@ 1000e620     libcpmt:syserror.obj
 0002:00000630       ??_C@_0BO@EFGOJEF@too?5many?5symbolic?5link?5levels?$AA@ 1000e630     libcpmt:syserror.obj
 0002:00000650       ??_C@_0BA@KGKGOOJA@value?5too?5large?$AA@ 1000e650     libcpmt:syserror.obj
 0002:00000660       ??_C@_0BE@MIEJDDNH@wrong?5protocol?5type?$AA@ 1000e660     libcpmt:syserror.obj
 0002:00000b48       ??_C@_0BC@CIJDGCDI@permission?5denied?$AA@ 1000eb48     libcpmt:syserror.obj
 0002:00000b5c       ??_C@_0M@MIDIAGJP@file?5exists?$AA@ 1000eb5c     libcpmt:syserror.obj
 0002:00000b68       ??_C@_0P@FDINDDOK@no?5such?5device?$AA@ 1000eb68     libcpmt:syserror.obj
 0002:00000b78       ??_C@_0BC@EJHOMAAK@filename?5too?5long?$AA@ 1000eb78     libcpmt:syserror.obj
 0002:00000b8c       ??_C@_0BI@NGCEHDD@device?5or?5resource?5busy?$AA@ 1000eb8c     libcpmt:syserror.obj
 0002:00000ba4       ??_C@_08GLNPIFBN@io?5error?$AA@ 1000eba4     libcpmt:syserror.obj
 0002:00000bb0       ??_C@_0BE@JIDOCPHM@directory?5not?5empty?$AA@ 1000ebb0     libcpmt:syserror.obj
 0002:00000bc4       ??_C@_0BB@FCMFBGOM@invalid?5argument?$AA@ 1000ebc4     libcpmt:syserror.obj
 0002:00000bd8       ??_C@_0BD@IJDJKDEA@no?5space?5on?5device?$AA@ 1000ebd8     libcpmt:syserror.obj
 0002:00000bec       ??_C@_0BK@NDOCBPGE@no?5such?5file?5or?5directory?$AA@ 1000ebec     libcpmt:syserror.obj
 0002:00000c08       ??_C@_0BH@KEFGLDAF@function?5not?5supported?$AA@ 1000ec08     libcpmt:syserror.obj
 0002:00000c20       ??_C@_0BC@NJECKMKE@no?5lock?5available?$AA@ 1000ec20     libcpmt:syserror.obj
 0002:00000c34       ??_C@_0BC@ENOOLCNF@not?5enough?5memory?$AA@ 1000ec34     libcpmt:syserror.obj
 0002:00000c48       ??_C@_0BP@LKNGHENJ@resource?5unavailable?5try?5again?$AA@ 1000ec48     libcpmt:syserror.obj
 0002:00000c68       ??_C@_0BC@PPHBOELF@cross?5device?5link?$AA@ 1000ec68     libcpmt:syserror.obj
 0002:00000c7c       ??_C@_0BD@MOLBPMEA@operation?5canceled?$AA@ 1000ec7c     libcpmt:syserror.obj
 0002:00000c90       ??_C@_0BE@GHAFMPAH@too?5many?5files?5open?$AA@ 1000ec90     libcpmt:syserror.obj
 0002:00000ca4       ??_C@_0BC@FNODOBAE@permission_denied?$AA@ 1000eca4     libcpmt:syserror.obj
 0002:00000cb8       ??_C@_0P@LNDJPBFK@address_in_use?$AA@ 1000ecb8     libcpmt:syserror.obj
 0002:00000cc8       ??_C@_0BG@IPMGOJF@address_not_available?$AA@ 1000ecc8     libcpmt:syserror.obj
 0002:00000ce0       ??_C@_0BN@LCBDHODA@address_family_not_supported?$AA@ 1000ece0     libcpmt:syserror.obj
 0002:00000d00       ??_C@_0BP@FOJJHMCC@connection_already_in_progress?$AA@ 1000ed00     libcpmt:syserror.obj
 0002:00000d20       ??_C@_0BE@DLHHIBGN@bad_file_descriptor?$AA@ 1000ed20     libcpmt:syserror.obj
 0002:00000d34       ??_C@_0BD@OJMJDIGI@connection_aborted?$AA@ 1000ed34     libcpmt:syserror.obj
 0002:00000d48       ??_C@_0BD@NGKCIFEP@connection_refused?$AA@ 1000ed48     libcpmt:syserror.obj
 0002:00000d5c       ??_C@_0BB@JOANDNCK@connection_reset?$AA@ 1000ed5c     libcpmt:syserror.obj
 0002:00000d70       ??_C@_0BN@JLJNLKLK@destination_address_required?$AA@ 1000ed70     libcpmt:syserror.obj
 0002:00000d90       ??_C@_0M@IJGMGFGP@bad_address?$AA@ 1000ed90     libcpmt:syserror.obj
 0002:00000d9c       ??_C@_0BB@KKNHPPIN@host_unreachable?$AA@ 1000ed9c     libcpmt:syserror.obj
 0002:00000db0       ??_C@_0BG@DJGBJIIK@operation_in_progress?$AA@ 1000edb0     libcpmt:syserror.obj
 0002:00000dc8       ??_C@_0M@EGEKIIMP@interrupted?$AA@ 1000edc8     libcpmt:syserror.obj
 0002:00000dd4       ??_C@_0BB@FFIHMIPJ@invalid_argument?$AA@ 1000edd4     libcpmt:syserror.obj
 0002:00000de8       ??_C@_0BC@FIFLCHLO@already_connected?$AA@ 1000ede8     libcpmt:syserror.obj
 0002:00000dfc       ??_C@_0BE@GJJJJDDA@too_many_files_open?$AA@ 1000edfc     libcpmt:syserror.obj
 0002:00000e10       ??_C@_0N@HPMLKHPL@message_size?$AA@ 1000ee10     libcpmt:syserror.obj
 0002:00000e20       ??_C@_0BC@LEEIKBAL@filename_too_long?$AA@ 1000ee20     libcpmt:syserror.obj
 0002:00000e34       ??_C@_0N@FCPALPJK@network_down?$AA@ 1000ee34     libcpmt:syserror.obj
 0002:00000e44       ??_C@_0O@EHNDLHIG@network_reset?$AA@ 1000ee44     libcpmt:syserror.obj
 0002:00000e54       ??_C@_0BE@JFNJIDNF@network_unreachable?$AA@ 1000ee54     libcpmt:syserror.obj
 0002:00000e68       ??_C@_0BA@FDIJKJCL@no_buffer_space?$AA@ 1000ee68     libcpmt:syserror.obj
 0002:00000e78       ??_C@_0BD@JHIHCGKP@no_protocol_option?$AA@ 1000ee78     libcpmt:syserror.obj
 0002:00000e8c       ??_C@_0O@GBCLHHD@not_connected?$AA@ 1000ee8c     libcpmt:syserror.obj
 0002:00000e9c       ??_C@_0N@IMHKKLEM@not_a_socket?$AA@ 1000ee9c     libcpmt:syserror.obj
 0002:00000eac       ??_C@_0BI@ICEIDKLJ@operation_not_supported?$AA@ 1000eeac     libcpmt:syserror.obj
 0002:00000ec4       ??_C@_0BH@KAPBAIJF@protocol_not_supported?$AA@ 1000eec4     libcpmt:syserror.obj
 0002:00000edc       ??_C@_0BE@GAOJJFPC@wrong_protocol_type?$AA@ 1000eedc     libcpmt:syserror.obj
 0002:00000ef0       ??_C@_09NCHNLHPG@timed_out?$AA@ 1000eef0     libcpmt:syserror.obj
 0002:00000efc       ??_C@_0BG@GDGHKFDH@operation_would_block?$AA@ 1000eefc     libcpmt:syserror.obj
 0002:00000f14       ??_C@_0BN@LKKBCCDB@address?5family?5not?5supported?$AA@ 1000ef14     libcpmt:syserror.obj
 0002:00000f34       ??_C@_0P@LDMLAFHI@address?5in?5use?$AA@ 1000ef34     libcpmt:syserror.obj
 0002:00000f44       __pRawDllMain              1000ef44     LIBCMT:dllcrt0.obj
 0002:00000f44       __pDefaultRawDllMain       1000ef44     LIBCMT:dllcrt0.obj
 0002:00000f48       __FPinit                   1000ef48     LIBCMT:fpinit.obj
 0002:00000f54       ??_C@_1BI@BGOHAHKC@?$AAm?$AAs?$AAc?$AAo?$AAr?$AAe?$AAe?$AA?4?$AAd?$AAl?$AAl?$AA?$AA@ 1000ef54     LIBCMT:crt0dat.obj
 0002:00000f6c       ??_C@_0P@MIGLKIOC@CorExitProcess?$AA@ 1000ef6c     LIBCMT:crt0dat.obj
 0002:00001038       ??_C@_1FK@PGACCAFB@?$AAR?$AA6?$AA0?$AA0?$AA2?$AA?$AN?$AA?6?$AA?9?$AA?5?$AAf?$AAl?$AAo?$AAa?$AAt?$AAi?$AAn?$AAg?$AA?5?$AAp?$AAo?$AAi?$AAn?$AAt?$AA?5?$AAs?$AAu?$AAp?$AAp?$AAo?$AAr?$AAt?$AA?5@ 1000f038     LIBCMT:crt0msg.obj
 0002:00001098       ??_C@_1FE@LLNEDJMD@?$AAR?$AA6?$AA0?$AA0?$AA8?$AA?$AN?$AA?6?$AA?9?$AA?5?$AAn?$AAo?$AAt?$AA?5?$AAe?$AAn?$AAo?$AAu?$AAg?$AAh?$AA?5?$AAs?$AAp?$AAa?$AAc?$AAe?$AA?5?$AAf?$AAo?$AAr?$AA?5?$AAa?$AAr@ 1000f098     LIBCMT:crt0msg.obj
 0002:000010f0       ??_C@_1FI@HONFMGBI@?$AAR?$AA6?$AA0?$AA0?$AA9?$AA?$AN?$AA?6?$AA?9?$AA?5?$AAn?$AAo?$AAt?$AA?5?$AAe?$AAn?$AAo?$AAu?$AAg?$AAh?$AA?5?$AAs?$AAp?$AAa?$AAc?$AAe?$AA?5?$AAf?$AAo?$AAr?$AA?5?$AAe?$AAn@ 1000f0f0     LIBCMT:crt0msg.obj
 0002:00001148       ??_C@_1EG@BEHAGFJD@?$AAR?$AA6?$AA0?$AA1?$AA0?$AA?$AN?$AA?6?$AA?9?$AA?5?$AAa?$AAb?$AAo?$AAr?$AAt?$AA?$CI?$AA?$CJ?$AA?5?$AAh?$AAa?$AAs?$AA?5?$AAb?$AAe?$AAe?$AAn?$AA?5?$AAc?$AAa?$AAl?$AAl?$AAe?$AAd@ 1000f148     LIBCMT:crt0msg.obj
 0002:00001190       ??_C@_1FI@LOGNIKDM@?$AAR?$AA6?$AA0?$AA1?$AA6?$AA?$AN?$AA?6?$AA?9?$AA?5?$AAn?$AAo?$AAt?$AA?5?$AAe?$AAn?$AAo?$AAu?$AAg?$AAh?$AA?5?$AAs?$AAp?$AAa?$AAc?$AAe?$AA?5?$AAf?$AAo?$AAr?$AA?5?$AAt?$AAh@ 1000f190     LIBCMT:crt0msg.obj
 0002:000011e8       ??_C@_1FK@BEOGODMC@?$AAR?$AA6?$AA0?$AA1?$AA7?$AA?$AN?$AA?6?$AA?9?$AA?5?$AAu?$AAn?$AAe?$AAx?$AAp?$AAe?$AAc?$AAt?$AAe?$AAd?$AA?5?$AAm?$AAu?$AAl?$AAt?$AAi?$AAt?$AAh?$AAr?$AAe?$AAa?$AAd?$AA?5@ 1000f1e8     LIBCMT:crt0msg.obj
 0002:00001248       ??_C@_1EC@JIBHAOPH@?$AAR?$AA6?$AA0?$AA1?$AA8?$AA?$AN?$AA?6?$AA?9?$AA?5?$AAu?$AAn?$AAe?$AAx?$AAp?$AAe?$AAc?$AAt?$AAe?$AAd?$AA?5?$AAh?$AAe?$AAa?$AAp?$AA?5?$AAe?$AAr?$AAr?$AAo?$AAr?$AA?$AN?$AA?6@ 1000f248     LIBCMT:crt0msg.obj
 0002:00001290       ??_C@_1FC@ECHBIFBC@?$AAR?$AA6?$AA0?$AA1?$AA9?$AA?$AN?$AA?6?$AA?9?$AA?5?$AAu?$AAn?$AAa?$AAb?$AAl?$AAe?$AA?5?$AAt?$AAo?$AA?5?$AAo?$AAp?$AAe?$AAn?$AA?5?$AAc?$AAo?$AAn?$AAs?$AAo?$AAl?$AAe?$AA?5@ 1000f290     LIBCMT:crt0msg.obj
 0002:000012e8       ??_C@_1GK@FHCKBEFA@?$AAR?$AA6?$AA0?$AA2?$AA4?$AA?$AN?$AA?6?$AA?9?$AA?5?$AAn?$AAo?$AAt?$AA?5?$AAe?$AAn?$AAo?$AAu?$AAg?$AAh?$AA?5?$AAs?$AAp?$AAa?$AAc?$AAe?$AA?5?$AAf?$AAo?$AAr?$AA?5?$AA_?$AAo@ 1000f2e8     LIBCMT:crt0msg.obj
 0002:00001358       ??_C@_1EM@MAADIHMB@?$AAR?$AA6?$AA0?$AA2?$AA5?$AA?$AN?$AA?6?$AA?9?$AA?5?$AAp?$AAu?$AAr?$AAe?$AA?5?$AAv?$AAi?$AAr?$AAt?$AAu?$AAa?$AAl?$AA?5?$AAf?$AAu?$AAn?$AAc?$AAt?$AAi?$AAo?$AAn?$AA?5?$AAc@ 1000f358     LIBCMT:crt0msg.obj
 0002:000013a8       ??_C@_1GK@MCAAGJMO@?$AAR?$AA6?$AA0?$AA2?$AA6?$AA?$AN?$AA?6?$AA?9?$AA?5?$AAn?$AAo?$AAt?$AA?5?$AAe?$AAn?$AAo?$AAu?$AAg?$AAh?$AA?5?$AAs?$AAp?$AAa?$AAc?$AAe?$AA?5?$AAf?$AAo?$AAr?$AA?5?$AAs?$AAt@ 1000f3a8     LIBCMT:crt0msg.obj
 0002:00001418       ??_C@_1GK@MFGOKLAG@?$AAR?$AA6?$AA0?$AA2?$AA7?$AA?$AN?$AA?6?$AA?9?$AA?5?$AAn?$AAo?$AAt?$AA?5?$AAe?$AAn?$AAo?$AAu?$AAg?$AAh?$AA?5?$AAs?$AAp?$AAa?$AAc?$AAe?$AA?5?$AAf?$AAo?$AAr?$AA?5?$AAl?$AAo@ 1000f418     LIBCMT:crt0msg.obj
 0002:00001488       ??_C@_1EK@HHFLMAOL@?$AAR?$AA6?$AA0?$AA2?$AA8?$AA?$AN?$AA?6?$AA?9?$AA?5?$AAu?$AAn?$AAa?$AAb?$AAl?$AAe?$AA?5?$AAt?$AAo?$AA?5?$AAi?$AAn?$AAi?$AAt?$AAi?$AAa?$AAl?$AAi?$AAz?$AAe?$AA?5?$AAh?$AAe@ 1000f488     LIBCMT:crt0msg.obj
 0002:000014d4       ??_C@_1DO@BMFCDCD@?$AAR?$AA6?$AA0?$AA3?$AA0?$AA?$AN?$AA?6?$AA?9?$AA?5?$AAC?$AAR?$AAT?$AA?5?$AAn?$AAo?$AAt?$AA?5?$AAi?$AAn?$AAi?$AAt?$AAi?$AAa?$AAl?$AAi?$AAz?$AAe?$AAd?$AA?$AN?$AA?6?$AA?$AA@ 1000f4d4     LIBCMT:crt0msg.obj
 0002:00001518       ??_C@_1MG@ENCOOIDF@?$AAR?$AA6?$AA0?$AA3?$AA1?$AA?$AN?$AA?6?$AA?9?$AA?5?$AAA?$AAt?$AAt?$AAe?$AAm?$AAp?$AAt?$AA?5?$AAt?$AAo?$AA?5?$AAi?$AAn?$AAi?$AAt?$AAi?$AAa?$AAl?$AAi?$AAz?$AAe?$AA?5?$AAt@ 1000f518     LIBCMT:crt0msg.obj
 0002:000015e0       ??_C@_1GG@GOPILAJP@?$AAR?$AA6?$AA0?$AA3?$AA2?$AA?$AN?$AA?6?$AA?9?$AA?5?$AAn?$AAo?$AAt?$AA?5?$AAe?$AAn?$AAo?$AAu?$AAg?$AAh?$AA?5?$AAs?$AAp?$AAa?$AAc?$AAe?$AA?5?$AAf?$AAo?$AAr?$AA?5?$AAl?$AAo@ 1000f5e0     LIBCMT:crt0msg.obj
 0002:00001648       ??_C@_1BOO@KGEDBGAJ@?$AAR?$AA6?$AA0?$AA3?$AA3?$AA?$AN?$AA?6?$AA?9?$AA?5?$AAA?$AAt?$AAt?$AAe?$AAm?$AAp?$AAt?$AA?5?$AAt?$AAo?$AA?5?$AAu?$AAs?$AAe?$AA?5?$AAM?$AAS?$AAI?$AAL?$AA?5?$AAc?$AAo?$AAd@ 1000f648     LIBCMT:crt0msg.obj
 0002:00001838       ??_C@_1GG@MKFPEKFO@?$AAR?$AA6?$AA0?$AA3?$AA4?$AA?$AN?$AA?6?$AA?9?$AA?5?$AAi?$AAn?$AAc?$AAo?$AAn?$AAs?$AAi?$AAs?$AAt?$AAe?$AAn?$AAt?$AA?5?$AAo?$AAn?$AAe?$AAx?$AAi?$AAt?$AA?5?$AAb?$AAe?$AAg@ 1000f838     LIBCMT:crt0msg.obj
 0002:000018a0       ??_C@_1BO@BFCDCGC@?$AAD?$AAO?$AAM?$AAA?$AAI?$AAN?$AA?5?$AAe?$AAr?$AAr?$AAo?$AAr?$AA?$AN?$AA?6?$AA?$AA@ 1000f8a0     LIBCMT:crt0msg.obj
 0002:000018c0       ??_C@_1BK@KMOMNAAI@?$AAS?$AAI?$AAN?$AAG?$AA?5?$AAe?$AAr?$AAr?$AAo?$AAr?$AA?$AN?$AA?6?$AA?$AA@ 1000f8c0     LIBCMT:crt0msg.obj
 0002:000018dc       ??_C@_1BM@JBBEPPHI@?$AAT?$AAL?$AAO?$AAS?$AAS?$AA?5?$AAe?$AAr?$AAr?$AAo?$AAr?$AA?$AN?$AA?6?$AA?$AA@ 1000f8dc     LIBCMT:crt0msg.obj
 0002:000018f8       ??_C@_15JNBOKNOG@?$AA?$AN?$AA?6?$AA?$AA@ 1000f8f8     LIBCMT:crt0msg.obj
 0002:00001900       ??_C@_1BO@BKOMIGKJ@?$AAr?$AAu?$AAn?$AAt?$AAi?$AAm?$AAe?$AA?5?$AAe?$AAr?$AAr?$AAo?$AAr?$AA?5?$AA?$AA@ 1000f900     LIBCMT:crt0msg.obj
 0002:00001920       ??_C@_1DE@JNGNBFGO@?$AAR?$AAu?$AAn?$AAt?$AAi?$AAm?$AAe?$AA?5?$AAE?$AAr?$AAr?$AAo?$AAr?$AA?$CB?$AA?6?$AA?6?$AAP?$AAr?$AAo?$AAg?$AAr?$AAa?$AAm?$AA?3?$AA?5?$AA?$AA@ 1000f920     LIBCMT:crt0msg.obj
 0002:00001954       ??_C@_1CO@EAEJAADC@?$AA?$DM?$AAp?$AAr?$AAo?$AAg?$AAr?$AAa?$AAm?$AA?5?$AAn?$AAa?$AAm?$AAe?$AA?5?$AAu?$AAn?$AAk?$AAn?$AAo?$AAw?$AAn?$AA?$DO?$AA?$AA@ 1000f954     LIBCMT:crt0msg.obj
 0002:00001984       ??_C@_17LGKOMLJ@?$AA?4?$AA?4?$AA?4?$AA?$AA@ 1000f984     LIBCMT:crt0msg.obj
 0002:0000198c       ??_C@_15IABLJNFO@?$AA?6?$AA?6?$AA?$AA@ 1000f98c     LIBCMT:crt0msg.obj
 0002:00001998       ??_C@_1EK@MBDPDCGA@?$AAM?$AAi?$AAc?$AAr?$AAo?$AAs?$AAo?$AAf?$AAt?$AA?5?$AAV?$AAi?$AAs?$AAu?$AAa?$AAl?$AA?5?$AAC?$AA?$CL?$AA?$CL?$AA?5?$AAR?$AAu?$AAn?$AAt?$AAi?$AAm?$AAe?$AA?5?$AAL?$AAi?$AAb@ 1000f998     LIBCMT:crt0msg.obj
 0002:000019e4       ??_C@_04FJHINJAO@tanh?$AA@ 1000f9e4     LIBCMT:fpexcept.obj
 0002:000019ec       ??_C@_04FIHNOPOL@asin?$AA@ 1000f9ec     LIBCMT:fpexcept.obj
 0002:000019f4       ??_C@_04PDIFKINK@acos?$AA@ 1000f9f4     LIBCMT:fpexcept.obj
 0002:000019fc       ??_C@_04MLLJIGOK@atan?$AA@ 1000f9fc     LIBCMT:fpexcept.obj
 0002:00001a04       ??_C@_05KNGEOGJB@atan2?$AA@ 1000fa04     LIBCMT:fpexcept.obj
 0002:00001a0c       ??_C@_04EIAKFFMI@sqrt?$AA@ 1000fa0c     LIBCMT:fpexcept.obj
 0002:00001a14       ??_C@_03BLEJJJBH@sin?$AA@  1000fa14     LIBCMT:fpexcept.obj
 0002:00001a18       ??_C@_03LALBNOCG@cos?$AA@  1000fa18     LIBCMT:fpexcept.obj
 0002:00001a1c       ??_C@_03IIINPABG@tan?$AA@  1000fa1c     LIBCMT:fpexcept.obj
 0002:00001a20       ??_C@_04GFPJNGEK@ceil?$AA@ 1000fa20     LIBCMT:fpexcept.obj
 0002:00001a28       ??_C@_05PBJFFIGL@floor?$AA@ 1000fa28     LIBCMT:fpexcept.obj
 0002:00001a30       ??_C@_04ODHECPBC@fabs?$AA@ 1000fa30     LIBCMT:fpexcept.obj
 0002:00001a38       ??_C@_04EHEDPDJG@modf?$AA@ 1000fa38     LIBCMT:fpexcept.obj
 0002:00001a40       ??_C@_05CEJMAHNP@ldexp?$AA@ 1000fa40     LIBCMT:fpexcept.obj
 0002:00001a48       ??_C@_05KBKMEMPO@_cabs?$AA@ 1000fa48     LIBCMT:fpexcept.obj
 0002:00001a50       ??_C@_06MEIMCGCF@_hypot?$AA@ 1000fa50     LIBCMT:fpexcept.obj
 0002:00001a58       ??_C@_04KEPJIHGP@fmod?$AA@ 1000fa58     LIBCMT:fpexcept.obj
 0002:00001a60       ??_C@_05GKKHEGJL@frexp?$AA@ 1000fa60     LIBCMT:fpexcept.obj
 0002:00001a68       ??_C@_03MJLDFKDL@_y0?$AA@  1000fa68     LIBCMT:fpexcept.obj
 0002:00001a6c       ??_C@_03NAKIGLHK@_y1?$AA@  1000fa6c     LIBCMT:fpexcept.obj
 0002:00001a70       ??_C@_03ONILCKOB@_yn?$AA@  1000fa70     LIBCMT:fpexcept.obj
 0002:00001a74       ??_C@_05JGDBENOH@_logb?$AA@ 1000fa74     LIBCMT:fpexcept.obj
 0002:00001a7c       ??_C@_0L@KDOEJCKC@_nextafter?$AA@ 1000fa7c     LIBCMT:fpexcept.obj
 0002:00001a88       ??_C@_03KHJOGHMM@exp?$AA@  1000fa88     LIBCMT:fpexcept.obj
 0002:00001a8c       ??_C@_03JGHBODFD@pow?$AA@  1000fa8c     LIBCMT:fpexcept.obj
 0002:00001a90       ??_C@_03MGHMBJCF@log?$AA@  1000fa90     LIBCMT:fpexcept.obj
 0002:00001a94       ??_C@_05HGHHAHAP@log10?$AA@ 1000fa94     LIBCMT:fpexcept.obj
 0002:00001a9c       ??_C@_04COOMCNPB@sinh?$AA@ 1000fa9c     LIBCMT:fpexcept.obj
 0002:00001aa4       ??_C@_04HPJJNFIM@cosh?$AA@ 1000faa4     LIBCMT:fpexcept.obj
 0002:00001aac       ??_C@_06OJHGLDPL@?$CInull?$CJ?$AA@ 1000faac     LIBCMT:output.obj
 0002:00001ab4       ??_C@_1O@CEDCILHN@?$AA?$CI?$AAn?$AAu?$AAl?$AAl?$AA?$CJ?$AA?$AA@ 1000fab4     LIBCMT:output.obj
 0002:00001ac8       ___lookuptable             1000fac8     LIBCMT:output.obj
 0002:00001b34       ??_C@_1M@HPNHIDJI@?$AAj?$AAa?$AA?9?$AAJ?$AAP?$AA?$AA@ 1000fb34     LIBCMT:mbctype.obj
 0002:00001b40       ??_C@_1M@BIBDDEMK@?$AAz?$AAh?$AA?9?$AAC?$AAN?$AA?$AA@ 1000fb40     LIBCMT:mbctype.obj
 0002:00001b4c       ??_C@_1M@JLOOOEGK@?$AAk?$AAo?$AA?9?$AAK?$AAR?$AA?$AA@ 1000fb4c     LIBCMT:mbctype.obj
 0002:00001b58       ??_C@_1M@CLNBBOPM@?$AAz?$AAh?$AA?9?$AAT?$AAW?$AA?$AA@ 1000fb58     LIBCMT:mbctype.obj
 0002:00001b64       ??_C@_03KOEHGMDN@Sun?$AA@  1000fb64     LIBCMT:nlsdata.obj
 0002:00001b68       ??_C@_03PDAGKDH@Mon?$AA@   1000fb68     LIBCMT:nlsdata.obj
 0002:00001b6c       ??_C@_03NAGEINEP@Tue?$AA@  1000fb6c     LIBCMT:nlsdata.obj
 0002:00001b70       ??_C@_03MHOMLAJA@Wed?$AA@  1000fb70     LIBCMT:nlsdata.obj
 0002:00001b74       ??_C@_03IOFIKPDN@Thu?$AA@  1000fb74     LIBCMT:nlsdata.obj
 0002:00001b78       ??_C@_03IDIOELNC@Fri?$AA@  1000fb78     LIBCMT:nlsdata.obj
 0002:00001b7c       ??_C@_03FEFJNEK@Sat?$AA@   1000fb7c     LIBCMT:nlsdata.obj
 0002:00001b80       ??_C@_06OOPIFAJ@Sunday?$AA@ 1000fb80     LIBCMT:nlsdata.obj
 0002:00001b88       ??_C@_06JLEDEDGH@Monday?$AA@ 1000fb88     LIBCMT:nlsdata.obj
 0002:00001b90       ??_C@_07BAAGCFCM@Tuesday?$AA@ 1000fb90     LIBCMT:nlsdata.obj
 0002:00001b98       ??_C@_09DLIGFAKA@Wednesday?$AA@ 1000fb98     LIBCMT:nlsdata.obj
 0002:00001ba4       ??_C@_08HACCIKIA@Thursday?$AA@ 1000fba4     LIBCMT:nlsdata.obj
 0002:00001bb0       ??_C@_06JECMNKMI@Friday?$AA@ 1000fbb0     LIBCMT:nlsdata.obj
 0002:00001bb8       ??_C@_08INBOOONO@Saturday?$AA@ 1000fbb8     LIBCMT:nlsdata.obj
 0002:00001bc4       ??_C@_03JIHJHPIE@Jan?$AA@  1000fbc4     LIBCMT:nlsdata.obj
 0002:00001bc8       ??_C@_03HJBDCHOM@Feb?$AA@  1000fbc8     LIBCMT:nlsdata.obj
 0002:00001bcc       ??_C@_03ODNJBKGA@Mar?$AA@  1000fbcc     LIBCMT:nlsdata.obj
 0002:00001bd0       ??_C@_03LEOLGMJP@Apr?$AA@  1000fbd0     LIBCMT:nlsdata.obj
 0002:00001bd4       ??_C@_03CNMDKL@May?$AA@    1000fbd4     LIBCMT:nlsdata.obj
 0002:00001bd8       ??_C@_03IDFGHECI@Jun?$AA@  1000fbd8     LIBCMT:nlsdata.obj
 0002:00001bdc       ??_C@_03LBGABGKK@Jul?$AA@  1000fbdc     LIBCMT:nlsdata.obj
 0002:00001be0       ??_C@_03IFJFEIGA@Aug?$AA@  1000fbe0     LIBCMT:nlsdata.obj
 0002:00001be4       ??_C@_03GGCAPAJC@Sep?$AA@  1000fbe4     LIBCMT:nlsdata.obj
 0002:00001be8       ??_C@_03BMAOKBAD@Oct?$AA@  1000fbe8     LIBCMT:nlsdata.obj
 0002:00001bec       ??_C@_03JPJOFNIA@Nov?$AA@  1000fbec     LIBCMT:nlsdata.obj
 0002:00001bf0       ??_C@_03MKABNOCG@Dec?$AA@  1000fbf0     LIBCMT:nlsdata.obj
 0002:00001bf4       ??_C@_07CGJPFGJA@January?$AA@ 1000fbf4     LIBCMT:nlsdata.obj
 0002:00001bfc       ??_C@_08GNJGEPFN@February?$AA@ 1000fbfc     LIBCMT:nlsdata.obj
 0002:00001c08       ??_C@_05HPCKOFNC@March?$AA@ 1000fc08     LIBCMT:nlsdata.obj
 0002:00001c10       ??_C@_05DMJDNLEJ@April?$AA@ 1000fc10     LIBCMT:nlsdata.obj
 0002:00001c18       ??_C@_04CNLMGBGM@June?$AA@ 1000fc18     LIBCMT:nlsdata.obj
 0002:00001c20       ??_C@_04MIEPOIFP@July?$AA@ 1000fc20     LIBCMT:nlsdata.obj
 0002:00001c28       ??_C@_06LBBHFDDG@August?$AA@ 1000fc28     LIBCMT:nlsdata.obj
 0002:00001c30       ??_C@_09BHHEALKD@September?$AA@ 1000fc30     LIBCMT:nlsdata.obj
 0002:00001c3c       ??_C@_07JJNFCEND@October?$AA@ 1000fc3c     LIBCMT:nlsdata.obj
 0002:00001c44       ??_C@_08HCHEGEOA@November?$AA@ 1000fc44     LIBCMT:nlsdata.obj
 0002:00001c50       ??_C@_08EDHMEBNP@December?$AA@ 1000fc50     LIBCMT:nlsdata.obj
 0002:00001c5c       ??_C@_02DEDBPAFC@AM?$AA@   1000fc5c     LIBCMT:nlsdata.obj
 0002:00001c60       ??_C@_02CJNFDJBF@PM?$AA@   1000fc60     LIBCMT:nlsdata.obj
 0002:00001c64       ??_C@_08BPBNCDIB@MM?1dd?1yy?$AA@ 1000fc64     LIBCMT:nlsdata.obj
 0002:00001c70       ??_C@_0BE@CKGJFCPC@dddd?0?5MMMM?5dd?0?5yyyy?$AA@ 1000fc70     LIBCMT:nlsdata.obj
 0002:00001c84       ??_C@_08JCCMCCIL@HH?3mm?3ss?$AA@ 1000fc84     LIBCMT:nlsdata.obj
 0002:00001c90       ??_C@_17MBGCMIPB@?$AAS?$AAu?$AAn?$AA?$AA@ 1000fc90     LIBCMT:nlsdata.obj
 0002:00001c98       ??_C@_17KBOMKBF@?$AAM?$AAo?$AAn?$AA?$AA@ 1000fc98     LIBCMT:nlsdata.obj
 0002:00001ca0       ??_C@_17BMKGEGOJ@?$AAT?$AAu?$AAe?$AA?$AA@ 1000fca0     LIBCMT:nlsdata.obj
 0002:00001ca8       ??_C@_17CJEDCEPE@?$AAW?$AAe?$AAd?$AA?$AA@ 1000fca8     LIBCMT:nlsdata.obj
 0002:00001cb0       ??_C@_17PDPHAADD@?$AAT?$AAh?$AAu?$AA?$AA@ 1000fcb0     LIBCMT:nlsdata.obj
 0002:00001cb8       ??_C@_17HFOLPPLP@?$AAF?$AAr?$AAi?$AA?$AA@ 1000fcb8     LIBCMT:nlsdata.obj
 0002:00001cc0       ??_C@_17GGIBDPIH@?$AAS?$AAa?$AAt?$AA?$AA@ 1000fcc0     LIBCMT:nlsdata.obj
 0002:00001cc8       ??_C@_1O@IHNHDHPB@?$AAS?$AAu?$AAn?$AAd?$AAa?$AAy?$AA?$AA@ 1000fcc8     LIBCMT:nlsdata.obj
 0002:00001cd8       ??_C@_1O@MMNBFLIA@?$AAM?$AAo?$AAn?$AAd?$AAa?$AAy?$AA?$AA@ 1000fcd8     LIBCMT:nlsdata.obj
 0002:00001ce8       ??_C@_1BA@ENFBFFEK@?$AAT?$AAu?$AAe?$AAs?$AAd?$AAa?$AAy?$AA?$AA@ 1000fce8     LIBCMT:nlsdata.obj
 0002:00001cf8       ??_C@_1BE@EBOGMDOH@?$AAW?$AAe?$AAd?$AAn?$AAe?$AAs?$AAd?$AAa?$AAy?$AA?$AA@ 1000fcf8     LIBCMT:nlsdata.obj
 0002:00001d0c       ??_C@_1BC@HHMNLIHE@?$AAT?$AAh?$AAu?$AAr?$AAs?$AAd?$AAa?$AAy?$AA?$AA@ 1000fd0c     LIBCMT:nlsdata.obj
 0002:00001d20       ??_C@_1O@PDICJHAG@?$AAF?$AAr?$AAi?$AAd?$AAa?$AAy?$AA?$AA@ 1000fd20     LIBCMT:nlsdata.obj
 0002:00001d30       ??_C@_1BC@ENMNNPAJ@?$AAS?$AAa?$AAt?$AAu?$AAr?$AAd?$AAa?$AAy?$AA?$AA@ 1000fd30     LIBCMT:nlsdata.obj
 0002:00001d44       ??_C@_17DKNBKCHM@?$AAJ?$AAa?$AAn?$AA?$AA@ 1000fd44     LIBCMT:nlsdata.obj
 0002:00001d4c       ??_C@_17LMDJEKJN@?$AAF?$AAe?$AAb?$AA?$AA@ 1000fd4c     LIBCMT:nlsdata.obj
 0002:00001d54       ??_C@_17CKNLEDEC@?$AAM?$AAa?$AAr?$AA?$AA@ 1000fd54     LIBCMT:nlsdata.obj
 0002:00001d5c       ??_C@_17LFPOIHDD@?$AAA?$AAp?$AAr?$AA?$AA@ 1000fd5c     LIBCMT:nlsdata.obj
 0002:00001d64       ??_C@_17PNNKMEED@?$AAM?$AAa?$AAy?$AA?$AA@ 1000fd64     LIBCMT:nlsdata.obj
 0002:00001d6c       ??_C@_17KCJGOCPB@?$AAJ?$AAu?$AAn?$AA?$AA@ 1000fd6c     LIBCMT:nlsdata.obj
 0002:00001d74       ??_C@_17IJPCKHK@?$AAJ?$AAu?$AAl?$AA?$AA@ 1000fd74     LIBCMT:nlsdata.obj
 0002:00001d7c       ??_C@_17ICPELBCN@?$AAA?$AAu?$AAg?$AA?$AA@ 1000fd7c     LIBCMT:nlsdata.obj
 0002:00001d84       ??_C@_17HCHCOKMG@?$AAS?$AAe?$AAp?$AA?$AA@ 1000fd84     LIBCMT:nlsdata.obj
 0002:00001d8c       ??_C@_17FNLKOI@?$AAO?$AAc?$AAt?$AA?$AA@ 1000fd8c     LIBCMT:nlsdata.obj
 0002:00001d94       ??_C@_17BBDMLCIG@?$AAN?$AAo?$AAv?$AA?$AA@ 1000fd94     LIBCMT:nlsdata.obj
 0002:00001d9c       ??_C@_17EGKACKIF@?$AAD?$AAe?$AAc?$AA?$AA@ 1000fd9c     LIBCMT:nlsdata.obj
 0002:00001da4       ??_C@_1BA@EFMEIEBA@?$AAJ?$AAa?$AAn?$AAu?$AAa?$AAr?$AAy?$AA?$AA@ 1000fda4     LIBCMT:nlsdata.obj
 0002:00001db4       ??_C@_1BC@JGDDFFAM@?$AAF?$AAe?$AAb?$AAr?$AAu?$AAa?$AAr?$AAy?$AA?$AA@ 1000fdb4     LIBCMT:nlsdata.obj
 0002:00001dc8       ??_C@_1M@IKEENEDF@?$AAM?$AAa?$AAr?$AAc?$AAh?$AA?$AA@ 1000fdc8     LIBCMT:nlsdata.obj
 0002:00001dd4       ??_C@_1M@GJNLMHFD@?$AAA?$AAp?$AAr?$AAi?$AAl?$AA?$AA@ 1000fdd4     LIBCMT:nlsdata.obj
 0002:00001de0       ??_C@_19EPFLPGAP@?$AAJ?$AAu?$AAn?$AAe?$AA?$AA@ 1000fde0     LIBCMT:nlsdata.obj
 0002:00001dec       ??_C@_19BIFMLPCD@?$AAJ?$AAu?$AAl?$AAy?$AA?$AA@ 1000fdec     LIBCMT:nlsdata.obj
 0002:00001df8       ??_C@_1O@PAHLKOAC@?$AAA?$AAu?$AAg?$AAu?$AAs?$AAt?$AA?$AA@ 1000fdf8     LIBCMT:nlsdata.obj
 0002:00001e08       ??_C@_1BE@DKAAMBJL@?$AAS?$AAe?$AAp?$AAt?$AAe?$AAm?$AAb?$AAe?$AAr?$AA?$AA@ 1000fe08     LIBCMT:nlsdata.obj
 0002:00001e1c       ??_C@_1BA@EPANDLNG@?$AAO?$AAc?$AAt?$AAo?$AAb?$AAe?$AAr?$AA?$AA@ 1000fe1c     LIBCMT:nlsdata.obj
 0002:00001e2c       ??_C@_1BC@BGLIFPF@?$AAN?$AAo?$AAv?$AAe?$AAm?$AAb?$AAe?$AAr?$AA?$AA@ 1000fe2c     LIBCMT:nlsdata.obj
 0002:00001e40       ??_C@_1BC@FEMKIFH@?$AAD?$AAe?$AAc?$AAe?$AAm?$AAb?$AAe?$AAr?$AA?$AA@ 1000fe40     LIBCMT:nlsdata.obj
 0002:00001e54       ??_C@_15ODEHAHHF@?$AAA?$AAM?$AA?$AA@ 1000fe54     LIBCMT:nlsdata.obj
 0002:00001e5c       ??_C@_15CLMNNGEL@?$AAP?$AAM?$AA?$AA@ 1000fe5c     LIBCMT:nlsdata.obj
 0002:00001e64       ??_C@_1BC@IEBCMHCM@?$AAM?$AAM?$AA?1?$AAd?$AAd?$AA?1?$AAy?$AAy?$AA?$AA@ 1000fe64     LIBCMT:nlsdata.obj
 0002:00001e78       ??_C@_1CI@KNAKOEBC@?$AAd?$AAd?$AAd?$AAd?$AA?0?$AA?5?$AAM?$AAM?$AAM?$AAM?$AA?5?$AAd?$AAd?$AA?0?$AA?5?$AAy?$AAy?$AAy?$AAy?$AA?$AA@ 1000fe78     LIBCMT:nlsdata.obj
 0002:00001ea0       ??_C@_1BC@GDGBMEMK@?$AAH?$AAH?$AA?3?$AAm?$AAm?$AA?3?$AAs?$AAs?$AA?$AA@ 1000fea0     LIBCMT:nlsdata.obj
 0002:00001eb4       ??_C@_1M@BMHNFIME@?$AAe?$AAn?$AA?9?$AAU?$AAS?$AA?$AA@ 1000feb4     LIBCMT:nlsdata.obj
 0002:00001f40       __XcptActTab               1000ff40     LIBCMT:winxfltr.obj
 0002:00001fd0       __XcptActTabCount          1000ffd0     LIBCMT:winxfltr.obj
 0002:00001fd4       __XcptActTabSize           1000ffd4     LIBCMT:winxfltr.obj
 0002:00001fd8       __First_FPE_Indx           1000ffd8     LIBCMT:winxfltr.obj
 0002:00001fdc       __Num_FPE                  1000ffdc     LIBCMT:winxfltr.obj
 0002:00001fe0       ??_C@_1BK@MGMFAEKH@?$AAk?$AAe?$AAr?$AAn?$AAe?$AAl?$AA3?$AA2?$AA?4?$AAd?$AAl?$AAl?$AA?$AA@ 1000ffe0     LIBCMT:winapisupp.obj
 0002:00001ffc       ??_C@_08KNHFBNJ@FlsAlloc?$AA@ 1000fffc     LIBCMT:winapisupp.obj
 0002:00002008       ??_C@_07PEJMOBNF@FlsFree?$AA@ 10010008     LIBCMT:winapisupp.obj
 0002:00002010       ??_C@_0M@GDNOONDI@FlsGetValue?$AA@ 10010010     LIBCMT:winapisupp.obj
 0002:0000201c       ??_C@_0M@JCPCPOEF@FlsSetValue?$AA@ 1001001c     LIBCMT:winapisupp.obj
 0002:00002028       ??_C@_0BM@HCFOFFN@InitializeCriticalSectionEx?$AA@ 10010028     LIBCMT:winapisupp.obj
 0002:00002044       ??_C@_0P@DLHPPCNH@CreateEventExW?$AA@ 10010044     LIBCMT:winapisupp.obj
 0002:00002054       ??_C@_0BD@KIEEOEEH@CreateSemaphoreExW?$AA@ 10010054     LIBCMT:winapisupp.obj
 0002:00002068       ??_C@_0BI@BKLFFAPO@SetThreadStackGuarantee?$AA@ 10010068     LIBCMT:winapisupp.obj
 0002:00002080       ??_C@_0BG@OGFAJCKC@CreateThreadpoolTimer?$AA@ 10010080     LIBCMT:winapisupp.obj
 0002:00002098       ??_C@_0BD@LPLEMMDI@SetThreadpoolTimer?$AA@ 10010098     LIBCMT:winapisupp.obj
 0002:000020ac       ??_C@_0CA@FMNJENH@WaitForThreadpoolTimerCallbacks?$AA@ 100100ac     LIBCMT:winapisupp.obj
 0002:000020cc       ??_C@_0BF@DCFCCNOC@CloseThreadpoolTimer?$AA@ 100100cc     LIBCMT:winapisupp.obj
 0002:000020e4       ??_C@_0BF@FLABGKKM@CreateThreadpoolWait?$AA@ 100100e4     LIBCMT:winapisupp.obj
 0002:000020fc       ??_C@_0BC@MGCOHNA@SetThreadpoolWait?$AA@ 100100fc     LIBCMT:winapisupp.obj
 0002:00002110       ??_C@_0BE@OCIOMIMP@CloseThreadpoolWait?$AA@ 10010110     LIBCMT:winapisupp.obj
 0002:00002124       ??_C@_0BJ@LKGHFHBO@FlushProcessWriteBuffers?$AA@ 10010124     LIBCMT:winapisupp.obj
 0002:00002140       ??_C@_0BP@KALKKPMO@FreeLibraryWhenCallbackReturns?$AA@ 10010140     LIBCMT:winapisupp.obj
 0002:00002160       ??_C@_0BK@DFNBACLA@GetCurrentProcessorNumber?$AA@ 10010160     LIBCMT:winapisupp.obj
 0002:0000217c       ??_C@_0BP@KHGALBC@GetLogicalProcessorInformation?$AA@ 1001017c     LIBCMT:winapisupp.obj
 0002:0000219c       ??_C@_0BE@FKKLLFLM@CreateSymbolicLinkW?$AA@ 1001019c     LIBCMT:winapisupp.obj
 0002:000021b0       ??_C@_0BJ@OHNKDLIJ@SetDefaultDllDirectories?$AA@ 100101b0     LIBCMT:winapisupp.obj
 0002:000021cc       ??_C@_0BE@LJANKFHF@EnumSystemLocalesEx?$AA@ 100101cc     LIBCMT:winapisupp.obj
 0002:000021e0       ??_C@_0BA@IHGNDAEB@CompareStringEx?$AA@ 100101e0     LIBCMT:winapisupp.obj
 0002:000021f0       ??_C@_0BA@EPCJIIPD@GetDateFormatEx?$AA@ 100101f0     LIBCMT:winapisupp.obj
 0002:00002200       ??_C@_0BA@ONOKGCMP@GetLocaleInfoEx?$AA@ 10010200     LIBCMT:winapisupp.obj
 0002:00002210       ??_C@_0BA@CIJJKCJJ@GetTimeFormatEx?$AA@ 10010210     LIBCMT:winapisupp.obj
 0002:00002220       ??_C@_0BJ@PBCCBIPI@GetUserDefaultLocaleName?$AA@ 10010220     LIBCMT:winapisupp.obj
 0002:0000223c       ??_C@_0BC@CELBKLLA@IsValidLocaleName?$AA@ 1001023c     LIBCMT:winapisupp.obj
 0002:00002250       ??_C@_0O@KKBNKAPF@LCMapStringEx?$AA@ 10010250     LIBCMT:winapisupp.obj
 0002:00002260       ??_C@_0BE@JOGNEJCI@GetCurrentPackageId?$AA@ 10010260     LIBCMT:winapisupp.obj
 0002:00002274       ??_C@_0P@CDHHOHKP@GetTickCount64?$AA@ 10010274     LIBCMT:winapisupp.obj
 0002:00002284       ??_C@_0BO@KPCLFDJJ@GetFileInformationByHandleExW?$AA@ 10010284     LIBCMT:winapisupp.obj
 0002:000022a4       ??_C@_0BM@MHIDLABK@SetFileInformationByHandleW?$AA@ 100102a4     LIBCMT:winapisupp.obj
 0002:000022c0       __pDestructExceptionObject 100102c0     LIBCMT:frame.obj
 0002:000022c4       ??_C@_05KLBDPFGC@e?$CL000?$AA@ 100102c4     LIBCMT:cvt.obj
 0002:000022cc       ??_C@_1BG@GOEBHBDC@?$AAU?$AAS?$AAE?$AAR?$AA3?$AA2?$AA?4?$AAD?$AAL?$AAL?$AA?$AA@ 100102cc     LIBCMT:crtmboxw.obj
 0002:000022e4       ??_C@_0M@DLDCCGNP@MessageBoxW?$AA@ 100102e4     LIBCMT:crtmboxw.obj
 0002:000022f0       ??_C@_0BA@HNOPNCHB@GetActiveWindow?$AA@ 100102f0     LIBCMT:crtmboxw.obj
 0002:00002300       ??_C@_0BD@HHGDFDBJ@GetLastActivePopup?$AA@ 10010300     LIBCMT:crtmboxw.obj
 0002:00002314       ??_C@_0BK@DEKFELLI@GetUserObjectInformationW?$AA@ 10010314     LIBCMT:crtmboxw.obj
 0002:00002330       ??_C@_0BI@DFKBFLJE@GetProcessWindowStation?$AA@ 10010330     LIBCMT:crtmboxw.obj
 0002:00002348       _LcidToLocaleNameTable     10010348     LIBCMT:winapinls.obj
 0002:00002a68       _LocaleNameToIndexTable    10010a68     LIBCMT:winapinls.obj
 0002:00003188       ??_C@_15EMKDOKLE@?$AAa?$AAr?$AA?$AA@ 10011188     LIBCMT:winapinls.obj
 0002:00003190       ??_C@_15KNPADPLH@?$AAb?$AAg?$AA?$AA@ 10011190     LIBCMT:winapinls.obj
 0002:00003198       ??_C@_15EDMHLDMO@?$AAc?$AAa?$AA?$AA@ 10011198     LIBCMT:winapinls.obj
 0002:000031a0       ??_C@_1O@BPEAJADD@?$AAz?$AAh?$AA?9?$AAC?$AAH?$AAS?$AA?$AA@ 100111a0     LIBCMT:winapinls.obj
 0002:000031b0       ??_C@_15LJNHCMNK@?$AAc?$AAs?$AA?$AA@ 100111b0     LIBCMT:winapinls.obj
 0002:000031b8       ??_C@_15FOMCIDHG@?$AAd?$AAa?$AA?$AA@ 100111b8     LIBCMT:winapinls.obj
 0002:000031c0       ??_C@_15NBKABECB@?$AAd?$AAe?$AA?$AA@ 100111c0     LIBCMT:winapinls.obj
 0002:000031c8       ??_C@_15GHPEIIAO@?$AAe?$AAl?$AA?$AA@ 100111c8     LIBCMT:winapinls.obj
 0002:000031d0       ??_C@_15MNPNEAIF@?$AAe?$AAn?$AA?$AA@ 100111d0     LIBCMT:winapinls.obj
 0002:000031d8       ??_C@_15GPIOMPMH@?$AAe?$AAs?$AA?$AA@ 100111d8     LIBCMT:winapinls.obj
 0002:000031e0       ??_C@_15NGLOAKJC@?$AAf?$AAi?$AA?$AA@ 100111e0     LIBCMT:winapinls.obj
 0002:000031e8       ??_C@_15FBKGNKAM@?$AAf?$AAr?$AA?$AA@ 100111e8     LIBCMT:winapinls.obj
 0002:000031f0       ??_C@_15KGGCNEFK@?$AAh?$AAe?$AA?$AA@ 100111f0     LIBCMT:winapinls.obj
 0002:000031f8       ??_C@_15PGHLIDMF@?$AAh?$AAu?$AA?$AA@ 100111f8     LIBCMT:winapinls.obj
 0002:00003200       ??_C@_15BIEMAPLM@?$AAi?$AAs?$AA?$AA@ 10011200     LIBCMT:winapinls.obj
 0002:00003208       ??_C@_15IFJLDHAF@?$AAi?$AAt?$AA?$AA@ 10011208     LIBCMT:winapinls.obj
 0002:00003210       ??_C@_15GEMIOCAG@?$AAj?$AAa?$AA?$AA@ 10011210     LIBCMT:winapinls.obj
 0002:00003218       ??_C@_15EPELEGJA@?$AAk?$AAo?$AA?$AA@ 10011218     LIBCMT:winapinls.obj
 0002:00003220       ??_C@_15NDDHIMN@?$AAn?$AAl?$AA?$AA@ 10011220     LIBCMT:winapinls.obj
 0002:00003228       ??_C@_15BPIGNHCD@?$AAn?$AAo?$AA?$AA@ 10011228     LIBCMT:winapinls.obj
 0002:00003230       ??_C@_15DEOPBLCG@?$AAp?$AAl?$AA?$AA@ 10011230     LIBCMT:winapinls.obj
 0002:00003238       ??_C@_15KBECGEFG@?$AAp?$AAt?$AA?$AA@ 10011238     LIBCMT:winapinls.obj
 0002:00003240       ??_C@_15GLJCBFMD@?$AAr?$AAo?$AA?$AA@ 10011240     LIBCMT:winapinls.obj
 0002:00003248       ??_C@_15FEDGKCDI@?$AAr?$AAu?$AA?$AA@ 10011248     LIBCMT:winapinls.obj
 0002:00003250       ??_C@_15GLKMLLHM@?$AAh?$AAr?$AA?$AA@ 10011250     LIBCMT:winapinls.obj
 0002:00003258       ??_C@_15CPKMFBDB@?$AAs?$AAk?$AA?$AA@ 10011258     LIBCMT:winapinls.obj
 0002:00003260       ??_C@_15BAAIOGMK@?$AAs?$AAq?$AA?$AA@ 10011260     LIBCMT:winapinls.obj
 0002:00003268       ??_C@_15INNPNOHD@?$AAs?$AAv?$AA?$AA@ 10011268     LIBCMT:winapinls.obj
 0002:00003270       ??_C@_15CABMMOGH@?$AAt?$AAh?$AA?$AA@ 10011270     LIBCMT:winapinls.obj
 0002:00003278       ??_C@_15BPLIHJJM@?$AAt?$AAr?$AA?$AA@ 10011278     LIBCMT:winapinls.obj
 0002:00003280       ??_C@_15NEOEKKDJ@?$AAu?$AAr?$AA?$AA@ 10011280     LIBCMT:winapinls.obj
 0002:00003288       ??_C@_15NFICGAJK@?$AAi?$AAd?$AA?$AA@ 10011288     LIBCMT:winapinls.obj
 0002:00003290       ??_C@_15PJPFLCCM@?$AAu?$AAk?$AA?$AA@ 10011290     LIBCMT:winapinls.obj
 0002:00003298       ??_C@_15HPJPHDM@?$AAb?$AAe?$AA?$AA@ 10011298     LIBCMT:winapinls.obj
 0002:000032a0       ??_C@_15LCHLGJII@?$AAs?$AAl?$AA?$AA@ 100112a0     LIBCMT:winapinls.obj
 0002:000032a8       ??_C@_15PCFJPHHO@?$AAe?$AAt?$AA?$AA@ 100112a8     LIBCMT:winapinls.obj
 0002:000032b0       ??_C@_15HPFPGODN@?$AAl?$AAv?$AA?$AA@ 100112b0     LIBCMT:winapinls.obj
 0002:000032b8       ??_C@_15NFFGKGLG@?$AAl?$AAt?$AA?$AA@ 100112b8     LIBCMT:winapinls.obj
 0002:000032c0       ??_C@_15BDAKCCHN@?$AAf?$AAa?$AA?$AA@ 100112c0     LIBCMT:winapinls.obj
 0002:000032c8       ??_C@_15NFGIAIAJ@?$AAv?$AAi?$AA?$AA@ 100112c8     LIBCMT:winapinls.obj
 0002:000032d0       ??_C@_15LMKNDMHN@?$AAh?$AAy?$AA?$AA@ 100112d0     LIBCMT:winapinls.obj
 0002:000032d8       ??_C@_15IJBHMCFL@?$AAa?$AAz?$AA?$AA@ 100112d8     LIBCMT:winapinls.obj
 0002:000032e0       ??_C@_15EKOFJABL@?$AAe?$AAu?$AA?$AA@ 100112e0     LIBCMT:winapinls.obj
 0002:000032e8       ??_C@_15BGHADCNK@?$AAm?$AAk?$AA?$AA@ 100112e8     LIBCMT:winapinls.obj
 0002:000032f0       ??_C@_15JDNICKHM@?$AAa?$AAf?$AA?$AA@ 100112f0     LIBCMT:winapinls.obj
 0002:000032f8       ??_C@_15KPJEDBKD@?$AAk?$AAa?$AA?$AA@ 100112f8     LIBCMT:winapinls.obj
 0002:00003300       ??_C@_15PDNFFFEO@?$AAf?$AAo?$AA?$AA@ 10011300     LIBCMT:winapinls.obj
 0002:00003308       ??_C@_15OMLEGLOC@?$AAh?$AAi?$AA?$AA@ 10011308     LIBCMT:winapinls.obj
 0002:00003310       ??_C@_15IDNNENKK@?$AAm?$AAs?$AA?$AA@ 10011310     LIBCMT:winapinls.obj
 0002:00003318       ??_C@_15MACJNBMH@?$AAk?$AAk?$AA?$AA@ 10011318     LIBCMT:winapinls.obj
 0002:00003320       ??_C@_15DKDJEOND@?$AAk?$AAy?$AA?$AA@ 10011320     LIBCMT:winapinls.obj
 0002:00003328       ??_C@_15DFGDLJBG@?$AAs?$AAw?$AA?$AA@ 10011328     LIBCMT:winapinls.obj
 0002:00003330       ??_C@_15BBFAICNG@?$AAu?$AAz?$AA?$AA@ 10011330     LIBCMT:winapinls.obj
 0002:00003338       ??_C@_15DKNDCGEA@?$AAt?$AAt?$AA?$AA@ 10011338     LIBCMT:winapinls.obj
 0002:00003340       ??_C@_15MGIFMDPL@?$AAp?$AAa?$AA?$AA@ 10011340     LIBCMT:winapinls.obj
 0002:00003348       ??_C@_15HCNDBBA@?$AAg?$AAu?$AA?$AA@ 10011348     LIBCMT:winapinls.obj
 0002:00003350       ??_C@_15FNBEIBON@?$AAt?$AAa?$AA?$AA@ 10011350     LIBCMT:winapinls.obj
 0002:00003358       ??_C@_15NCHGBGLK@?$AAt?$AAe?$AA?$AA@ 10011358     LIBCMT:winapinls.obj
 0002:00003360       ??_C@_15PHPHCBPF@?$AAk?$AAn?$AA?$AA@ 10011360     LIBCMT:winapinls.obj
 0002:00003368       ??_C@_15DLGBCKMP@?$AAm?$AAr?$AA?$AA@ 10011368     LIBCMT:winapinls.obj
 0002:00003370       ??_C@_15EABBLBFF@?$AAs?$AAa?$AA?$AA@ 10011370     LIBCMT:winapinls.obj
 0002:00003378       ??_C@_15CBKOMCOI@?$AAm?$AAn?$AA?$AA@ 10011378     LIBCMT:winapinls.obj
 0002:00003380       ??_C@_15CKDMCJAF@?$AAg?$AAl?$AA?$AA@ 10011380     LIBCMT:winapinls.obj
 0002:00003388       ??_C@_17CNJFBPG@?$AAk?$AAo?$AAk?$AA?$AA@ 10011388     LIBCMT:winapinls.obj
 0002:00003390       ??_C@_17FFBJICPL@?$AAs?$AAy?$AAr?$AA?$AA@ 10011390     LIBCMT:winapinls.obj
 0002:00003398       ??_C@_17KPNDCPAF@?$AAd?$AAi?$AAv?$AA?$AA@ 10011398     LIBCMT:winapinls.obj
 0002:000033a0       ??_C@_11LOCGONAA@?$AA?$AA@ 100113a0     LIBCMT:winapinls.obj
 0002:000033a4       ??_C@_1M@OKAHONE@?$AAa?$AAr?$AA?9?$AAS?$AAA?$AA?$AA@ 100113a4     LIBCMT:winapinls.obj
 0002:000033b0       ??_C@_1M@FFFIGIGK@?$AAb?$AAg?$AA?9?$AAB?$AAG?$AA?$AA@ 100113b0     LIBCMT:winapinls.obj
 0002:000033bc       ??_C@_1M@BJNKEDC@?$AAc?$AAa?$AA?9?$AAE?$AAS?$AA?$AA@ 100113bc     LIBCMT:winapinls.obj
 0002:000033c8       ??_C@_1M@IJJHFJHA@?$AAc?$AAs?$AA?9?$AAC?$AAZ?$AA?$AA@ 100113c8     LIBCMT:winapinls.obj
 0002:000033d4       ??_C@_1M@CLPEOBGI@?$AAd?$AAa?$AA?9?$AAD?$AAK?$AA?$AA@ 100113d4     LIBCMT:winapinls.obj
 0002:000033e0       ??_C@_1M@MCMADGCB@?$AAd?$AAe?$AA?9?$AAD?$AAE?$AA?$AA@ 100113e0     LIBCMT:winapinls.obj
 0002:000033ec       ??_C@_1M@OOCKEMAM@?$AAe?$AAl?$AA?9?$AAG?$AAR?$AA?$AA@ 100113ec     LIBCMT:winapinls.obj
 0002:000033f8       ??_C@_1M@DDNJFGID@?$AAf?$AAi?$AA?9?$AAF?$AAI?$AA?$AA@ 100113f8     LIBCMT:winapinls.obj
 0002:00003404       ??_C@_1M@GLIPPMAC@?$AAf?$AAr?$AA?9?$AAF?$AAR?$AA?$AA@ 10011404     LIBCMT:winapinls.obj
 0002:00003410       ??_C@_1M@GFMCHPE@?$AAh?$AAe?$AA?9?$AAI?$AAL?$AA?$AA@ 10011410     LIBCMT:winapinls.obj
 0002:0000341c       ??_C@_1M@MHLPGNKM@?$AAh?$AAu?$AA?9?$AAH?$AAU?$AA?$AA@ 1001141c     LIBCMT:winapinls.obj
 0002:00003428       ??_C@_1M@LPDDNNPN@?$AAi?$AAs?$AA?9?$AAI?$AAS?$AA?$AA@ 10011428     LIBCMT:winapinls.obj
 0002:00003434       ??_C@_1M@MADIPODN@?$AAi?$AAt?$AA?9?$AAI?$AAT?$AA?$AA@ 10011434     LIBCMT:winapinls.obj
 0002:00003440       ??_C@_1M@IHBJJGG@?$AAn?$AAl?$AA?9?$AAN?$AAL?$AA?$AA@ 10011440     LIBCMT:winapinls.obj
 0002:0000344c       ??_C@_1M@EANAGDL@?$AAn?$AAb?$AA?9?$AAN?$AAO?$AA?$AA@ 1001144c     LIBCMT:winapinls.obj
 0002:00003458       ??_C@_1M@NEIEMEGP@?$AAp?$AAl?$AA?9?$AAP?$AAL?$AA?$AA@ 10011458     LIBCMT:winapinls.obj
 0002:00003464       ??_C@_1M@BOCFIGEP@?$AAp?$AAt?$AA?9?$AAB?$AAR?$AA?$AA@ 10011464     LIBCMT:winapinls.obj
 0002:00003470       ??_C@_1M@IMPFOPBG@?$AAr?$AAo?$AA?9?$AAR?$AAO?$AA?$AA@ 10011470     LIBCMT:winapinls.obj
 0002:0000347c       ??_C@_1M@IDNNEJMM@?$AAr?$AAu?$AA?9?$AAR?$AAU?$AA?$AA@ 1001147c     LIBCMT:winapinls.obj
 0002:00003488       ??_C@_1M@LILEEOGM@?$AAh?$AAr?$AA?9?$AAH?$AAR?$AA?$AA@ 10011488     LIBCMT:winapinls.obj
 0002:00003494       ??_C@_1M@FKIFEHPB@?$AAs?$AAk?$AA?9?$AAS?$AAK?$AA?$AA@ 10011494     LIBCMT:winapinls.obj
 0002:000034a0       ??_C@_1M@LJMAMNPJ@?$AAs?$AAq?$AA?9?$AAA?$AAL?$AA?$AA@ 100114a0     LIBCMT:winapinls.obj
 0002:000034ac       ??_C@_1M@GIAKDKJK@?$AAs?$AAv?$AA?9?$AAS?$AAE?$AA?$AA@ 100114ac     LIBCMT:winapinls.obj
 0002:000034b8       ??_C@_1M@MKJKIKCL@?$AAt?$AAh?$AA?9?$AAT?$AAH?$AA?$AA@ 100114b8     LIBCMT:winapinls.obj
 0002:000034c4       ??_C@_1M@MFLCCMPB@?$AAt?$AAr?$AA?9?$AAT?$AAR?$AA?$AA@ 100114c4     LIBCMT:winapinls.obj
 0002:000034d0       ??_C@_1M@OIJHDKJN@?$AAu?$AAr?$AA?9?$AAP?$AAK?$AA?$AA@ 100114d0     LIBCMT:winapinls.obj
 0002:000034dc       ??_C@_1M@LHIPCIEK@?$AAi?$AAd?$AA?9?$AAI?$AAD?$AA?$AA@ 100114dc     LIBCMT:winapinls.obj
 0002:000034e8       ??_C@_1M@MFMOBGI@?$AAu?$AAk?$AA?9?$AAU?$AAA?$AA?$AA@ 100114e8     LIBCMT:winapinls.obj
 0002:000034f4       ??_C@_1M@OBGLJIPL@?$AAb?$AAe?$AA?9?$AAB?$AAY?$AA?$AA@ 100114f4     LIBCMT:winapinls.obj
 0002:00003500       ??_C@_1M@BCFAJEAD@?$AAs?$AAl?$AA?9?$AAS?$AAI?$AA?$AA@ 10011500     LIBCMT:winapinls.obj
 0002:0000350c       ??_C@_1M@FKFFEDDN@?$AAe?$AAt?$AA?9?$AAE?$AAE?$AA?$AA@ 1001150c     LIBCMT:winapinls.obj
 0002:00003518       ??_C@_1M@KGKKAACI@?$AAl?$AAv?$AA?9?$AAL?$AAV?$AA?$AA@ 10011518     LIBCMT:winapinls.obj
 0002:00003524       ??_C@_1M@IFGBIJO@?$AAl?$AAt?$AA?9?$AAL?$AAT?$AA?$AA@ 10011524     LIBCMT:winapinls.obj
 0002:00003530       ??_C@_1M@FGEAHEDM@?$AAf?$AAa?$AA?9?$AAI?$AAR?$AA?$AA@ 10011530     LIBCMT:winapinls.obj
 0002:0000353c       ??_C@_1M@KBMAIBFN@?$AAv?$AAi?$AA?9?$AAV?$AAN?$AA?$AA@ 1001153c     LIBCMT:winapinls.obj
 0002:00003548       ??_C@_1M@GPCBKDJK@?$AAh?$AAy?$AA?9?$AAA?$AAM?$AA?$AA@ 10011548     LIBCMT:winapinls.obj
 0002:00003554       ??_C@_1BG@BECMDDJB@?$AAa?$AAz?$AA?9?$AAA?$AAZ?$AA?9?$AAL?$AAa?$AAt?$AAn?$AA?$AA@ 10011554     LIBCMT:winapinls.obj
 0002:0000356c       ??_C@_1M@MAOFCAEA@?$AAe?$AAu?$AA?9?$AAE?$AAS?$AA?$AA@ 1001156c     LIBCMT:winapinls.obj
[...]
 0000:fffe4000       .debug$S                   10000000     kernel32:KERNEL32.dll
 0000:fffe4000       .debug$S                   10000000     kernel32:KERNEL32.dll
 0000:fffe4000       .debug$S                   10000000     kernel32:KERNEL32.dll
 0000:fffe4000       .debug$S                   10000000     kernel32:KERNEL32.dll
 0000:fffe4000       .debug$S                   10000000     kernel32:KERNEL32.dll
 0000:fffe4000       .debug$S                   10000000     kernel32:KERNEL32.dll
 0000:fffe4000       .debug$S                   10000000     kernel32:KERNEL32.dll
 0000:fffe4000       .debug$S                   10000000     kernel32:KERNEL32.dll
 0000:fffe4000       .debug$S                   10000000     kernel32:KERNEL32.dll
 0000:fffe4000       .debug$S                   10000000     kernel32:KERNEL32.dll
 0000:fffe4000       .debug$S                   10000000     kernel32:KERNEL32.dll
 0000:fffe4000       .debug$S                   10000000     kernel32:KERNEL32.dll
 0000:fffe4000       .debug$S                   10000000     kernel32:KERNEL32.dll
 0000:fffe4000       .debug$S                   10000000     kernel32:KERNEL32.dll
 0000:fffe4000       .debug$S                   10000000     kernel32:KERNEL32.dll
 0000:fffe4000       .debug$S                   10000000     kernel32:KERNEL32.dll
 0000:fffe4000       .debug$S                   10000000     kernel32:KERNEL32.dll
 0000:fffe4000       .debug$S                   10000000     kernel32:KERNEL32.dll
 0000:fffe4000       .debug$S                   10000000     kernel32:KERNEL32.dll
 0000:fffe4000       .debug$S                   10000000     kernel32:KERNEL32.dll
 0000:fffe4000       .debug$S                   10000000     kernel32:KERNEL32.dll
 0000:fffe4000       .debug$S                   10000000     kernel32:KERNEL32.dll
 0000:fffe4000       .debug$S                   10000000     kernel32:KERNEL32.dll
 0000:fffe4000       .debug$S                   10000000     kernel32:KERNEL32.dll
 0000:fffe4000       .debug$S                   10000000     kernel32:KERNEL32.dll
 0000:fffe4000       .debug$S                   10000000     kernel32:KERNEL32.dll
 0000:fffe4000       .debug$S                   10000000     kernel32:KERNEL32.dll
 0000:fffe4000       .debug$S                   10000000     kernel32:KERNEL32.dll
 0000:fffe4000       .debug$S                   10000000     kernel32:KERNEL32.dll
 0000:fffe4000       .debug$S                   10000000     kernel32:KERNEL32.dll
 0000:fffe4000       .debug$S                   10000000     kernel32:KERNEL32.dll
 0000:fffe4000       .debug$S                   10000000     kernel32:KERNEL32.dll
 0000:fffe4000       .debug$S                   10000000     kernel32:KERNEL32.dll
 0000:fffe4000       .debug$S                   10000000     kernel32:KERNEL32.dll
 0000:fffe4000       .debug$S                   10000000     kernel32:KERNEL32.dll
 0000:fffe4000       .debug$S                   10000000     kernel32:KERNEL32.dll
 0000:fffe4000       .debug$S                   10000000     kernel32:KERNEL32.dll
 0000:fffe4000       .debug$S                   10000000     kernel32:KERNEL32.dll
 0000:fffe4000       .debug$S                   10000000     kernel32:KERNEL32.dll
 0000:fffe4000       .debug$S                   10000000     kernel32:KERNEL32.dll
 0000:fffe4000       .debug$S                   10000000     kernel32:KERNEL32.dll
 0000:fffe4000       .debug$S                   10000000     kernel32:KERNEL32.dll
 0000:fffe4000       .debug$S                   10000000     kernel32:KERNEL32.dll
 0000:fffe4000       .debug$S                   10000000     kernel32:KERNEL32.dll
 0000:fffe4000       .debug$S                   10000000     kernel32:KERNEL32.dll
 0000:fffe4000       .debug$S                   10000000     kernel32:KERNEL32.dll
 0000:fffe4000       .debug$S                   10000000     kernel32:KERNEL32.dll
 0000:fffe4000       .debug$S                   10000000     iojs:node.dll
 0000:fffe4000       .debug$S                   10000000     user32:USER32.dll
 0000:fffe4000       .debug$S                   10000000     user32:USER32.dll
 0000:fffe4000       .debug$S                   10000000     iojs:node.dll
 0000:fffe4000       .debug$S                   10000000     iojs:node.dll
 0000:fffe4000       .debug$S                   10000000     iojs:node.dll
 0000:fffe4000       .debug$S                   10000000     iojs:node.dll
 0000:fffe4000       .debug$S                   10000000     iojs:node.dll
 0000:fffe4000       .debug$S                   10000000     iojs:node.dll
 0001:00000830       __register_windowsapi      10001830 f   * CIL library *:* CIL module *
 0001:000009a0       $$000000                   100019a0     LIBCMT:memmove.obj
 0001:00000bf0       LeadUpVec                  10001bf0     LIBCMT:memmove.obj
 0001:00000c6c       UnwindUpVec                10001c6c     LIBCMT:memmove.obj
 0001:00000cd8       TrailUpVec                 10001cd8     LIBCMT:memmove.obj
 0001:00000d7c       LeadDownVec                10001d7c     LIBCMT:memmove.obj
 0001:00000e08       UnwindDownVec              10001e08     LIBCMT:memmove.obj
 0001:00000e74       TrailDownVec               10001e74     LIBCMT:memmove.obj
 0001:00001121       __onexit_nolock            10002121 f   LIBCMT:onexit.obj
 0001:000014d4       ___DllMainCRTStartup       100024d4 f   LIBCMT:dllcrt0.obj
 0001:00001610       $$000000                   10002610     LIBCMT:memcpy.obj
 0001:00001860       LeadUpVec                  10002860     LIBCMT:memcpy.obj
 0001:000018dc       UnwindUpVec                100028dc     LIBCMT:memcpy.obj
 0001:00001948       TrailUpVec                 10002948     LIBCMT:memcpy.obj
 0001:000019ec       LeadDownVec                100029ec     LIBCMT:memcpy.obj
 0001:00001a78       UnwindDownVec              10002a78     LIBCMT:memcpy.obj
 0001:00001ae4       TrailDownVec               10002ae4     LIBCMT:memcpy.obj
 0001:00001c60       $$000000                   10002c60     LIBCMT:strlen.obj
 0001:00002344       __initterm                 10003344 f   LIBCMT:crt0dat.obj
 0001:000023ae       _doexit                    100033ae f   LIBCMT:crt0dat.obj
 0001:00002810       $$000000                   10003810     LIBCMT:sehprolg4.obj
 0001:00002a60       $$000000                   10003a60     LIBCMT:sqrt.obj
 0001:00004325       $LN277                     10005325     LIBCMT:output.obj
 0001:00004345       _write_char                10005345 f   LIBCMT:output.obj
 0001:0000438d       _write_multi_char          1000538d f   LIBCMT:output.obj
 0001:000043b9       _write_string              100053b9 f   LIBCMT:output.obj
 0001:000047a9       ?CPtoLocaleName@@YAPB_WH@Z 100057a9 f   LIBCMT:mbctype.obj
 0001:000047e3       ?getSystemCP@@YAHH@Z       100057e3 f   LIBCMT:mbctype.obj
 0001:00004851       ?setSBCS@@YAXPAUthreadmbcinfostruct@@@Z 10005851 f   LIBCMT:mbctype.obj
 0001:000048b0       ?setSBUpLow@@YAXPAUthreadmbcinfostruct@@@Z 100058b0 f   LIBCMT:mbctype.obj
 0001:000058a6       _parse_cmdline             100068a6 f   LIBCMT:stdargv.obj
 0001:00006030       $$000000                   10007030     LIBCMT:lowhelpr.obj
 0001:00006150       $$000000                   10007150     LIBCMT:strcmp.obj
 0001:000065fd       __cftoe2_l                 100075fd f   LIBCMT:cvt.obj
 0001:0000681c       __cftof2_l                 1000781c f   LIBCMT:cvt.obj
 0001:00006c52       __shift                    10007c52 f   LIBCMT:cvt.obj
 0001:000071c6       _siglookup                 100081c6 f   LIBCMT:winsig.obj
 0001:00007700       $$000000                   10008700     LIBCMT:exsup4.obj
 0001:00007790       __unwind_handler4          10008790 f   LIBCMT:exsup4.obj
 0001:000079b0       $$000000                   100089b0     LIBCMT:87disp.obj
 0001:00007b80       $$000000                   10008b80     LIBCMT:genexcep.obj
 0001:00007be0       $$000000                   10008be0     LIBCMT:common.obj
 0001:00007d70       $$000000                   10008d70     LIBCMT:memset.obj
 0001:00007f50       _flsall                    10008f50 f   LIBCMT:fflush.obj
 0001:00008390       $$000000                   10009390     LIBCMT:ulldvrm.obj
 0001:00008908       ?__crtLCMapStringA_stat@@YAHPAUlocaleinfo_struct@@PB_WKPBDHPADHHH@Z 10009908 f   LIBCMT:a_map.obj
 0001:00008b52       ?__crtGetStringTypeA_stat@@YAHPAUlocaleinfo_struct@@KPBDHPAGHH@Z 10009b52 f   LIBCMT:a_str.obj
 0001:00008d3b       ?x_ismbbtype_l@@YAHPAUlocaleinfo_struct@@IHH@Z 10009d3b f   LIBCMT:ismbbyte.obj
 0001:00008db0       $$000000                   10009db0     LIBCMT:exsup.obj
 0001:00008dd0       __unwind_handler           10009dd0 f   LIBCMT:exsup.obj
 0001:00008f70       $$000000                   10009f70     LIBCMT:strrchr.obj
 0001:00009400       $$000000                   1000a400     LIBCMT:lldvrm.obj
 0001:000094e0       $$000000                   1000a4e0     LIBCMT:ullshr.obj
 0001:00009570       $$000000                   1000a570     LIBCMT:alloca16.obj
 0001:0000b69e       $LN333                     1000c69e     LIBCMT:strgtold.obj
 0001:0000c0a2       ___hw_cw_sse2              1000d0a2 f   LIBCMT:ieee87.obj
 0001:0000c44d       __hw_cw                    1000d44d f   LIBCMT:ieee87.obj
 0001:0000c4f0       $$000000                   1000d4f0     LIBCMT:chkstk.obj
 0001:0000cbd0       $$000000                   1000dbd0     LIBCMT:llmul.obj
 0001:0000cc20       $$000000                   1000dc20     LIBCMT:ftol3.obj
 0002:00000178       _pinit                     1000e178     LIBCMT:onexit.obj
 0002:0000017c       _pinit                     1000e17c     LIBCMT:cpu_disp.obj
 0002:00000180       _pinit                     1000e180     LIBCMT:_file.obj
 0002:00000184       _pinit                     1000e184     LIBCMT:mbctype.obj
 0002:00000190       _pterm                     1000e190     LIBCMT:wsetloca.obj
 0002:00000194       _pterm                     1000e194     LIBCMT:initcon.obj
 0002:00000198       _pterm                     1000e198     LIBCMT:_file.obj
 0002:00000678       __Win_errtab               1000e678     libcpmt:syserror.obj
 0002:000008d0       __Sys_errtab               1000e8d0     libcpmt:syserror.obj
 0002:00000f4c       _GS_ExceptionPointers      1000ef4c     LIBCMT:gs_report.obj
 0002:00000f80       _rterrs                    1000ef80     LIBCMT:crt0msg.obj
 0002:00001b24       __mb_locale_names          1000fb24     LIBCMT:mbctype.obj
 0002:00001ec0       __first_127char            1000fec0     LIBCMT:wsetloca.obj
 0002:000043d4       One                        100123d4     LIBCMT:87disp.obj
 0002:000043dc       XAMtoTagTab                100123dc     LIBCMT:87disp.obj
 0002:000043f0       One                        100123f0     LIBCMT:common.obj
 0002:00004404       DblMax                     10012404     LIBCMT:common.obj
 0002:0000440c       DblMin                     1001240c     LIBCMT:common.obj
 0002:00004414       IeeeAdjO                   10012414     LIBCMT:common.obj
 0002:0000441c       IeeeAdjU                   1001241c     LIBCMT:common.obj
 0002:00004424       _infinity                  10012424     LIBCMT:common.obj
 0002:0000442c       _zero                      1001242c     LIBCMT:common.obj
 0002:00004ca8       _tokenTable                10012ca8     LIBCMT:undname.obj
 0002:00004ce0       _nameTable                 10012ce0     LIBCMT:undname.obj
 0002:00004e20       _rttiTable                 10012e20     LIBCMT:undname.obj
 0002:000054c0       _Int32ToUInt32             100134c0     LIBCMT:ftol3.obj
 0002:000054d0       _MantissaMask              100134d0     LIBCMT:ftol3.obj
 0002:000054d8       _IntegerBit                100134d8     LIBCMT:ftol3.obj
 0002:000054e0       _SignBit64                 100134e0     LIBCMT:ftol3.obj
 0002:000054e8       _MinFP64                   100134e8     LIBCMT:ftol3.obj
 0002:000054f0       _MinInt64                  100134f0     LIBCMT:ftol3.obj
 0002:000054f8       _MaxInt64                  100134f8     LIBCMT:ftol3.obj
 0002:00005500       _MaxUInt64                 10013500     LIBCMT:ftol3.obj
 0002:00005508       _MaxFP32                   10013508     LIBCMT:ftol3.obj
 0002:00005510       _MinFP32                   10013510     LIBCMT:ftol3.obj
 0002:00005518       _MinSubInexact             10013518     LIBCMT:ftol3.obj
 0002:00005520       _FpExcptTable              10013520     LIBCMT:ftol3.obj
 0002:00005530       _i1075                     10013530     LIBCMT:ftol3.obj
 0002:00005534       _i1087                     10013534     LIBCMT:ftol3.obj
 0002:00005538       _x0800                     10013538     LIBCMT:ftol3.obj
 0002:0000553c       _x17FF                     1001353c     LIBCMT:ftol3.obj
 0002:00005540       _CWMask                    10013540     LIBCMT:ftol3.obj
 0002:00005610       __sehtable$__onexit        10013610     LIBCMT:onexit.obj
 0002:00005630       __sehtable$_printf         10013630     LIBCMT:printf.obj
 0002:00005650       __sehtable$__CRT_INIT@12   10013650     LIBCMT:dllcrt0.obj
 0002:00005670       __sehtable$___DllMainCRTStartup 10013670     LIBCMT:dllcrt0.obj
 0002:00005690       __sehtable$_doexit         10013690     LIBCMT:crt0dat.obj
 0002:000056b0       __sehtable$___set_fpsr_sse2 100136b0     LIBCMT:fpctrl.obj
 0002:000056d0       __sehtable$___updatetlocinfo 100136d0     LIBCMT:localref.obj
 0002:000056f0       __sehtable$___updatetmbcinfo 100136f0     LIBCMT:mbctype.obj
 0002:00005710       __sehtable$__setmbcp       10013710     LIBCMT:mbctype.obj
 0002:00005730       __sehtable$__freefls@4     10013730     LIBCMT:tidtable.obj
 0002:00005758       __sehtable$__initptd       10013758     LIBCMT:tidtable.obj
 0002:00005780       __sehtable$__locterm       10013780     LIBCMT:wsetloca.obj
 0002:000057a0       __sehtable$__ioinit        100137a0     LIBCMT:ioinit.obj
 0002:000057c0       __sehtable$?terminate@@YAXXZ 100137c0     LIBCMT:hooks.obj
 0002:000057e0       __sehtable$___DestructExceptionObject 100137e0     LIBCMT:frame.obj
 0002:00005800       __sehtable$__mtinitlocknum 10013800     LIBCMT:mlock.obj
 0002:00005820       __sehtable$__IsNonwritableInCurrentImage 10013820     LIBCMT:pesect.obj
 0002:00005840       __sehtable$_raise          10013840     LIBCMT:winsig.obj
 0002:00005860       __sehtable$__fcloseall     10013860     LIBCMT:closeall.obj
 0002:00005880       __sehtable$_flsall         10013880     LIBCMT:fflush.obj
 0002:000058a8       __sehtable$_fclose         100138a8     LIBCMT:fclose.obj
 0002:000058c8       __sehtable$__commit        100138c8     LIBCMT:commit.obj
 0002:000058e8       __sehtable$__write         100138e8     LIBCMT:write.obj
 0002:00005908       __sehtable$__lseeki64      10013908     LIBCMT:lseeki64.obj
 0002:00005928       __sehtable$__close         10013928     LIBCMT:close.obj
 0002:00005948       __sehtable$___lock_fhandle 10013948     LIBCMT:osfinfo.obj
 0002:00005970       .edata                     10013970     windowsapi.exp
 0002:00005998       rgpv                       10013998     windowsapi.exp
 0002:0000599c       rgszName                   1001399c     windowsapi.exp
 0002:000059a0       rgwOrd                     100139a0     windowsapi.exp
 0002:000059a2       szName                     100139a2     windowsapi.exp
 0002:000059b2       $N00001                    100139b2     windowsapi.exp
 0002:00005c00       .idata$6                   10013c00     kernel32:KERNEL32.dll
 0002:00005c38       .idata$6                   10013c38     user32:USER32.dll
 0002:00006084       .idata$6                   10014084     iojs:node.dll
 0003:00000018       _errtable                  10015018     LIBCMT:dosmap.obj
 0003:00000180       _ErrnoNoMem                10015180     LIBCMT:dosmap.obj
 0003:00000184       _DoserrorNoMem             10015184     LIBCMT:dosmap.obj
 0003:000001a0       _NAME_                     100151a0     LIBCMT:sqrt.obj
 0003:000001d0       ?_names@?1??_get_fname@@9@9 100151d0     LIBCMT:fpexcept.obj
 0003:000002b8       _over                      100152b8     LIBCMT:fpctrl.obj
 0003:000002c4       _under                     100152c4     LIBCMT:fpctrl.obj
 0003:000002d0       ?__DAZ_ENABLED@?1??__set_fpsr_sse2@@9@9 100152d0     LIBCMT:fpctrl.obj
 0003:00000988       ___rgctypeflag             10015988     LIBCMT:mbctype.obj
 0003:00000990       ___rgcode_page_info        10015990     LIBCMT:mbctype.obj
 0003:00000cb4       __ctype_loc_style          10015cb4     LIBCMT:wsetloca.obj
 0003:00000cf8       ?isPackaged@?1??__crtIsPackagedApp@@9@9 10015cf8     LIBCMT:winapisupp.obj
 0003:00000d28       __locktable                10015d28     LIBCMT:mlock.obj
 0003:00000ee0       _DoubleFormat              10015ee0     LIBCMT:intrncvt.obj
 0003:00000ef8       _FloatFormat               10015ef8     LIBCMT:intrncvt.obj
 0003:000011d8       __module                   100161d8     * CIL library *:* CIL module *
 0003:00001200       _allocator_arg             10016200     libcpmt:syserror.obj
 0003:00001201       _piecewise_construct       10016201     libcpmt:syserror.obj
 0003:00001202       __Tuple_alloc              10016202     libcpmt:xthrow.obj
 0003:00001203       _ignore                    10016203     libcpmt:xthrow.obj
 0003:00001204       _allocator_arg             10016204     libcpmt:xthrow.obj
 0003:00001205       _piecewise_construct       10016205     libcpmt:xthrow.obj
 0003:00001218       ___enable_percent_n        10016218     LIBCMT:printf.obj
 0003:0000121c       ___proc_attached           1001621c     LIBCMT:dllcrt0.obj
 0003:00001230       _GS_ExceptionRecord        10016230     LIBCMT:gs_report.obj
 0003:00001280       _GS_ContextRecord          10016280     LIBCMT:gs_report.obj
 0003:0000154c       _DebuggerWasPresent        1001654c     LIBCMT:gs_report.obj
 0003:000015a0       ?outmsg@?8??_NMSG_WRITE@@9@9 100165a0     LIBCMT:crt0msg.obj
 0003:00001bfc       _fSystemSet                10016bfc     LIBCMT:mbctype.obj
 0003:00001d08       ?_pgmname@?1??_setargv@@9@9 10016d08     LIBCMT:stdargv.obj
 0003:00001e18       ___type_info_root_node     10016e18     LIBCMT:typname.obj
 0003:00001e20       _lclcritsects              10016e20     LIBCMT:mlock.obj
 0003:00001f70       _ctrlc_action              10016f70     LIBCMT:winsig.obj
 0003:00001f74       _ctrlbreak_action          10016f74     LIBCMT:winsig.obj
 0003:00001f78       _abort_action              10016f78     LIBCMT:winsig.obj
 0003:00001f7c       _term_action               10016f7c     LIBCMT:winsig.obj
 0003:00001f80       _ConsoleCtrlHandler_Installed 10016f80     LIBCMT:winsig.obj
 0003:00001f84       _g_pfnRtlGenRandom         10016f84     LIBCMT:rand_s.obj
 0003:00001f8c       ?pfnMessageBox@?1??__crtMessageBoxW@@9@9 10016f8c     LIBCMT:crtmboxw.obj
 0003:00001f90       ?pfnGetActiveWindow@?1??__crtMessageBoxW@@9@9 10016f90     LIBCMT:crtmboxw.obj
 0003:00001f94       ?pfnGetLastActivePopup@?1??__crtMessageBoxW@@9@9 10016f94     LIBCMT:crtmboxw.obj
 0003:00001f98       ?pfnGetProcessWindowStation@?1??__crtMessageBoxW@@9@9 10016f98     LIBCMT:crtmboxw.obj
 0003:00001f9c       ?pfnGetUserObjectInformation@?1??__crtMessageBoxW@@9@9 10016f9c     LIBCMT:crtmboxw.obj
 0003:00001fa0       ___crtCallProc             10016fa0     LIBCMT:winapinls.obj
 0003:00001fd4       _heap                      10016fd4     LIBCMT:undname.obj
 0003:00001ff4       _allocator_arg             10016ff4     * CIL library *:* CIL module *
 0003:00001ff5       _piecewise_construct       10016ff5     * CIL library *:* CIL module *
 0003:00001ff6       _allocator_arg             10016ff6     * CIL library *:* CIL module *
 0003:00001ff7       _piecewise_construct       10016ff7     * CIL library *:* CIL module *
 0004:00000060       $R000000                   10019060     * linker generated manifest res *

 Exports

  ordinal    name

        1    __register_windowsapi_
               exported name: _register_windowsapi_
